MPLINK 5.00, LINKER
Linker Map File - Created Thu Mar 26 00:31:53 2020

                                 Section Info
                  Section       Type    Address   Location Size(Bytes)
                ---------  ---------  ---------  ---------  ---------
               _entry_scn       code   0x000000    program   0x000006
           .code___init.o       code   0x000006    program   0x000002
REMAPPED_HIGH_INTERRUPT_VECTOR       code   0x000008    program   0x000006
      .idata_gameport.o_i    romdata   0x00000e    program   0x000005
REMAPPED_LOW_INTERRUPT_VECTOR       code   0x000018    program   0x000006
                   .cinit    romdata   0x00001e    program   0x00001a
       .code_usb_device.o       code   0x000038    program   0x000aa6
              .code_psx.o       code   0x000ade    program   0x0002bc
             .code_main.o       code   0x000d9a    program   0x00026a
 .code_usb_function_hid.o       code   0x001004    program   0x0001e4
.romdata_usb_descriptors.o    romdata   0x0011e8    program   0x000177
      .romdata_gameport.o    romdata   0x00135f    program   0x000000
      .idata_spi_open.o_i    romdata   0x00135f    program   0x000000
           .romdata_psx.o    romdata   0x00135f    program   0x000000
      .romdata_spi_open.o    romdata   0x00135f    program   0x000000
        .idata___init.o_i    romdata   0x00135f    program   0x000000
        .romdata___init.o    romdata   0x00135f    program   0x000000
         .idata_c018i.o_i    romdata   0x00135f    program   0x000000
         .romdata_c018i.o    romdata   0x00135f    program   0x000000
.idata_usb_descriptors.o_i    romdata   0x00135f    program   0x000000
    .idata_usb_device.o_i    romdata   0x00135f    program   0x000000
    .romdata_usb_device.o    romdata   0x00135f    program   0x000000
.idata_usb_function_hid.o_i    romdata   0x00135f    program   0x000000
          .romdata_main.o    romdata   0x00135f    program   0x000000
          .idata_main.o_i    romdata   0x00135f    program   0x000000
.romdata_usb_function_hid.o    romdata   0x00135f    program   0x000000
            .code_c018i.o       code   0x001360    program   0x000000
         .code_gameport.o       code   0x001360    program   0x0000cc
  .code_usb_descriptors.o       code   0x001360    program   0x000000
               _cinit_scn       code   0x00142c    program   0x00009e
         .code_spi_open.o       code   0x0014ca    program   0x000064
                   STRING       code   0x00152e    program   0x000034
                    .code       code   0x001562    program   0x000020
             _startup_scn       code   0x001582    program   0x00001c
           .idata_psx.o_i    romdata   0x00159e    program   0x000011
    .config_300000_main.o    romdata   0x300000    program   0x000001
    .config_300001_main.o    romdata   0x300001    program   0x000001
    .config_300002_main.o    romdata   0x300002    program   0x000001
    .config_300003_main.o    romdata   0x300003    program   0x000001
    .config_300005_main.o    romdata   0x300005    program   0x000001
    .config_300006_main.o    romdata   0x300006    program   0x000001
    .config_300008_main.o    romdata   0x300008    program   0x000001
    .config_300009_main.o    romdata   0x300009    program   0x000001
    .config_30000a_main.o    romdata   0x30000a    program   0x000001
    .config_30000b_main.o    romdata   0x30000b    program   0x000001
    .config_30000c_main.o    romdata   0x30000c    program   0x000001
    .config_30000d_main.o    romdata   0x30000d    program   0x000001
                 .tmpdata      udata   0x000000       data   0x000003
                MATH_DATA      udata   0x000003       data   0x000002
      .udata_usb_device.o      udata   0x000060       data   0x000037
             .udata_psx.o      udata   0x000097       data   0x00001e
            .udata_main.o      udata   0x0000b5       data   0x000013
             .idata_psx.o      idata   0x0000c8       data   0x000011
           .udata_c018i.o      udata   0x0000d9       data   0x00000a
        .udata_gameport.o      udata   0x0000e3       data   0x000006
        .idata_gameport.o      idata   0x0000e9       data   0x000005
.udata_usb_function_hid.o      udata   0x0000ee       data   0x000003
          .idata___init.o      idata   0x0000f1       data   0x000000
          .udata___init.o      udata   0x0000f1       data   0x000000
        .idata_spi_open.o      idata   0x0000f1       data   0x000000
        .udata_spi_open.o      udata   0x0000f1       data   0x000000
            .idata_main.o      idata   0x0000f1       data   0x000000
           .idata_c018i.o      idata   0x0000f1       data   0x000000
.idata_usb_function_hid.o      idata   0x0000f1       data   0x000000
      .idata_usb_device.o      idata   0x0000f1       data   0x000000
 .udata_usb_descriptors.o      udata   0x0000f1       data   0x000000
 .idata_usb_descriptors.o      idata   0x0000f1       data   0x000000
                   .stack      udata   0x000300       data   0x000100
                  USB_BDT      udata   0x000400       data   0x000051
            SFR_UNBANKED0      udata   0x000f66       data   0x00009a



                              Program Memory Usage 
                               Start         End      
                           ---------   ---------      
                            0x000000    0x000012      
                            0x000018    0x00135e      
                            0x001360    0x0015ae      
                            0x300000    0x300003      
                            0x300005    0x300006      
                            0x300008    0x30000d      
            5557 out of 33048 program addresses used, program memory utilization is 16%



                              Symbols - Sorted by Name
                     Name    Address   Location    Storage File                     
                ---------  ---------  ---------  --------- ---------                
            GAMEPORT_Init   0x001360    program     extern E:\Progetti\joy\Firmware\PS2ToHID\gameport.c
            GAMEPORT_Task   0x0013b4    program     extern E:\Progetti\joy\Firmware\PS2ToHID\gameport.c
      HIDGetReportHandler   0x001172    program     extern E:\Progetti\joy\Firmware\PS2ToHID\Microchip\Usb\HID Device Driver\usb_function_hid.c
                HIDInitEP   0x001176    program     extern E:\Progetti\joy\Firmware\PS2ToHID\Microchip\Usb\HID Device Driver\usb_function_hid.c
      HIDSetReportHandler   0x001174    program     extern E:\Progetti\joy\Firmware\PS2ToHID\Microchip\Usb\HID Device Driver\usb_function_hid.c
         InitializeSystem   0x000dc0    program     static E:\Progetti\joy\Firmware\PS2ToHID\main.c
                 Joystick   0x000df4    program     extern E:\Progetti\joy\Firmware\PS2ToHID\main.c
                  OpenSPI   0x0014ca    program     extern E:\c18v3.46\pic18-lt\cxx-framework\src\pmc_common\SPI\spi_open.c
                 PS2_Init   0x000ade    program     extern E:\Progetti\joy\Firmware\PS2ToHID\psx.c
                 PS2_Task   0x000bd6    program     extern E:\Progetti\joy\Firmware\PS2ToHID\psx.c
                 PS2_TxRx   0x000b3e    program     extern E:\Progetti\joy\Firmware\PS2ToHID\psx.c
                ProcessIO   0x000de0    program     extern E:\Progetti\joy\Firmware\PS2ToHID\main.c
        Remapped_High_ISR   0x000008    program     extern E:\Progetti\joy\Firmware\PS2ToHID\main.c
         Remapped_Low_ISR   0x000018    program     extern E:\Progetti\joy\Firmware\PS2ToHID\main.c
       USBCBCheckOtherReq   0x000f3e    program     extern E:\Progetti\joy\Firmware\PS2ToHID\main.c
        USBCBErrorHandler   0x000f3c    program     extern E:\Progetti\joy\Firmware\PS2ToHID\main.c
              USBCBInitEP   0x000f44    program     extern E:\Progetti\joy\Firmware\PS2ToHID\main.c
          USBCBSendResume   0x000f5e    program     extern E:\Progetti\joy\Firmware\PS2ToHID\main.c
    USBCBStdSetDscHandler   0x000f42    program     extern E:\Progetti\joy\Firmware\PS2ToHID\main.c
             USBCBSuspend   0x000f36    program     extern E:\Progetti\joy\Firmware\PS2ToHID\main.c
     USBCBWakeFromSuspend   0x000f38    program     extern E:\Progetti\joy\Firmware\PS2ToHID\main.c
        USBCB_SOF_Handler   0x000f3a    program     extern E:\Progetti\joy\Firmware\PS2ToHID\main.c
       USBCheckHIDRequest   0x001004    program     extern E:\Progetti\joy\Firmware\PS2ToHID\Microchip\Usb\HID Device Driver\usb_function_hid.c
       USBCheckStdRequest   0x00033e    program     extern E:\Progetti\joy\Firmware\PS2ToHID\Microchip\Usb\usb_device.c
    USBClearInterruptFlag   0x0008ee    program     extern E:\Progetti\joy\Firmware\PS2ToHID\Microchip\Usb\usb_device.c
     USBConfigureEndpoint   0x000774    program     extern E:\Progetti\joy\Firmware\PS2ToHID\Microchip\Usb\usb_device.c
         USBCtrlEPService   0x0001c6    program     extern E:\Progetti\joy\Firmware\PS2ToHID\Microchip\Usb\usb_device.c
 USBCtrlEPServiceComplete   0x00057c    program     extern E:\Progetti\joy\Firmware\PS2ToHID\Microchip\Usb\usb_device.c
      USBCtrlTrfInHandler   0x00023c    program     extern E:\Progetti\joy\Firmware\PS2ToHID\Microchip\Usb\usb_device.c
     USBCtrlTrfOutHandler   0x00022c    program     extern E:\Progetti\joy\Firmware\PS2ToHID\Microchip\Usb\usb_device.c
      USBCtrlTrfRxService   0x000690    program     extern E:\Progetti\joy\Firmware\PS2ToHID\Microchip\Usb\usb_device.c
   USBCtrlTrfSetupHandler   0x00020a    program     extern E:\Progetti\joy\Firmware\PS2ToHID\Microchip\Usb\usb_device.c
      USBCtrlTrfTxService   0x0005ec    program     extern E:\Progetti\joy\Firmware\PS2ToHID\Microchip\Usb\usb_device.c
            USBDeviceInit   0x000038    program     extern E:\Progetti\joy\Firmware\PS2ToHID\Microchip\Usb\usb_device.c
           USBDeviceTasks   0x0000a6    program     extern E:\Progetti\joy\Firmware\PS2ToHID\Microchip\Usb\usb_device.c
        USBEnableEndpoint   0x0007e6    program     extern E:\Progetti\joy\Firmware\PS2ToHID\Microchip\Usb\usb_device.c
USBPrepareForNextSetupTrf   0x000292    program     extern E:\Progetti\joy\Firmware\PS2ToHID\Microchip\Usb\usb_device.c
         USBStallEndpoint   0x000830    program     extern E:\Progetti\joy\Firmware\PS2ToHID\Microchip\Usb\usb_device.c
          USBStallHandler   0x000182    program     extern E:\Progetti\joy\Firmware\PS2ToHID\Microchip\Usb\usb_device.c
  USBStdFeatureReqHandler   0x0003e2    program     extern E:\Progetti\joy\Firmware\PS2ToHID\Microchip\Usb\usb_device.c
      USBStdGetDscHandler   0x00049c    program     extern E:\Progetti\joy\Firmware\PS2ToHID\Microchip\Usb\usb_device.c
   USBStdGetStatusHandler   0x000512    program     extern E:\Progetti\joy\Firmware\PS2ToHID\Microchip\Usb\usb_device.c
      USBStdSetCfgHandler   0x000742    program     extern E:\Progetti\joy\Firmware\PS2ToHID\Microchip\Usb\usb_device.c
               USBSuspend   0x0001a6    program     extern E:\Progetti\joy\Firmware\PS2ToHID\Microchip\Usb\usb_device.c
     USBTransferOnePacket   0x00087e    program     extern E:\Progetti\joy\Firmware\PS2ToHID\Microchip\Usb\usb_device.c
       USBWakeFromSuspend   0x0001b2    program     extern E:\Progetti\joy\Firmware\PS2ToHID\Microchip\Usb\usb_device.c
               USB_CD_Ptr   0x001351    program     extern E:\Progetti\joy\Firmware\PS2ToHID\usb_descriptors.c
               USB_SD_Ptr   0x001353    program     extern E:\Progetti\joy\Firmware\PS2ToHID\usb_descriptors.c
                 UserInit   0x000dc8    program     extern E:\Progetti\joy\Firmware\PS2ToHID\main.c
  YourHighPriorityISRCode   0x000d9a    program     extern E:\Progetti\joy\Firmware\PS2ToHID\main.c
   YourLowPriorityISRCode   0x000d9e    program     extern E:\Progetti\joy\Firmware\PS2ToHID\main.c
              _2jContinue   0x00154e    program     static E:\c18v3.46\pic18-lt\cxx-framework\src\traditional\stdclib\memset.asm
                   _3jEnd   0x001558    program     static E:\c18v3.46\pic18-lt\cxx-framework\src\traditional\stdclib\memset.asm
       ___case_0_lbl00009   0x000be4    program     static                          
       ___case_1_lbl00010   0x000c94    program     static                          
      ___default_lbl00011   0x000d44    program     static                          
           ___if_lbl00012   0x000d68    program     static                          
       ___return_lbl00000   0x00000c    program     static                          
       ___return_lbl00000   0x000004    program     static                          
       ___return_lbl00001   0x00001c    program     static                          
       ___return_lbl00001   0x00159c    program     static                          
       ___return_lbl00002   0x0014c8    program     static                          
       ___return_lbl00007   0x000d68    program     static                          
   ___switchexit_lbl00008   0x000d4a    program     static                          
               __config_0   0x300000    program     static E:\Progetti\joy\Firmware\PS2ToHID\main.c
               __config_1   0x300001    program     static E:\Progetti\joy\Firmware\PS2ToHID\main.c
              __config_10   0x30000c    program     static E:\Progetti\joy\Firmware\PS2ToHID\main.c
              __config_11   0x30000d    program     static E:\Progetti\joy\Firmware\PS2ToHID\main.c
               __config_2   0x300002    program     static E:\Progetti\joy\Firmware\PS2ToHID\main.c
               __config_3   0x300003    program     static E:\Progetti\joy\Firmware\PS2ToHID\main.c
               __config_4   0x300005    program     static E:\Progetti\joy\Firmware\PS2ToHID\main.c
               __config_5   0x300006    program     static E:\Progetti\joy\Firmware\PS2ToHID\main.c
               __config_6   0x300008    program     static E:\Progetti\joy\Firmware\PS2ToHID\main.c
               __config_7   0x300009    program     static E:\Progetti\joy\Firmware\PS2ToHID\main.c
               __config_8   0x30000a    program     static E:\Progetti\joy\Firmware\PS2ToHID\main.c
               __config_9   0x30000b    program     static E:\Progetti\joy\Firmware\PS2ToHID\main.c
                   __init   0x000006    program     extern E:\c18v3.46\pic18-lt\cxx-framework\src\traditional\stdclib\__init.c
                   __pa_0   0x000f7a    program     static E:\Progetti\joy\Firmware\PS2ToHID\main.c
                   __pa_0   0x001178    program     static E:\Progetti\joy\Firmware\PS2ToHID\Microchip\Usb\HID Device Driver\usb_function_hid.c
                   __pa_0   0x000918    program     static E:\Progetti\joy\Firmware\PS2ToHID\Microchip\Usb\usb_device.c
                   __pa_0   0x000d6a    program     static E:\Progetti\joy\Firmware\PS2ToHID\psx.c
                   __pa_1   0x000f8a    program     static E:\Progetti\joy\Firmware\PS2ToHID\main.c
                   __pa_1   0x00118c    program     static E:\Progetti\joy\Firmware\PS2ToHID\Microchip\Usb\HID Device Driver\usb_function_hid.c
                   __pa_1   0x000926    program     static E:\Progetti\joy\Firmware\PS2ToHID\Microchip\Usb\usb_device.c
                   __pa_1   0x000d78    program     static E:\Progetti\joy\Firmware\PS2ToHID\psx.c
                  __pa_10   0x00099a    program     static E:\Progetti\joy\Firmware\PS2ToHID\Microchip\Usb\usb_device.c
                  __pa_11   0x0009ac    program     static E:\Progetti\joy\Firmware\PS2ToHID\Microchip\Usb\usb_device.c
                  __pa_12   0x0009c8    program     static E:\Progetti\joy\Firmware\PS2ToHID\Microchip\Usb\usb_device.c
                  __pa_13   0x0009d2    program     static E:\Progetti\joy\Firmware\PS2ToHID\Microchip\Usb\usb_device.c
                  __pa_14   0x0009d8    program     static E:\Progetti\joy\Firmware\PS2ToHID\Microchip\Usb\usb_device.c
                  __pa_15   0x0009dc    program     static E:\Progetti\joy\Firmware\PS2ToHID\Microchip\Usb\usb_device.c
                  __pa_16   0x0009ec    program     static E:\Progetti\joy\Firmware\PS2ToHID\Microchip\Usb\usb_device.c
                  __pa_17   0x0009fc    program     static E:\Progetti\joy\Firmware\PS2ToHID\Microchip\Usb\usb_device.c
                  __pa_18   0x000a0c    program     static E:\Progetti\joy\Firmware\PS2ToHID\Microchip\Usb\usb_device.c
                  __pa_19   0x000a1c    program     static E:\Progetti\joy\Firmware\PS2ToHID\Microchip\Usb\usb_device.c
                   __pa_2   0x0011a0    program     static E:\Progetti\joy\Firmware\PS2ToHID\Microchip\Usb\HID Device Driver\usb_function_hid.c
                   __pa_2   0x00093a    program     static E:\Progetti\joy\Firmware\PS2ToHID\Microchip\Usb\usb_device.c
                   __pa_2   0x000d86    program     static E:\Progetti\joy\Firmware\PS2ToHID\psx.c
                   __pa_2   0x000f9a    program     static E:\Progetti\joy\Firmware\PS2ToHID\main.c
                  __pa_20   0x000a2a    program     static E:\Progetti\joy\Firmware\PS2ToHID\Microchip\Usb\usb_device.c
                  __pa_21   0x000a38    program     static E:\Progetti\joy\Firmware\PS2ToHID\Microchip\Usb\usb_device.c
                  __pa_22   0x000a40    program     static E:\Progetti\joy\Firmware\PS2ToHID\Microchip\Usb\usb_device.c
                  __pa_23   0x000a4a    program     static E:\Progetti\joy\Firmware\PS2ToHID\Microchip\Usb\usb_device.c
                  __pa_24   0x000a56    program     static E:\Progetti\joy\Firmware\PS2ToHID\Microchip\Usb\usb_device.c
                  __pa_25   0x000a62    program     static E:\Progetti\joy\Firmware\PS2ToHID\Microchip\Usb\usb_device.c
                  __pa_26   0x000a6c    program     static E:\Progetti\joy\Firmware\PS2ToHID\Microchip\Usb\usb_device.c
                  __pa_27   0x000a74    program     static E:\Progetti\joy\Firmware\PS2ToHID\Microchip\Usb\usb_device.c
                  __pa_28   0x000a7e    program     static E:\Progetti\joy\Firmware\PS2ToHID\Microchip\Usb\usb_device.c
                  __pa_29   0x000a88    program     static E:\Progetti\joy\Firmware\PS2ToHID\Microchip\Usb\usb_device.c
                   __pa_3   0x000d94    program     static E:\Progetti\joy\Firmware\PS2ToHID\psx.c
                   __pa_3   0x000faa    program     static E:\Progetti\joy\Firmware\PS2ToHID\main.c
                   __pa_3   0x000944    program     static E:\Progetti\joy\Firmware\PS2ToHID\Microchip\Usb\usb_device.c
                   __pa_3   0x0011b4    program     static E:\Progetti\joy\Firmware\PS2ToHID\Microchip\Usb\HID Device Driver\usb_function_hid.c
                  __pa_30   0x000a96    program     static E:\Progetti\joy\Firmware\PS2ToHID\Microchip\Usb\usb_device.c
                  __pa_31   0x000aa6    program     static E:\Progetti\joy\Firmware\PS2ToHID\Microchip\Usb\usb_device.c
                  __pa_32   0x000aac    program     static E:\Progetti\joy\Firmware\PS2ToHID\Microchip\Usb\usb_device.c
                  __pa_33   0x000ab6    program     static E:\Progetti\joy\Firmware\PS2ToHID\Microchip\Usb\usb_device.c
                  __pa_34   0x000abe    program     static E:\Progetti\joy\Firmware\PS2ToHID\Microchip\Usb\usb_device.c
                  __pa_35   0x000ad4    program     static E:\Progetti\joy\Firmware\PS2ToHID\Microchip\Usb\usb_device.c
                   __pa_4   0x000fba    program     static E:\Progetti\joy\Firmware\PS2ToHID\main.c
                   __pa_4   0x00094c    program     static E:\Progetti\joy\Firmware\PS2ToHID\Microchip\Usb\usb_device.c
                   __pa_4   0x0011c2    program     static E:\Progetti\joy\Firmware\PS2ToHID\Microchip\Usb\HID Device Driver\usb_function_hid.c
                   __pa_5   0x000950    program     static E:\Progetti\joy\Firmware\PS2ToHID\Microchip\Usb\usb_device.c
                   __pa_5   0x0011ce    program     static E:\Progetti\joy\Firmware\PS2ToHID\Microchip\Usb\HID Device Driver\usb_function_hid.c
                   __pa_5   0x000fc6    program     static E:\Progetti\joy\Firmware\PS2ToHID\main.c
                   __pa_6   0x000fce    program     static E:\Progetti\joy\Firmware\PS2ToHID\main.c
                   __pa_6   0x0011da    program     static E:\Progetti\joy\Firmware\PS2ToHID\Microchip\Usb\HID Device Driver\usb_function_hid.c
                   __pa_6   0x00095a    program     static E:\Progetti\joy\Firmware\PS2ToHID\Microchip\Usb\usb_device.c
                   __pa_7   0x000fdc    program     static E:\Progetti\joy\Firmware\PS2ToHID\main.c
                   __pa_7   0x000968    program     static E:\Progetti\joy\Firmware\PS2ToHID\Microchip\Usb\usb_device.c
                   __pa_8   0x000ff0    program     static E:\Progetti\joy\Firmware\PS2ToHID\main.c
                   __pa_8   0x000974    program     static E:\Progetti\joy\Firmware\PS2ToHID\Microchip\Usb\usb_device.c
                   __pa_9   0x00097e    program     static E:\Progetti\joy\Firmware\PS2ToHID\Microchip\Usb\usb_device.c
                   __pa_9   0x000ffa    program     static E:\Progetti\joy\Firmware\PS2ToHID\main.c
               __tmplbl_1   0x000d5e    program     static                          
              __tmplbl_25   0x0009d8    program     static                          
              __tmplbl_31   0x0009d8    program     static                          
            __zero_memory   0x001562    program     extern E:\c18v3.46\pic18-lt\cxx-framework\src\traditional\proc\p18f2550.asm
                _do_cinit   0x00142c    program     extern E:\c18v3.46\pic18-lt\cxx-framework\src\traditional\startup\c018i.c
                   _entry   0x000000    program     extern E:\c18v3.46\pic18-lt\cxx-framework\src\traditional\startup\c018i.c
                 _startup   0x001582    program     extern E:\c18v3.46\pic18-lt\cxx-framework\src\traditional\startup\c018i.c
                compare_l   0x001578    program     static E:\c18v3.46\pic18-lt\cxx-framework\src\traditional\proc\p18f2550.asm
        configDescriptor1   0x0011fa    program     extern E:\Progetti\joy\Firmware\PS2ToHID\usb_descriptors.c
                copy_loop   0x00149e    program     static                          
            copy_one_byte   0x0014a4    program     static                          
               device_dsc   0x0011e8    program     extern E:\Progetti\joy\Firmware\PS2ToHID\usb_descriptors.c
                     done   0x0014c8    program     static                          
             done_copying   0x0014b2    program     static                          
                hid_rpt01   0x0012d6    program     extern E:\Progetti\joy\Firmware\PS2ToHID\usb_descriptors.c
                hid_rpt02   0x001320    program     extern E:\Progetti\joy\Firmware\PS2ToHID\usb_descriptors.c
                     jEnd   0x001560    program     static E:\c18v3.46\pic18-lt\cxx-framework\src\traditional\stdclib\memset.asm
                    jLoop   0x001542    program     static E:\c18v3.46\pic18-lt\cxx-framework\src\traditional\stdclib\memset.asm
                     loop   0x001592    program     static                          
                   loop_h   0x001570    program     static E:\c18v3.46\pic18-lt\cxx-framework\src\traditional\proc\p18f2550.asm
                   loop_l   0x00157a    program     static E:\c18v3.46\pic18-lt\cxx-framework\src\traditional\proc\p18f2550.asm
                     main   0x000db6    program     extern E:\Progetti\joy\Firmware\PS2ToHID\main.c
                   memset   0x00152e    program     extern E:\c18v3.46\pic18-lt\cxx-framework\src\traditional\stdclib\memset.asm
                    sd000   0x00124e    program     extern E:\Progetti\joy\Firmware\PS2ToHID\usb_descriptors.c
                    sd001   0x001252    program     extern E:\Progetti\joy\Firmware\PS2ToHID\usb_descriptors.c
                    sd002   0x001286    program     extern E:\Progetti\joy\Firmware\PS2ToHID\usb_descriptors.c
                    sd003   0x0012b0    program     extern E:\Progetti\joy\Firmware\PS2ToHID\usb_descriptors.c
                    sd004   0x0012ba    program     extern E:\Progetti\joy\Firmware\PS2ToHID\usb_descriptors.c
                    sd005   0x0012c4    program     extern E:\Progetti\joy\Firmware\PS2ToHID\usb_descriptors.c
                     test   0x001446    program     static                          
               zero_block   0x001570    program     static E:\c18v3.46\pic18-lt\cxx-framework\src\traditional\proc\p18f2550.asm
                   ADCON0   0x000fc2       data     extern E:\c18v3.46\pic18-lt\cxx-framework\src\traditional\proc\p18f2550.asm
               ADCON0bits   0x000fc2       data     extern E:\c18v3.46\pic18-lt\cxx-framework\src\traditional\proc\p18f2550.asm
                   ADCON1   0x000fc1       data     extern E:\c18v3.46\pic18-lt\cxx-framework\src\traditional\proc\p18f2550.asm
               ADCON1bits   0x000fc1       data     extern E:\c18v3.46\pic18-lt\cxx-framework\src\traditional\proc\p18f2550.asm
                   ADCON2   0x000fc0       data     extern E:\c18v3.46\pic18-lt\cxx-framework\src\traditional\proc\p18f2550.asm
               ADCON2bits   0x000fc0       data     extern E:\c18v3.46\pic18-lt\cxx-framework\src\traditional\proc\p18f2550.asm
                   ADC_Ch   0x0000e9       data     extern E:\Progetti\joy\Firmware\PS2ToHID\gameport.c
                ADC_Kanal   0x0000e8       data     extern E:\Progetti\joy\Firmware\PS2ToHID\gameport.c
                    ADRES   0x000fc3       data     extern E:\c18v3.46\pic18-lt\cxx-framework\src\traditional\proc\p18f2550.asm
                   ADRESH   0x000fc4       data     extern E:\c18v3.46\pic18-lt\cxx-framework\src\traditional\proc\p18f2550.asm
                   ADRESL   0x000fc3       data     extern E:\c18v3.46\pic18-lt\cxx-framework\src\traditional\proc\p18f2550.asm
                  BAUDCON   0x000fb8       data     extern E:\c18v3.46\pic18-lt\cxx-framework\src\traditional\proc\p18f2550.asm
              BAUDCONbits   0x000fb8       data     extern E:\c18v3.46\pic18-lt\cxx-framework\src\traditional\proc\p18f2550.asm
                  BAUDCTL   0x000fb8       data     extern E:\c18v3.46\pic18-lt\cxx-framework\src\traditional\proc\p18f2550.asm
              BAUDCTLbits   0x000fb8       data     extern E:\c18v3.46\pic18-lt\cxx-framework\src\traditional\proc\p18f2550.asm
                      BDT   0x000400       data     extern E:\Progetti\joy\Firmware\PS2ToHID\Microchip\Usb\usb_device.c
                      BSR   0x000fe0       data     extern E:\c18v3.46\pic18-lt\cxx-framework\src\traditional\proc\p18f2550.asm
                   CCP1AS   0x000fb6       data     extern E:\c18v3.46\pic18-lt\cxx-framework\src\traditional\proc\p18f2550.asm
               CCP1ASbits   0x000fb6       data     extern E:\c18v3.46\pic18-lt\cxx-framework\src\traditional\proc\p18f2550.asm
                  CCP1CON   0x000fbd       data     extern E:\c18v3.46\pic18-lt\cxx-framework\src\traditional\proc\p18f2550.asm
              CCP1CONbits   0x000fbd       data     extern E:\c18v3.46\pic18-lt\cxx-framework\src\traditional\proc\p18f2550.asm
                  CCP1DEL   0x000fb7       data     extern E:\c18v3.46\pic18-lt\cxx-framework\src\traditional\proc\p18f2550.asm
              CCP1DELbits   0x000fb7       data     extern E:\c18v3.46\pic18-lt\cxx-framework\src\traditional\proc\p18f2550.asm
                  CCP2CON   0x000fba       data     extern E:\c18v3.46\pic18-lt\cxx-framework\src\traditional\proc\p18f2550.asm
              CCP2CONbits   0x000fba       data     extern E:\c18v3.46\pic18-lt\cxx-framework\src\traditional\proc\p18f2550.asm
                    CCPR1   0x000fbe       data     extern E:\c18v3.46\pic18-lt\cxx-framework\src\traditional\proc\p18f2550.asm
                   CCPR1H   0x000fbf       data     extern E:\c18v3.46\pic18-lt\cxx-framework\src\traditional\proc\p18f2550.asm
                   CCPR1L   0x000fbe       data     extern E:\c18v3.46\pic18-lt\cxx-framework\src\traditional\proc\p18f2550.asm
                    CCPR2   0x000fbb       data     extern E:\c18v3.46\pic18-lt\cxx-framework\src\traditional\proc\p18f2550.asm
                   CCPR2H   0x000fbc       data     extern E:\c18v3.46\pic18-lt\cxx-framework\src\traditional\proc\p18f2550.asm
                   CCPR2L   0x000fbb       data     extern E:\c18v3.46\pic18-lt\cxx-framework\src\traditional\proc\p18f2550.asm
                    CMCON   0x000fb4       data     extern E:\c18v3.46\pic18-lt\cxx-framework\src\traditional\proc\p18f2550.asm
                CMCONbits   0x000fb4       data     extern E:\c18v3.46\pic18-lt\cxx-framework\src\traditional\proc\p18f2550.asm
                   CVRCON   0x000fb5       data     extern E:\c18v3.46\pic18-lt\cxx-framework\src\traditional\proc\p18f2550.asm
               CVRCONbits   0x000fb5       data     extern E:\c18v3.46\pic18-lt\cxx-framework\src\traditional\proc\p18f2550.asm
              CtrlTrfData   0x000428       data     extern E:\Progetti\joy\Firmware\PS2ToHID\Microchip\Usb\usb_device.c
                     DDRA   0x000f92       data     extern E:\c18v3.46\pic18-lt\cxx-framework\src\traditional\proc\p18f2550.asm
                 DDRAbits   0x000f92       data     extern E:\c18v3.46\pic18-lt\cxx-framework\src\traditional\proc\p18f2550.asm
                     DDRB   0x000f93       data     extern E:\c18v3.46\pic18-lt\cxx-framework\src\traditional\proc\p18f2550.asm
                 DDRBbits   0x000f93       data     extern E:\c18v3.46\pic18-lt\cxx-framework\src\traditional\proc\p18f2550.asm
                     DDRC   0x000f94       data     extern E:\c18v3.46\pic18-lt\cxx-framework\src\traditional\proc\p18f2550.asm
                 DDRCbits   0x000f94       data     extern E:\c18v3.46\pic18-lt\cxx-framework\src\traditional\proc\p18f2550.asm
                  ECCP1AS   0x000fb6       data     extern E:\c18v3.46\pic18-lt\cxx-framework\src\traditional\proc\p18f2550.asm
              ECCP1ASbits   0x000fb6       data     extern E:\c18v3.46\pic18-lt\cxx-framework\src\traditional\proc\p18f2550.asm
                 ECCP1DEL   0x000fb7       data     extern E:\c18v3.46\pic18-lt\cxx-framework\src\traditional\proc\p18f2550.asm
             ECCP1DELbits   0x000fb7       data     extern E:\c18v3.46\pic18-lt\cxx-framework\src\traditional\proc\p18f2550.asm
                    EEADR   0x000fa9       data     extern E:\c18v3.46\pic18-lt\cxx-framework\src\traditional\proc\p18f2550.asm
                   EECON1   0x000fa6       data     extern E:\c18v3.46\pic18-lt\cxx-framework\src\traditional\proc\p18f2550.asm
               EECON1bits   0x000fa6       data     extern E:\c18v3.46\pic18-lt\cxx-framework\src\traditional\proc\p18f2550.asm
                   EECON2   0x000fa7       data     extern E:\c18v3.46\pic18-lt\cxx-framework\src\traditional\proc\p18f2550.asm
                   EEDATA   0x000fa8       data     extern E:\c18v3.46\pic18-lt\cxx-framework\src\traditional\proc\p18f2550.asm
                     FSR0   0x000fe9       data     extern E:\c18v3.46\pic18-lt\cxx-framework\src\traditional\proc\p18f2550.asm
                    FSR0H   0x000fea       data     extern E:\c18v3.46\pic18-lt\cxx-framework\src\traditional\proc\p18f2550.asm
                    FSR0L   0x000fe9       data     extern E:\c18v3.46\pic18-lt\cxx-framework\src\traditional\proc\p18f2550.asm
                     FSR1   0x000fe1       data     extern E:\c18v3.46\pic18-lt\cxx-framework\src\traditional\proc\p18f2550.asm
                    FSR1H   0x000fe2       data     extern E:\c18v3.46\pic18-lt\cxx-framework\src\traditional\proc\p18f2550.asm
                    FSR1L   0x000fe1       data     extern E:\c18v3.46\pic18-lt\cxx-framework\src\traditional\proc\p18f2550.asm
                     FSR2   0x000fd9       data     extern E:\c18v3.46\pic18-lt\cxx-framework\src\traditional\proc\p18f2550.asm
                    FSR2H   0x000fda       data     extern E:\c18v3.46\pic18-lt\cxx-framework\src\traditional\proc\p18f2550.asm
                    FSR2L   0x000fd9       data     extern E:\c18v3.46\pic18-lt\cxx-framework\src\traditional\proc\p18f2550.asm
            GAMEPORT_byte   0x0000e3       data     extern E:\Progetti\joy\Firmware\PS2ToHID\gameport.c
                  HLVDCON   0x000fd2       data     extern E:\c18v3.46\pic18-lt\cxx-framework\src\traditional\proc\p18f2550.asm
              HLVDCONbits   0x000fd2       data     extern E:\c18v3.46\pic18-lt\cxx-framework\src\traditional\proc\p18f2550.asm
                    INDF0   0x000fef       data     extern E:\c18v3.46\pic18-lt\cxx-framework\src\traditional\proc\p18f2550.asm
                    INDF1   0x000fe7       data     extern E:\c18v3.46\pic18-lt\cxx-framework\src\traditional\proc\p18f2550.asm
                    INDF2   0x000fdf       data     extern E:\c18v3.46\pic18-lt\cxx-framework\src\traditional\proc\p18f2550.asm
                   INTCON   0x000ff2       data     extern E:\c18v3.46\pic18-lt\cxx-framework\src\traditional\proc\p18f2550.asm
                  INTCON2   0x000ff1       data     extern E:\c18v3.46\pic18-lt\cxx-framework\src\traditional\proc\p18f2550.asm
              INTCON2bits   0x000ff1       data     extern E:\c18v3.46\pic18-lt\cxx-framework\src\traditional\proc\p18f2550.asm
                  INTCON3   0x000ff0       data     extern E:\c18v3.46\pic18-lt\cxx-framework\src\traditional\proc\p18f2550.asm
              INTCON3bits   0x000ff0       data     extern E:\c18v3.46\pic18-lt\cxx-framework\src\traditional\proc\p18f2550.asm
               INTCONbits   0x000ff2       data     extern E:\c18v3.46\pic18-lt\cxx-framework\src\traditional\proc\p18f2550.asm
                     IPR1   0x000f9f       data     extern E:\c18v3.46\pic18-lt\cxx-framework\src\traditional\proc\p18f2550.asm
                 IPR1bits   0x000f9f       data     extern E:\c18v3.46\pic18-lt\cxx-framework\src\traditional\proc\p18f2550.asm
                     IPR2   0x000fa2       data     extern E:\c18v3.46\pic18-lt\cxx-framework\src\traditional\proc\p18f2550.asm
                 IPR2bits   0x000fa2       data     extern E:\c18v3.46\pic18-lt\cxx-framework\src\traditional\proc\p18f2550.asm
             Keyboard_out   0x0000c5       data     extern E:\Progetti\joy\Firmware\PS2ToHID\main.c
                     LATA   0x000f89       data     extern E:\c18v3.46\pic18-lt\cxx-framework\src\traditional\proc\p18f2550.asm
                 LATAbits   0x000f89       data     extern E:\c18v3.46\pic18-lt\cxx-framework\src\traditional\proc\p18f2550.asm
                     LATB   0x000f8a       data     extern E:\c18v3.46\pic18-lt\cxx-framework\src\traditional\proc\p18f2550.asm
                 LATBbits   0x000f8a       data     extern E:\c18v3.46\pic18-lt\cxx-framework\src\traditional\proc\p18f2550.asm
                     LATC   0x000f8b       data     extern E:\c18v3.46\pic18-lt\cxx-framework\src\traditional\proc\p18f2550.asm
                 LATCbits   0x000f8b       data     extern E:\c18v3.46\pic18-lt\cxx-framework\src\traditional\proc\p18f2550.asm
                   LVDCON   0x000fd2       data     extern E:\c18v3.46\pic18-lt\cxx-framework\src\traditional\proc\p18f2550.asm
               LVDCONbits   0x000fd2       data     extern E:\c18v3.46\pic18-lt\cxx-framework\src\traditional\proc\p18f2550.asm
                   OSCCON   0x000fd3       data     extern E:\c18v3.46\pic18-lt\cxx-framework\src\traditional\proc\p18f2550.asm
               OSCCONbits   0x000fd3       data     extern E:\c18v3.46\pic18-lt\cxx-framework\src\traditional\proc\p18f2550.asm
                  OSCTUNE   0x000f9b       data     extern E:\c18v3.46\pic18-lt\cxx-framework\src\traditional\proc\p18f2550.asm
              OSCTUNEbits   0x000f9b       data     extern E:\c18v3.46\pic18-lt\cxx-framework\src\traditional\proc\p18f2550.asm
                       PC   0x000ff9       data     extern E:\c18v3.46\pic18-lt\cxx-framework\src\traditional\proc\p18f2550.asm
                      PCL   0x000ff9       data     extern E:\c18v3.46\pic18-lt\cxx-framework\src\traditional\proc\p18f2550.asm
                   PCLATH   0x000ffa       data     extern E:\c18v3.46\pic18-lt\cxx-framework\src\traditional\proc\p18f2550.asm
                   PCLATU   0x000ffb       data     extern E:\c18v3.46\pic18-lt\cxx-framework\src\traditional\proc\p18f2550.asm
                     PIE1   0x000f9d       data     extern E:\c18v3.46\pic18-lt\cxx-framework\src\traditional\proc\p18f2550.asm
                 PIE1bits   0x000f9d       data     extern E:\c18v3.46\pic18-lt\cxx-framework\src\traditional\proc\p18f2550.asm
                     PIE2   0x000fa0       data     extern E:\c18v3.46\pic18-lt\cxx-framework\src\traditional\proc\p18f2550.asm
                 PIE2bits   0x000fa0       data     extern E:\c18v3.46\pic18-lt\cxx-framework\src\traditional\proc\p18f2550.asm
                     PIR1   0x000f9e       data     extern E:\c18v3.46\pic18-lt\cxx-framework\src\traditional\proc\p18f2550.asm
                 PIR1bits   0x000f9e       data     extern E:\c18v3.46\pic18-lt\cxx-framework\src\traditional\proc\p18f2550.asm
                     PIR2   0x000fa1       data     extern E:\c18v3.46\pic18-lt\cxx-framework\src\traditional\proc\p18f2550.asm
                 PIR2bits   0x000fa1       data     extern E:\c18v3.46\pic18-lt\cxx-framework\src\traditional\proc\p18f2550.asm
                   PLUSW0   0x000feb       data     extern E:\c18v3.46\pic18-lt\cxx-framework\src\traditional\proc\p18f2550.asm
                   PLUSW1   0x000fe3       data     extern E:\c18v3.46\pic18-lt\cxx-framework\src\traditional\proc\p18f2550.asm
                   PLUSW2   0x000fdb       data     extern E:\c18v3.46\pic18-lt\cxx-framework\src\traditional\proc\p18f2550.asm
                    PORTA   0x000f80       data     extern E:\c18v3.46\pic18-lt\cxx-framework\src\traditional\proc\p18f2550.asm
                PORTAbits   0x000f80       data     extern E:\c18v3.46\pic18-lt\cxx-framework\src\traditional\proc\p18f2550.asm
                    PORTB   0x000f81       data     extern E:\c18v3.46\pic18-lt\cxx-framework\src\traditional\proc\p18f2550.asm
                PORTBbits   0x000f81       data     extern E:\c18v3.46\pic18-lt\cxx-framework\src\traditional\proc\p18f2550.asm
                    PORTC   0x000f82       data     extern E:\c18v3.46\pic18-lt\cxx-framework\src\traditional\proc\p18f2550.asm
                PORTCbits   0x000f82       data     extern E:\c18v3.46\pic18-lt\cxx-framework\src\traditional\proc\p18f2550.asm
                    PORTE   0x000f84       data     extern E:\c18v3.46\pic18-lt\cxx-framework\src\traditional\proc\p18f2550.asm
                PORTEbits   0x000f84       data     extern E:\c18v3.46\pic18-lt\cxx-framework\src\traditional\proc\p18f2550.asm
                 POSTDEC0   0x000fed       data     extern E:\c18v3.46\pic18-lt\cxx-framework\src\traditional\proc\p18f2550.asm
                 POSTDEC1   0x000fe5       data     extern E:\c18v3.46\pic18-lt\cxx-framework\src\traditional\proc\p18f2550.asm
                 POSTDEC2   0x000fdd       data     extern E:\c18v3.46\pic18-lt\cxx-framework\src\traditional\proc\p18f2550.asm
                 POSTINC0   0x000fee       data     extern E:\c18v3.46\pic18-lt\cxx-framework\src\traditional\proc\p18f2550.asm
                 POSTINC1   0x000fe6       data     extern E:\c18v3.46\pic18-lt\cxx-framework\src\traditional\proc\p18f2550.asm
                 POSTINC2   0x000fde       data     extern E:\c18v3.46\pic18-lt\cxx-framework\src\traditional\proc\p18f2550.asm
                      PR2   0x000fcb       data     extern E:\c18v3.46\pic18-lt\cxx-framework\src\traditional\proc\p18f2550.asm
                  PREINC0   0x000fec       data     extern E:\c18v3.46\pic18-lt\cxx-framework\src\traditional\proc\p18f2550.asm
                  PREINC1   0x000fe4       data     extern E:\c18v3.46\pic18-lt\cxx-framework\src\traditional\proc\p18f2550.asm
                  PREINC2   0x000fdc       data     extern E:\c18v3.46\pic18-lt\cxx-framework\src\traditional\proc\p18f2550.asm
                     PROD   0x000ff3       data     extern E:\c18v3.46\pic18-lt\cxx-framework\src\traditional\proc\p18f2550.asm
                    PRODH   0x000ff4       data     extern E:\c18v3.46\pic18-lt\cxx-framework\src\traditional\proc\p18f2550.asm
                    PRODL   0x000ff3       data     extern E:\c18v3.46\pic18-lt\cxx-framework\src\traditional\proc\p18f2550.asm
               PS2_HatMap   0x0000c8       data     extern E:\Progetti\joy\Firmware\PS2ToHID\psx.c
                PS2_JoyCh   0x0000d8       data     static E:\Progetti\joy\Firmware\PS2ToHID\psx.c
                PS2_byte0   0x000097       data     extern E:\Progetti\joy\Firmware\PS2ToHID\psx.c
                PS2_byte1   0x0000a0       data     extern E:\Progetti\joy\Firmware\PS2ToHID\psx.c
             PS2_pressure   0x0000a9       data     extern E:\Progetti\joy\Firmware\PS2ToHID\psx.c
                     RCON   0x000fd0       data     extern E:\c18v3.46\pic18-lt\cxx-framework\src\traditional\proc\p18f2550.asm
                 RCONbits   0x000fd0       data     extern E:\c18v3.46\pic18-lt\cxx-framework\src\traditional\proc\p18f2550.asm
                    RCREG   0x000fae       data     extern E:\c18v3.46\pic18-lt\cxx-framework\src\traditional\proc\p18f2550.asm
                    RCSTA   0x000fab       data     extern E:\c18v3.46\pic18-lt\cxx-framework\src\traditional\proc\p18f2550.asm
                RCSTAbits   0x000fab       data     extern E:\c18v3.46\pic18-lt\cxx-framework\src\traditional\proc\p18f2550.asm
             RemoteWakeup   0x000089       data     extern E:\Progetti\joy\Firmware\PS2ToHID\Microchip\Usb\usb_device.c
                     SIGN   0x000003       data     extern E:\c18v3.46\pic18-lt\cxx-framework\src\traditional\math\cmath18.asm
                    SPBRG   0x000faf       data     extern E:\c18v3.46\pic18-lt\cxx-framework\src\traditional\proc\p18f2550.asm
                   SPBRGH   0x000fb0       data     extern E:\c18v3.46\pic18-lt\cxx-framework\src\traditional\proc\p18f2550.asm
                   SSPADD   0x000fc8       data     extern E:\c18v3.46\pic18-lt\cxx-framework\src\traditional\proc\p18f2550.asm
                   SSPBUF   0x000fc9       data     extern E:\c18v3.46\pic18-lt\cxx-framework\src\traditional\proc\p18f2550.asm
                  SSPCON1   0x000fc6       data     extern E:\c18v3.46\pic18-lt\cxx-framework\src\traditional\proc\p18f2550.asm
              SSPCON1bits   0x000fc6       data     extern E:\c18v3.46\pic18-lt\cxx-framework\src\traditional\proc\p18f2550.asm
                  SSPCON2   0x000fc5       data     extern E:\c18v3.46\pic18-lt\cxx-framework\src\traditional\proc\p18f2550.asm
              SSPCON2bits   0x000fc5       data     extern E:\c18v3.46\pic18-lt\cxx-framework\src\traditional\proc\p18f2550.asm
                  SSPSTAT   0x000fc7       data     extern E:\c18v3.46\pic18-lt\cxx-framework\src\traditional\proc\p18f2550.asm
              SSPSTATbits   0x000fc7       data     extern E:\c18v3.46\pic18-lt\cxx-framework\src\traditional\proc\p18f2550.asm
                   STATUS   0x000fd8       data     extern E:\c18v3.46\pic18-lt\cxx-framework\src\traditional\proc\p18f2550.asm
               STATUSbits   0x000fd8       data     extern E:\c18v3.46\pic18-lt\cxx-framework\src\traditional\proc\p18f2550.asm
                   STKPTR   0x000ffc       data     extern E:\c18v3.46\pic18-lt\cxx-framework\src\traditional\proc\p18f2550.asm
               STKPTRbits   0x000ffc       data     extern E:\c18v3.46\pic18-lt\cxx-framework\src\traditional\proc\p18f2550.asm
                 SetupPkt   0x000420       data     extern E:\Progetti\joy\Firmware\PS2ToHID\Microchip\Usb\usb_device.c
                    T0CON   0x000fd5       data     extern E:\c18v3.46\pic18-lt\cxx-framework\src\traditional\proc\p18f2550.asm
                T0CONbits   0x000fd5       data     extern E:\c18v3.46\pic18-lt\cxx-framework\src\traditional\proc\p18f2550.asm
                    T1CON   0x000fcd       data     extern E:\c18v3.46\pic18-lt\cxx-framework\src\traditional\proc\p18f2550.asm
                T1CONbits   0x000fcd       data     extern E:\c18v3.46\pic18-lt\cxx-framework\src\traditional\proc\p18f2550.asm
                    T2CON   0x000fca       data     extern E:\c18v3.46\pic18-lt\cxx-framework\src\traditional\proc\p18f2550.asm
                T2CONbits   0x000fca       data     extern E:\c18v3.46\pic18-lt\cxx-framework\src\traditional\proc\p18f2550.asm
                    T3CON   0x000fb1       data     extern E:\c18v3.46\pic18-lt\cxx-framework\src\traditional\proc\p18f2550.asm
                T3CONbits   0x000fb1       data     extern E:\c18v3.46\pic18-lt\cxx-framework\src\traditional\proc\p18f2550.asm
                   TABLAT   0x000ff5       data     extern E:\c18v3.46\pic18-lt\cxx-framework\src\traditional\proc\p18f2550.asm
                   TBLPTR   0x000ff6       data     extern E:\c18v3.46\pic18-lt\cxx-framework\src\traditional\proc\p18f2550.asm
                  TBLPTRH   0x000ff7       data     extern E:\c18v3.46\pic18-lt\cxx-framework\src\traditional\proc\p18f2550.asm
                  TBLPTRL   0x000ff6       data     extern E:\c18v3.46\pic18-lt\cxx-framework\src\traditional\proc\p18f2550.asm
                  TBLPTRU   0x000ff8       data     extern E:\c18v3.46\pic18-lt\cxx-framework\src\traditional\proc\p18f2550.asm
                    TMR0H   0x000fd7       data     extern E:\c18v3.46\pic18-lt\cxx-framework\src\traditional\proc\p18f2550.asm
                    TMR0L   0x000fd6       data     extern E:\c18v3.46\pic18-lt\cxx-framework\src\traditional\proc\p18f2550.asm
                    TMR1H   0x000fcf       data     extern E:\c18v3.46\pic18-lt\cxx-framework\src\traditional\proc\p18f2550.asm
                    TMR1L   0x000fce       data     extern E:\c18v3.46\pic18-lt\cxx-framework\src\traditional\proc\p18f2550.asm
                     TMR2   0x000fcc       data     extern E:\c18v3.46\pic18-lt\cxx-framework\src\traditional\proc\p18f2550.asm
                    TMR3H   0x000fb3       data     extern E:\c18v3.46\pic18-lt\cxx-framework\src\traditional\proc\p18f2550.asm
                    TMR3L   0x000fb2       data     extern E:\c18v3.46\pic18-lt\cxx-framework\src\traditional\proc\p18f2550.asm
                      TOS   0x000ffd       data     extern E:\c18v3.46\pic18-lt\cxx-framework\src\traditional\proc\p18f2550.asm
                     TOSH   0x000ffe       data     extern E:\c18v3.46\pic18-lt\cxx-framework\src\traditional\proc\p18f2550.asm
                     TOSL   0x000ffd       data     extern E:\c18v3.46\pic18-lt\cxx-framework\src\traditional\proc\p18f2550.asm
                     TOSU   0x000fff       data     extern E:\c18v3.46\pic18-lt\cxx-framework\src\traditional\proc\p18f2550.asm
                    TRISA   0x000f92       data     extern E:\c18v3.46\pic18-lt\cxx-framework\src\traditional\proc\p18f2550.asm
                TRISAbits   0x000f92       data     extern E:\c18v3.46\pic18-lt\cxx-framework\src\traditional\proc\p18f2550.asm
                    TRISB   0x000f93       data     extern E:\c18v3.46\pic18-lt\cxx-framework\src\traditional\proc\p18f2550.asm
                TRISBbits   0x000f93       data     extern E:\c18v3.46\pic18-lt\cxx-framework\src\traditional\proc\p18f2550.asm
                    TRISC   0x000f94       data     extern E:\c18v3.46\pic18-lt\cxx-framework\src\traditional\proc\p18f2550.asm
                TRISCbits   0x000f94       data     extern E:\c18v3.46\pic18-lt\cxx-framework\src\traditional\proc\p18f2550.asm
                    TXREG   0x000fad       data     extern E:\c18v3.46\pic18-lt\cxx-framework\src\traditional\proc\p18f2550.asm
                    TXSTA   0x000fac       data     extern E:\c18v3.46\pic18-lt\cxx-framework\src\traditional\proc\p18f2550.asm
                TXSTAbits   0x000fac       data     extern E:\c18v3.46\pic18-lt\cxx-framework\src\traditional\proc\p18f2550.asm
                    UADDR   0x000f6e       data     extern E:\c18v3.46\pic18-lt\cxx-framework\src\traditional\proc\p18f2550.asm
                UADDRbits   0x000f6e       data     extern E:\c18v3.46\pic18-lt\cxx-framework\src\traditional\proc\p18f2550.asm
                     UCFG   0x000f6f       data     extern E:\c18v3.46\pic18-lt\cxx-framework\src\traditional\proc\p18f2550.asm
                 UCFGbits   0x000f6f       data     extern E:\c18v3.46\pic18-lt\cxx-framework\src\traditional\proc\p18f2550.asm
                     UCON   0x000f6d       data     extern E:\c18v3.46\pic18-lt\cxx-framework\src\traditional\proc\p18f2550.asm
                 UCONbits   0x000f6d       data     extern E:\c18v3.46\pic18-lt\cxx-framework\src\traditional\proc\p18f2550.asm
                     UEIE   0x000f6b       data     extern E:\c18v3.46\pic18-lt\cxx-framework\src\traditional\proc\p18f2550.asm
                 UEIEbits   0x000f6b       data     extern E:\c18v3.46\pic18-lt\cxx-framework\src\traditional\proc\p18f2550.asm
                     UEIR   0x000f6a       data     extern E:\c18v3.46\pic18-lt\cxx-framework\src\traditional\proc\p18f2550.asm
                 UEIRbits   0x000f6a       data     extern E:\c18v3.46\pic18-lt\cxx-framework\src\traditional\proc\p18f2550.asm
                     UEP0   0x000f70       data     extern E:\c18v3.46\pic18-lt\cxx-framework\src\traditional\proc\p18f2550.asm
                 UEP0bits   0x000f70       data     extern E:\c18v3.46\pic18-lt\cxx-framework\src\traditional\proc\p18f2550.asm
                     UEP1   0x000f71       data     extern E:\c18v3.46\pic18-lt\cxx-framework\src\traditional\proc\p18f2550.asm
                    UEP10   0x000f7a       data     extern E:\c18v3.46\pic18-lt\cxx-framework\src\traditional\proc\p18f2550.asm
                UEP10bits   0x000f7a       data     extern E:\c18v3.46\pic18-lt\cxx-framework\src\traditional\proc\p18f2550.asm
                    UEP11   0x000f7b       data     extern E:\c18v3.46\pic18-lt\cxx-framework\src\traditional\proc\p18f2550.asm
                UEP11bits   0x000f7b       data     extern E:\c18v3.46\pic18-lt\cxx-framework\src\traditional\proc\p18f2550.asm
                    UEP12   0x000f7c       data     extern E:\c18v3.46\pic18-lt\cxx-framework\src\traditional\proc\p18f2550.asm
                UEP12bits   0x000f7c       data     extern E:\c18v3.46\pic18-lt\cxx-framework\src\traditional\proc\p18f2550.asm
                    UEP13   0x000f7d       data     extern E:\c18v3.46\pic18-lt\cxx-framework\src\traditional\proc\p18f2550.asm
                UEP13bits   0x000f7d       data     extern E:\c18v3.46\pic18-lt\cxx-framework\src\traditional\proc\p18f2550.asm
                    UEP14   0x000f7e       data     extern E:\c18v3.46\pic18-lt\cxx-framework\src\traditional\proc\p18f2550.asm
                UEP14bits   0x000f7e       data     extern E:\c18v3.46\pic18-lt\cxx-framework\src\traditional\proc\p18f2550.asm
                    UEP15   0x000f7f       data     extern E:\c18v3.46\pic18-lt\cxx-framework\src\traditional\proc\p18f2550.asm
                UEP15bits   0x000f7f       data     extern E:\c18v3.46\pic18-lt\cxx-framework\src\traditional\proc\p18f2550.asm
                 UEP1bits   0x000f71       data     extern E:\c18v3.46\pic18-lt\cxx-framework\src\traditional\proc\p18f2550.asm
                     UEP2   0x000f72       data     extern E:\c18v3.46\pic18-lt\cxx-framework\src\traditional\proc\p18f2550.asm
                 UEP2bits   0x000f72       data     extern E:\c18v3.46\pic18-lt\cxx-framework\src\traditional\proc\p18f2550.asm
                     UEP3   0x000f73       data     extern E:\c18v3.46\pic18-lt\cxx-framework\src\traditional\proc\p18f2550.asm
                 UEP3bits   0x000f73       data     extern E:\c18v3.46\pic18-lt\cxx-framework\src\traditional\proc\p18f2550.asm
                     UEP4   0x000f74       data     extern E:\c18v3.46\pic18-lt\cxx-framework\src\traditional\proc\p18f2550.asm
                 UEP4bits   0x000f74       data     extern E:\c18v3.46\pic18-lt\cxx-framework\src\traditional\proc\p18f2550.asm
                     UEP5   0x000f75       data     extern E:\c18v3.46\pic18-lt\cxx-framework\src\traditional\proc\p18f2550.asm
                 UEP5bits   0x000f75       data     extern E:\c18v3.46\pic18-lt\cxx-framework\src\traditional\proc\p18f2550.asm
                     UEP6   0x000f76       data     extern E:\c18v3.46\pic18-lt\cxx-framework\src\traditional\proc\p18f2550.asm
                 UEP6bits   0x000f76       data     extern E:\c18v3.46\pic18-lt\cxx-framework\src\traditional\proc\p18f2550.asm
                     UEP7   0x000f77       data     extern E:\c18v3.46\pic18-lt\cxx-framework\src\traditional\proc\p18f2550.asm
                 UEP7bits   0x000f77       data     extern E:\c18v3.46\pic18-lt\cxx-framework\src\traditional\proc\p18f2550.asm
                     UEP8   0x000f78       data     extern E:\c18v3.46\pic18-lt\cxx-framework\src\traditional\proc\p18f2550.asm
                 UEP8bits   0x000f78       data     extern E:\c18v3.46\pic18-lt\cxx-framework\src\traditional\proc\p18f2550.asm
                     UEP9   0x000f79       data     extern E:\c18v3.46\pic18-lt\cxx-framework\src\traditional\proc\p18f2550.asm
                 UEP9bits   0x000f79       data     extern E:\c18v3.46\pic18-lt\cxx-framework\src\traditional\proc\p18f2550.asm
                     UFRM   0x000f66       data     extern E:\c18v3.46\pic18-lt\cxx-framework\src\traditional\proc\p18f2550.asm
                    UFRMH   0x000f67       data     extern E:\c18v3.46\pic18-lt\cxx-framework\src\traditional\proc\p18f2550.asm
                UFRMHbits   0x000f67       data     extern E:\c18v3.46\pic18-lt\cxx-framework\src\traditional\proc\p18f2550.asm
                    UFRML   0x000f66       data     extern E:\c18v3.46\pic18-lt\cxx-framework\src\traditional\proc\p18f2550.asm
                UFRMLbits   0x000f66       data     extern E:\c18v3.46\pic18-lt\cxx-framework\src\traditional\proc\p18f2550.asm
                      UIE   0x000f69       data     extern E:\c18v3.46\pic18-lt\cxx-framework\src\traditional\proc\p18f2550.asm
                  UIEbits   0x000f69       data     extern E:\c18v3.46\pic18-lt\cxx-framework\src\traditional\proc\p18f2550.asm
                      UIR   0x000f68       data     extern E:\c18v3.46\pic18-lt\cxx-framework\src\traditional\proc\p18f2550.asm
                  UIRbits   0x000f68       data     extern E:\c18v3.46\pic18-lt\cxx-framework\src\traditional\proc\p18f2550.asm
   USBActiveConfiguration   0x000061       data     extern E:\Progetti\joy\Firmware\PS2ToHID\Microchip\Usb\usb_device.c
    USBAlternateInterface   0x000062       data     extern E:\Progetti\joy\Firmware\PS2ToHID\Microchip\Usb\usb_device.c
           USBDeviceState   0x000060       data     extern E:\Progetti\joy\Firmware\PS2ToHID\Microchip\Usb\usb_device.c
                USBInData   0x000091       data     extern E:\Progetti\joy\Firmware\PS2ToHID\Microchip\Usb\usb_device.c
       USBInMaxPacketSize   0x00008b       data     extern E:\Progetti\joy\Firmware\PS2ToHID\Microchip\Usb\usb_device.c
                    USTAT   0x000f6c       data     extern E:\c18v3.46\pic18-lt\cxx-framework\src\traditional\proc\p18f2550.asm
                USTATbits   0x000f6c       data     extern E:\c18v3.46\pic18-lt\cxx-framework\src\traditional\proc\p18f2550.asm
                USTATcopy   0x00008a       data     extern E:\Progetti\joy\Firmware\PS2ToHID\Microchip\Usb\usb_device.c
                   WDTCON   0x000fd1       data     extern E:\c18v3.46\pic18-lt\cxx-framework\src\traditional\proc\p18f2550.asm
               WDTCONbits   0x000fd1       data     extern E:\c18v3.46\pic18-lt\cxx-framework\src\traditional\proc\p18f2550.asm
                     WREG   0x000fe8       data     extern E:\c18v3.46\pic18-lt\cxx-framework\src\traditional\proc\p18f2550.asm
                __FPFLAGS   0x000004       data     extern E:\c18v3.46\pic18-lt\cxx-framework\src\traditional\math\cmath18.asm
            __FPFLAGSbits   0x000004       data     extern E:\c18v3.46\pic18-lt\cxx-framework\src\traditional\math\cmath18.asm
                  __tmp_0   0x000000       data     static E:\Progetti\joy\Firmware\PS2ToHID\psx.c
                  __tmp_0   0x000000       data     static E:\Progetti\joy\Firmware\PS2ToHID\main.c
                  __tmp_0   0x000000       data     static E:\Progetti\joy\Firmware\PS2ToHID\Microchip\Usb\usb_device.c
          active_protocol   0x0000ef       data     extern E:\Progetti\joy\Firmware\PS2ToHID\Microchip\Usb\HID Device Driver\usb_function_hid.c
                   buffer   0x0000b7       data     extern E:\Progetti\joy\Firmware\PS2ToHID\main.c
     controlTransferState   0x00007a       data     extern E:\Progetti\joy\Firmware\PS2ToHID\Microchip\Usb\usb_device.c
                curr_byte   0x0000dc       data     static E:\c18v3.46\pic18-lt\cxx-framework\src\traditional\startup\c018i.c
               curr_entry   0x0000de       data     static E:\c18v3.46\pic18-lt\cxx-framework\src\traditional\startup\c018i.c
                 data_ptr   0x0000e0       data     static E:\c18v3.46\pic18-lt\cxx-framework\src\traditional\startup\c018i.c
              delay_count   0x0000c6       data     static E:\Progetti\joy\Firmware\PS2ToHID\main.c
           hid_report_in0   0x000433       data     extern E:\Progetti\joy\Firmware\PS2ToHID\Microchip\Usb\usb_device.c
           hid_report_in1   0x00043e       data     extern E:\Progetti\joy\Firmware\PS2ToHID\Microchip\Usb\usb_device.c
           hid_report_in2   0x000449       data     extern E:\Progetti\joy\Firmware\PS2ToHID\Microchip\Usb\usb_device.c
          hid_report_out0   0x000430       data     extern E:\Progetti\joy\Firmware\PS2ToHID\Microchip\Usb\usb_device.c
          hid_report_out1   0x00043b       data     extern E:\Progetti\joy\Firmware\PS2ToHID\Microchip\Usb\usb_device.c
          hid_report_out2   0x000446       data     extern E:\Progetti\joy\Firmware\PS2ToHID\Microchip\Usb\usb_device.c
           hid_rpt_rx_len   0x0000f0       data     extern E:\Progetti\joy\Firmware\PS2ToHID\Microchip\Usb\HID Device Driver\usb_function_hid.c
                idle_rate   0x0000ee       data     extern E:\Progetti\joy\Firmware\PS2ToHID\Microchip\Usb\HID Device Driver\usb_function_hid.c
                  inPipes   0x00007b       data     extern E:\Progetti\joy\Firmware\PS2ToHID\Microchip\Usb\usb_device.c
     lastTransmissionJoy0   0x0000bf       data     extern E:\Progetti\joy\Firmware\PS2ToHID\main.c
     lastTransmissionJoy1   0x0000c1       data     extern E:\Progetti\joy\Firmware\PS2ToHID\main.c
     lastTransmissionJoy2   0x0000c3       data     extern E:\Progetti\joy\Firmware\PS2ToHID\main.c
                  old_sw2   0x0000b5       data     extern E:\Progetti\joy\Firmware\PS2ToHID\main.c
                  old_sw3   0x0000b6       data     extern E:\Progetti\joy\Firmware\PS2ToHID\main.c
                 outPipes   0x000080       data     extern E:\Progetti\joy\Firmware\PS2ToHID\Microchip\Usb\usb_device.c
   pBDTEntryEP0OutCurrent   0x000065       data     extern E:\Progetti\joy\Firmware\PS2ToHID\Microchip\Usb\usb_device.c
      pBDTEntryEP0OutNext   0x000067       data     extern E:\Progetti\joy\Firmware\PS2ToHID\Microchip\Usb\usb_device.c
              pBDTEntryIn   0x000071       data     extern E:\Progetti\joy\Firmware\PS2ToHID\Microchip\Usb\usb_device.c
             pBDTEntryOut   0x000069       data     extern E:\Progetti\joy\Firmware\PS2ToHID\Microchip\Usb\usb_device.c
                     pDst   0x000087       data     extern E:\Progetti\joy\Firmware\PS2ToHID\Microchip\Usb\usb_device.c
                     prom   0x0000d9       data     static E:\c18v3.46\pic18-lt\cxx-framework\src\traditional\startup\c018i.c
        shortPacketStatus   0x000079       data     extern E:\Progetti\joy\Firmware\PS2ToHID\Microchip\Usb\usb_device.c



                              Symbols - Sorted by Address
                     Name    Address   Location    Storage File                     
                ---------  ---------  ---------  --------- ---------                
                   _entry   0x000000    program     extern E:\c18v3.46\pic18-lt\cxx-framework\src\traditional\startup\c018i.c
       ___return_lbl00000   0x000004    program     static                          
                   __init   0x000006    program     extern E:\c18v3.46\pic18-lt\cxx-framework\src\traditional\stdclib\__init.c
        Remapped_High_ISR   0x000008    program     extern E:\Progetti\joy\Firmware\PS2ToHID\main.c
       ___return_lbl00000   0x00000c    program     static                          
         Remapped_Low_ISR   0x000018    program     extern E:\Progetti\joy\Firmware\PS2ToHID\main.c
       ___return_lbl00001   0x00001c    program     static                          
            USBDeviceInit   0x000038    program     extern E:\Progetti\joy\Firmware\PS2ToHID\Microchip\Usb\usb_device.c
           USBDeviceTasks   0x0000a6    program     extern E:\Progetti\joy\Firmware\PS2ToHID\Microchip\Usb\usb_device.c
          USBStallHandler   0x000182    program     extern E:\Progetti\joy\Firmware\PS2ToHID\Microchip\Usb\usb_device.c
               USBSuspend   0x0001a6    program     extern E:\Progetti\joy\Firmware\PS2ToHID\Microchip\Usb\usb_device.c
       USBWakeFromSuspend   0x0001b2    program     extern E:\Progetti\joy\Firmware\PS2ToHID\Microchip\Usb\usb_device.c
         USBCtrlEPService   0x0001c6    program     extern E:\Progetti\joy\Firmware\PS2ToHID\Microchip\Usb\usb_device.c
   USBCtrlTrfSetupHandler   0x00020a    program     extern E:\Progetti\joy\Firmware\PS2ToHID\Microchip\Usb\usb_device.c
     USBCtrlTrfOutHandler   0x00022c    program     extern E:\Progetti\joy\Firmware\PS2ToHID\Microchip\Usb\usb_device.c
      USBCtrlTrfInHandler   0x00023c    program     extern E:\Progetti\joy\Firmware\PS2ToHID\Microchip\Usb\usb_device.c
USBPrepareForNextSetupTrf   0x000292    program     extern E:\Progetti\joy\Firmware\PS2ToHID\Microchip\Usb\usb_device.c
       USBCheckStdRequest   0x00033e    program     extern E:\Progetti\joy\Firmware\PS2ToHID\Microchip\Usb\usb_device.c
  USBStdFeatureReqHandler   0x0003e2    program     extern E:\Progetti\joy\Firmware\PS2ToHID\Microchip\Usb\usb_device.c
      USBStdGetDscHandler   0x00049c    program     extern E:\Progetti\joy\Firmware\PS2ToHID\Microchip\Usb\usb_device.c
   USBStdGetStatusHandler   0x000512    program     extern E:\Progetti\joy\Firmware\PS2ToHID\Microchip\Usb\usb_device.c
 USBCtrlEPServiceComplete   0x00057c    program     extern E:\Progetti\joy\Firmware\PS2ToHID\Microchip\Usb\usb_device.c
      USBCtrlTrfTxService   0x0005ec    program     extern E:\Progetti\joy\Firmware\PS2ToHID\Microchip\Usb\usb_device.c
      USBCtrlTrfRxService   0x000690    program     extern E:\Progetti\joy\Firmware\PS2ToHID\Microchip\Usb\usb_device.c
      USBStdSetCfgHandler   0x000742    program     extern E:\Progetti\joy\Firmware\PS2ToHID\Microchip\Usb\usb_device.c
     USBConfigureEndpoint   0x000774    program     extern E:\Progetti\joy\Firmware\PS2ToHID\Microchip\Usb\usb_device.c
        USBEnableEndpoint   0x0007e6    program     extern E:\Progetti\joy\Firmware\PS2ToHID\Microchip\Usb\usb_device.c
         USBStallEndpoint   0x000830    program     extern E:\Progetti\joy\Firmware\PS2ToHID\Microchip\Usb\usb_device.c
     USBTransferOnePacket   0x00087e    program     extern E:\Progetti\joy\Firmware\PS2ToHID\Microchip\Usb\usb_device.c
    USBClearInterruptFlag   0x0008ee    program     extern E:\Progetti\joy\Firmware\PS2ToHID\Microchip\Usb\usb_device.c
                   __pa_0   0x000918    program     static E:\Progetti\joy\Firmware\PS2ToHID\Microchip\Usb\usb_device.c
                   __pa_1   0x000926    program     static E:\Progetti\joy\Firmware\PS2ToHID\Microchip\Usb\usb_device.c
                   __pa_2   0x00093a    program     static E:\Progetti\joy\Firmware\PS2ToHID\Microchip\Usb\usb_device.c
                   __pa_3   0x000944    program     static E:\Progetti\joy\Firmware\PS2ToHID\Microchip\Usb\usb_device.c
                   __pa_4   0x00094c    program     static E:\Progetti\joy\Firmware\PS2ToHID\Microchip\Usb\usb_device.c
                   __pa_5   0x000950    program     static E:\Progetti\joy\Firmware\PS2ToHID\Microchip\Usb\usb_device.c
                   __pa_6   0x00095a    program     static E:\Progetti\joy\Firmware\PS2ToHID\Microchip\Usb\usb_device.c
                   __pa_7   0x000968    program     static E:\Progetti\joy\Firmware\PS2ToHID\Microchip\Usb\usb_device.c
                   __pa_8   0x000974    program     static E:\Progetti\joy\Firmware\PS2ToHID\Microchip\Usb\usb_device.c
                   __pa_9   0x00097e    program     static E:\Progetti\joy\Firmware\PS2ToHID\Microchip\Usb\usb_device.c
                  __pa_10   0x00099a    program     static E:\Progetti\joy\Firmware\PS2ToHID\Microchip\Usb\usb_device.c
                  __pa_11   0x0009ac    program     static E:\Progetti\joy\Firmware\PS2ToHID\Microchip\Usb\usb_device.c
                  __pa_12   0x0009c8    program     static E:\Progetti\joy\Firmware\PS2ToHID\Microchip\Usb\usb_device.c
                  __pa_13   0x0009d2    program     static E:\Progetti\joy\Firmware\PS2ToHID\Microchip\Usb\usb_device.c
                  __pa_14   0x0009d8    program     static E:\Progetti\joy\Firmware\PS2ToHID\Microchip\Usb\usb_device.c
              __tmplbl_31   0x0009d8    program     static                          
              __tmplbl_25   0x0009d8    program     static                          
                  __pa_15   0x0009dc    program     static E:\Progetti\joy\Firmware\PS2ToHID\Microchip\Usb\usb_device.c
                  __pa_16   0x0009ec    program     static E:\Progetti\joy\Firmware\PS2ToHID\Microchip\Usb\usb_device.c
                  __pa_17   0x0009fc    program     static E:\Progetti\joy\Firmware\PS2ToHID\Microchip\Usb\usb_device.c
                  __pa_18   0x000a0c    program     static E:\Progetti\joy\Firmware\PS2ToHID\Microchip\Usb\usb_device.c
                  __pa_19   0x000a1c    program     static E:\Progetti\joy\Firmware\PS2ToHID\Microchip\Usb\usb_device.c
                  __pa_20   0x000a2a    program     static E:\Progetti\joy\Firmware\PS2ToHID\Microchip\Usb\usb_device.c
                  __pa_21   0x000a38    program     static E:\Progetti\joy\Firmware\PS2ToHID\Microchip\Usb\usb_device.c
                  __pa_22   0x000a40    program     static E:\Progetti\joy\Firmware\PS2ToHID\Microchip\Usb\usb_device.c
                  __pa_23   0x000a4a    program     static E:\Progetti\joy\Firmware\PS2ToHID\Microchip\Usb\usb_device.c
                  __pa_24   0x000a56    program     static E:\Progetti\joy\Firmware\PS2ToHID\Microchip\Usb\usb_device.c
                  __pa_25   0x000a62    program     static E:\Progetti\joy\Firmware\PS2ToHID\Microchip\Usb\usb_device.c
                  __pa_26   0x000a6c    program     static E:\Progetti\joy\Firmware\PS2ToHID\Microchip\Usb\usb_device.c
                  __pa_27   0x000a74    program     static E:\Progetti\joy\Firmware\PS2ToHID\Microchip\Usb\usb_device.c
                  __pa_28   0x000a7e    program     static E:\Progetti\joy\Firmware\PS2ToHID\Microchip\Usb\usb_device.c
                  __pa_29   0x000a88    program     static E:\Progetti\joy\Firmware\PS2ToHID\Microchip\Usb\usb_device.c
                  __pa_30   0x000a96    program     static E:\Progetti\joy\Firmware\PS2ToHID\Microchip\Usb\usb_device.c
                  __pa_31   0x000aa6    program     static E:\Progetti\joy\Firmware\PS2ToHID\Microchip\Usb\usb_device.c
                  __pa_32   0x000aac    program     static E:\Progetti\joy\Firmware\PS2ToHID\Microchip\Usb\usb_device.c
                  __pa_33   0x000ab6    program     static E:\Progetti\joy\Firmware\PS2ToHID\Microchip\Usb\usb_device.c
                  __pa_34   0x000abe    program     static E:\Progetti\joy\Firmware\PS2ToHID\Microchip\Usb\usb_device.c
                  __pa_35   0x000ad4    program     static E:\Progetti\joy\Firmware\PS2ToHID\Microchip\Usb\usb_device.c
                 PS2_Init   0x000ade    program     extern E:\Progetti\joy\Firmware\PS2ToHID\psx.c
                 PS2_TxRx   0x000b3e    program     extern E:\Progetti\joy\Firmware\PS2ToHID\psx.c
                 PS2_Task   0x000bd6    program     extern E:\Progetti\joy\Firmware\PS2ToHID\psx.c
       ___case_0_lbl00009   0x000be4    program     static                          
       ___case_1_lbl00010   0x000c94    program     static                          
      ___default_lbl00011   0x000d44    program     static                          
   ___switchexit_lbl00008   0x000d4a    program     static                          
               __tmplbl_1   0x000d5e    program     static                          
           ___if_lbl00012   0x000d68    program     static                          
       ___return_lbl00007   0x000d68    program     static                          
                   __pa_0   0x000d6a    program     static E:\Progetti\joy\Firmware\PS2ToHID\psx.c
                   __pa_1   0x000d78    program     static E:\Progetti\joy\Firmware\PS2ToHID\psx.c
                   __pa_2   0x000d86    program     static E:\Progetti\joy\Firmware\PS2ToHID\psx.c
                   __pa_3   0x000d94    program     static E:\Progetti\joy\Firmware\PS2ToHID\psx.c
  YourHighPriorityISRCode   0x000d9a    program     extern E:\Progetti\joy\Firmware\PS2ToHID\main.c
   YourLowPriorityISRCode   0x000d9e    program     extern E:\Progetti\joy\Firmware\PS2ToHID\main.c
                     main   0x000db6    program     extern E:\Progetti\joy\Firmware\PS2ToHID\main.c
         InitializeSystem   0x000dc0    program     static E:\Progetti\joy\Firmware\PS2ToHID\main.c
                 UserInit   0x000dc8    program     extern E:\Progetti\joy\Firmware\PS2ToHID\main.c
                ProcessIO   0x000de0    program     extern E:\Progetti\joy\Firmware\PS2ToHID\main.c
                 Joystick   0x000df4    program     extern E:\Progetti\joy\Firmware\PS2ToHID\main.c
             USBCBSuspend   0x000f36    program     extern E:\Progetti\joy\Firmware\PS2ToHID\main.c
     USBCBWakeFromSuspend   0x000f38    program     extern E:\Progetti\joy\Firmware\PS2ToHID\main.c
        USBCB_SOF_Handler   0x000f3a    program     extern E:\Progetti\joy\Firmware\PS2ToHID\main.c
        USBCBErrorHandler   0x000f3c    program     extern E:\Progetti\joy\Firmware\PS2ToHID\main.c
       USBCBCheckOtherReq   0x000f3e    program     extern E:\Progetti\joy\Firmware\PS2ToHID\main.c
    USBCBStdSetDscHandler   0x000f42    program     extern E:\Progetti\joy\Firmware\PS2ToHID\main.c
              USBCBInitEP   0x000f44    program     extern E:\Progetti\joy\Firmware\PS2ToHID\main.c
          USBCBSendResume   0x000f5e    program     extern E:\Progetti\joy\Firmware\PS2ToHID\main.c
                   __pa_0   0x000f7a    program     static E:\Progetti\joy\Firmware\PS2ToHID\main.c
                   __pa_1   0x000f8a    program     static E:\Progetti\joy\Firmware\PS2ToHID\main.c
                   __pa_2   0x000f9a    program     static E:\Progetti\joy\Firmware\PS2ToHID\main.c
                   __pa_3   0x000faa    program     static E:\Progetti\joy\Firmware\PS2ToHID\main.c
                   __pa_4   0x000fba    program     static E:\Progetti\joy\Firmware\PS2ToHID\main.c
                   __pa_5   0x000fc6    program     static E:\Progetti\joy\Firmware\PS2ToHID\main.c
                   __pa_6   0x000fce    program     static E:\Progetti\joy\Firmware\PS2ToHID\main.c
                   __pa_7   0x000fdc    program     static E:\Progetti\joy\Firmware\PS2ToHID\main.c
                   __pa_8   0x000ff0    program     static E:\Progetti\joy\Firmware\PS2ToHID\main.c
                   __pa_9   0x000ffa    program     static E:\Progetti\joy\Firmware\PS2ToHID\main.c
       USBCheckHIDRequest   0x001004    program     extern E:\Progetti\joy\Firmware\PS2ToHID\Microchip\Usb\HID Device Driver\usb_function_hid.c
      HIDGetReportHandler   0x001172    program     extern E:\Progetti\joy\Firmware\PS2ToHID\Microchip\Usb\HID Device Driver\usb_function_hid.c
      HIDSetReportHandler   0x001174    program     extern E:\Progetti\joy\Firmware\PS2ToHID\Microchip\Usb\HID Device Driver\usb_function_hid.c
                HIDInitEP   0x001176    program     extern E:\Progetti\joy\Firmware\PS2ToHID\Microchip\Usb\HID Device Driver\usb_function_hid.c
                   __pa_0   0x001178    program     static E:\Progetti\joy\Firmware\PS2ToHID\Microchip\Usb\HID Device Driver\usb_function_hid.c
                   __pa_1   0x00118c    program     static E:\Progetti\joy\Firmware\PS2ToHID\Microchip\Usb\HID Device Driver\usb_function_hid.c
                   __pa_2   0x0011a0    program     static E:\Progetti\joy\Firmware\PS2ToHID\Microchip\Usb\HID Device Driver\usb_function_hid.c
                   __pa_3   0x0011b4    program     static E:\Progetti\joy\Firmware\PS2ToHID\Microchip\Usb\HID Device Driver\usb_function_hid.c
                   __pa_4   0x0011c2    program     static E:\Progetti\joy\Firmware\PS2ToHID\Microchip\Usb\HID Device Driver\usb_function_hid.c
                   __pa_5   0x0011ce    program     static E:\Progetti\joy\Firmware\PS2ToHID\Microchip\Usb\HID Device Driver\usb_function_hid.c
                   __pa_6   0x0011da    program     static E:\Progetti\joy\Firmware\PS2ToHID\Microchip\Usb\HID Device Driver\usb_function_hid.c
               device_dsc   0x0011e8    program     extern E:\Progetti\joy\Firmware\PS2ToHID\usb_descriptors.c
        configDescriptor1   0x0011fa    program     extern E:\Progetti\joy\Firmware\PS2ToHID\usb_descriptors.c
                    sd000   0x00124e    program     extern E:\Progetti\joy\Firmware\PS2ToHID\usb_descriptors.c
                    sd001   0x001252    program     extern E:\Progetti\joy\Firmware\PS2ToHID\usb_descriptors.c
                    sd002   0x001286    program     extern E:\Progetti\joy\Firmware\PS2ToHID\usb_descriptors.c
                    sd003   0x0012b0    program     extern E:\Progetti\joy\Firmware\PS2ToHID\usb_descriptors.c
                    sd004   0x0012ba    program     extern E:\Progetti\joy\Firmware\PS2ToHID\usb_descriptors.c
                    sd005   0x0012c4    program     extern E:\Progetti\joy\Firmware\PS2ToHID\usb_descriptors.c
                hid_rpt01   0x0012d6    program     extern E:\Progetti\joy\Firmware\PS2ToHID\usb_descriptors.c
                hid_rpt02   0x001320    program     extern E:\Progetti\joy\Firmware\PS2ToHID\usb_descriptors.c
               USB_CD_Ptr   0x001351    program     extern E:\Progetti\joy\Firmware\PS2ToHID\usb_descriptors.c
               USB_SD_Ptr   0x001353    program     extern E:\Progetti\joy\Firmware\PS2ToHID\usb_descriptors.c
            GAMEPORT_Init   0x001360    program     extern E:\Progetti\joy\Firmware\PS2ToHID\gameport.c
            GAMEPORT_Task   0x0013b4    program     extern E:\Progetti\joy\Firmware\PS2ToHID\gameport.c
                _do_cinit   0x00142c    program     extern E:\c18v3.46\pic18-lt\cxx-framework\src\traditional\startup\c018i.c
                     test   0x001446    program     static                          
                copy_loop   0x00149e    program     static                          
            copy_one_byte   0x0014a4    program     static                          
             done_copying   0x0014b2    program     static                          
                     done   0x0014c8    program     static                          
       ___return_lbl00002   0x0014c8    program     static                          
                  OpenSPI   0x0014ca    program     extern E:\c18v3.46\pic18-lt\cxx-framework\src\pmc_common\SPI\spi_open.c
                   memset   0x00152e    program     extern E:\c18v3.46\pic18-lt\cxx-framework\src\traditional\stdclib\memset.asm
                    jLoop   0x001542    program     static E:\c18v3.46\pic18-lt\cxx-framework\src\traditional\stdclib\memset.asm
              _2jContinue   0x00154e    program     static E:\c18v3.46\pic18-lt\cxx-framework\src\traditional\stdclib\memset.asm
                   _3jEnd   0x001558    program     static E:\c18v3.46\pic18-lt\cxx-framework\src\traditional\stdclib\memset.asm
                     jEnd   0x001560    program     static E:\c18v3.46\pic18-lt\cxx-framework\src\traditional\stdclib\memset.asm
            __zero_memory   0x001562    program     extern E:\c18v3.46\pic18-lt\cxx-framework\src\traditional\proc\p18f2550.asm
                   loop_h   0x001570    program     static E:\c18v3.46\pic18-lt\cxx-framework\src\traditional\proc\p18f2550.asm
               zero_block   0x001570    program     static E:\c18v3.46\pic18-lt\cxx-framework\src\traditional\proc\p18f2550.asm
                compare_l   0x001578    program     static E:\c18v3.46\pic18-lt\cxx-framework\src\traditional\proc\p18f2550.asm
                   loop_l   0x00157a    program     static E:\c18v3.46\pic18-lt\cxx-framework\src\traditional\proc\p18f2550.asm
                 _startup   0x001582    program     extern E:\c18v3.46\pic18-lt\cxx-framework\src\traditional\startup\c018i.c
                     loop   0x001592    program     static                          
       ___return_lbl00001   0x00159c    program     static                          
               __config_0   0x300000    program     static E:\Progetti\joy\Firmware\PS2ToHID\main.c
               __config_1   0x300001    program     static E:\Progetti\joy\Firmware\PS2ToHID\main.c
               __config_2   0x300002    program     static E:\Progetti\joy\Firmware\PS2ToHID\main.c
               __config_3   0x300003    program     static E:\Progetti\joy\Firmware\PS2ToHID\main.c
               __config_4   0x300005    program     static E:\Progetti\joy\Firmware\PS2ToHID\main.c
               __config_5   0x300006    program     static E:\Progetti\joy\Firmware\PS2ToHID\main.c
               __config_6   0x300008    program     static E:\Progetti\joy\Firmware\PS2ToHID\main.c
               __config_7   0x300009    program     static E:\Progetti\joy\Firmware\PS2ToHID\main.c
               __config_8   0x30000a    program     static E:\Progetti\joy\Firmware\PS2ToHID\main.c
               __config_9   0x30000b    program     static E:\Progetti\joy\Firmware\PS2ToHID\main.c
              __config_10   0x30000c    program     static E:\Progetti\joy\Firmware\PS2ToHID\main.c
              __config_11   0x30000d    program     static E:\Progetti\joy\Firmware\PS2ToHID\main.c
                  __tmp_0   0x000000       data     static E:\Progetti\joy\Firmware\PS2ToHID\Microchip\Usb\usb_device.c
                  __tmp_0   0x000000       data     static E:\Progetti\joy\Firmware\PS2ToHID\main.c
                  __tmp_0   0x000000       data     static E:\Progetti\joy\Firmware\PS2ToHID\psx.c
                     SIGN   0x000003       data     extern E:\c18v3.46\pic18-lt\cxx-framework\src\traditional\math\cmath18.asm
                __FPFLAGS   0x000004       data     extern E:\c18v3.46\pic18-lt\cxx-framework\src\traditional\math\cmath18.asm
            __FPFLAGSbits   0x000004       data     extern E:\c18v3.46\pic18-lt\cxx-framework\src\traditional\math\cmath18.asm
           USBDeviceState   0x000060       data     extern E:\Progetti\joy\Firmware\PS2ToHID\Microchip\Usb\usb_device.c
   USBActiveConfiguration   0x000061       data     extern E:\Progetti\joy\Firmware\PS2ToHID\Microchip\Usb\usb_device.c
    USBAlternateInterface   0x000062       data     extern E:\Progetti\joy\Firmware\PS2ToHID\Microchip\Usb\usb_device.c
   pBDTEntryEP0OutCurrent   0x000065       data     extern E:\Progetti\joy\Firmware\PS2ToHID\Microchip\Usb\usb_device.c
      pBDTEntryEP0OutNext   0x000067       data     extern E:\Progetti\joy\Firmware\PS2ToHID\Microchip\Usb\usb_device.c
             pBDTEntryOut   0x000069       data     extern E:\Progetti\joy\Firmware\PS2ToHID\Microchip\Usb\usb_device.c
              pBDTEntryIn   0x000071       data     extern E:\Progetti\joy\Firmware\PS2ToHID\Microchip\Usb\usb_device.c
        shortPacketStatus   0x000079       data     extern E:\Progetti\joy\Firmware\PS2ToHID\Microchip\Usb\usb_device.c
[...]
                     DDRB   0x000f93       data     extern E:\c18v3.46\pic18-lt\cxx-framework\src\traditional\proc\p18f2550.asm
                 DDRBbits   0x000f93       data     extern E:\c18v3.46\pic18-lt\cxx-framework\src\traditional\proc\p18f2550.asm
                    TRISB   0x000f93       data     extern E:\c18v3.46\pic18-lt\cxx-framework\src\traditional\proc\p18f2550.asm
                TRISBbits   0x000f93       data     extern E:\c18v3.46\pic18-lt\cxx-framework\src\traditional\proc\p18f2550.asm
                TRISCbits   0x000f94       data     extern E:\c18v3.46\pic18-lt\cxx-framework\src\traditional\proc\p18f2550.asm
                    TRISC   0x000f94       data     extern E:\c18v3.46\pic18-lt\cxx-framework\src\traditional\proc\p18f2550.asm
                 DDRCbits   0x000f94       data     extern E:\c18v3.46\pic18-lt\cxx-framework\src\traditional\proc\p18f2550.asm
                     DDRC   0x000f94       data     extern E:\c18v3.46\pic18-lt\cxx-framework\src\traditional\proc\p18f2550.asm
              OSCTUNEbits   0x000f9b       data     extern E:\c18v3.46\pic18-lt\cxx-framework\src\traditional\proc\p18f2550.asm
                  OSCTUNE   0x000f9b       data     extern E:\c18v3.46\pic18-lt\cxx-framework\src\traditional\proc\p18f2550.asm
                     PIE1   0x000f9d       data     extern E:\c18v3.46\pic18-lt\cxx-framework\src\traditional\proc\p18f2550.asm
                 PIE1bits   0x000f9d       data     extern E:\c18v3.46\pic18-lt\cxx-framework\src\traditional\proc\p18f2550.asm
                 PIR1bits   0x000f9e       data     extern E:\c18v3.46\pic18-lt\cxx-framework\src\traditional\proc\p18f2550.asm
                     PIR1   0x000f9e       data     extern E:\c18v3.46\pic18-lt\cxx-framework\src\traditional\proc\p18f2550.asm
                 IPR1bits   0x000f9f       data     extern E:\c18v3.46\pic18-lt\cxx-framework\src\traditional\proc\p18f2550.asm
                     IPR1   0x000f9f       data     extern E:\c18v3.46\pic18-lt\cxx-framework\src\traditional\proc\p18f2550.asm
                     PIE2   0x000fa0       data     extern E:\c18v3.46\pic18-lt\cxx-framework\src\traditional\proc\p18f2550.asm
                 PIE2bits   0x000fa0       data     extern E:\c18v3.46\pic18-lt\cxx-framework\src\traditional\proc\p18f2550.asm
                 PIR2bits   0x000fa1       data     extern E:\c18v3.46\pic18-lt\cxx-framework\src\traditional\proc\p18f2550.asm
                     PIR2   0x000fa1       data     extern E:\c18v3.46\pic18-lt\cxx-framework\src\traditional\proc\p18f2550.asm
                 IPR2bits   0x000fa2       data     extern E:\c18v3.46\pic18-lt\cxx-framework\src\traditional\proc\p18f2550.asm
                     IPR2   0x000fa2       data     extern E:\c18v3.46\pic18-lt\cxx-framework\src\traditional\proc\p18f2550.asm
               EECON1bits   0x000fa6       data     extern E:\c18v3.46\pic18-lt\cxx-framework\src\traditional\proc\p18f2550.asm
                   EECON1   0x000fa6       data     extern E:\c18v3.46\pic18-lt\cxx-framework\src\traditional\proc\p18f2550.asm
                   EECON2   0x000fa7       data     extern E:\c18v3.46\pic18-lt\cxx-framework\src\traditional\proc\p18f2550.asm
                   EEDATA   0x000fa8       data     extern E:\c18v3.46\pic18-lt\cxx-framework\src\traditional\proc\p18f2550.asm
                    EEADR   0x000fa9       data     extern E:\c18v3.46\pic18-lt\cxx-framework\src\traditional\proc\p18f2550.asm
                RCSTAbits   0x000fab       data     extern E:\c18v3.46\pic18-lt\cxx-framework\src\traditional\proc\p18f2550.asm
                    RCSTA   0x000fab       data     extern E:\c18v3.46\pic18-lt\cxx-framework\src\traditional\proc\p18f2550.asm
                TXSTAbits   0x000fac       data     extern E:\c18v3.46\pic18-lt\cxx-framework\src\traditional\proc\p18f2550.asm
                    TXSTA   0x000fac       data     extern E:\c18v3.46\pic18-lt\cxx-framework\src\traditional\proc\p18f2550.asm
                    TXREG   0x000fad       data     extern E:\c18v3.46\pic18-lt\cxx-framework\src\traditional\proc\p18f2550.asm
                    RCREG   0x000fae       data     extern E:\c18v3.46\pic18-lt\cxx-framework\src\traditional\proc\p18f2550.asm
                    SPBRG   0x000faf       data     extern E:\c18v3.46\pic18-lt\cxx-framework\src\traditional\proc\p18f2550.asm
                   SPBRGH   0x000fb0       data     extern E:\c18v3.46\pic18-lt\cxx-framework\src\traditional\proc\p18f2550.asm
                    T3CON   0x000fb1       data     extern E:\c18v3.46\pic18-lt\cxx-framework\src\traditional\proc\p18f2550.asm
                T3CONbits   0x000fb1       data     extern E:\c18v3.46\pic18-lt\cxx-framework\src\traditional\proc\p18f2550.asm
                    TMR3L   0x000fb2       data     extern E:\c18v3.46\pic18-lt\cxx-framework\src\traditional\proc\p18f2550.asm
                    TMR3H   0x000fb3       data     extern E:\c18v3.46\pic18-lt\cxx-framework\src\traditional\proc\p18f2550.asm
                CMCONbits   0x000fb4       data     extern E:\c18v3.46\pic18-lt\cxx-framework\src\traditional\proc\p18f2550.asm
                    CMCON   0x000fb4       data     extern E:\c18v3.46\pic18-lt\cxx-framework\src\traditional\proc\p18f2550.asm
                   CVRCON   0x000fb5       data     extern E:\c18v3.46\pic18-lt\cxx-framework\src\traditional\proc\p18f2550.asm
               CVRCONbits   0x000fb5       data     extern E:\c18v3.46\pic18-lt\cxx-framework\src\traditional\proc\p18f2550.asm
                   CCP1AS   0x000fb6       data     extern E:\c18v3.46\pic18-lt\cxx-framework\src\traditional\proc\p18f2550.asm
              ECCP1ASbits   0x000fb6       data     extern E:\c18v3.46\pic18-lt\cxx-framework\src\traditional\proc\p18f2550.asm
                  ECCP1AS   0x000fb6       data     extern E:\c18v3.46\pic18-lt\cxx-framework\src\traditional\proc\p18f2550.asm
               CCP1ASbits   0x000fb6       data     extern E:\c18v3.46\pic18-lt\cxx-framework\src\traditional\proc\p18f2550.asm
                 ECCP1DEL   0x000fb7       data     extern E:\c18v3.46\pic18-lt\cxx-framework\src\traditional\proc\p18f2550.asm
             ECCP1DELbits   0x000fb7       data     extern E:\c18v3.46\pic18-lt\cxx-framework\src\traditional\proc\p18f2550.asm
              CCP1DELbits   0x000fb7       data     extern E:\c18v3.46\pic18-lt\cxx-framework\src\traditional\proc\p18f2550.asm
                  CCP1DEL   0x000fb7       data     extern E:\c18v3.46\pic18-lt\cxx-framework\src\traditional\proc\p18f2550.asm
                  BAUDCON   0x000fb8       data     extern E:\c18v3.46\pic18-lt\cxx-framework\src\traditional\proc\p18f2550.asm
              BAUDCONbits   0x000fb8       data     extern E:\c18v3.46\pic18-lt\cxx-framework\src\traditional\proc\p18f2550.asm
                  BAUDCTL   0x000fb8       data     extern E:\c18v3.46\pic18-lt\cxx-framework\src\traditional\proc\p18f2550.asm
              BAUDCTLbits   0x000fb8       data     extern E:\c18v3.46\pic18-lt\cxx-framework\src\traditional\proc\p18f2550.asm
              CCP2CONbits   0x000fba       data     extern E:\c18v3.46\pic18-lt\cxx-framework\src\traditional\proc\p18f2550.asm
                  CCP2CON   0x000fba       data     extern E:\c18v3.46\pic18-lt\cxx-framework\src\traditional\proc\p18f2550.asm
                   CCPR2L   0x000fbb       data     extern E:\c18v3.46\pic18-lt\cxx-framework\src\traditional\proc\p18f2550.asm
                    CCPR2   0x000fbb       data     extern E:\c18v3.46\pic18-lt\cxx-framework\src\traditional\proc\p18f2550.asm
                   CCPR2H   0x000fbc       data     extern E:\c18v3.46\pic18-lt\cxx-framework\src\traditional\proc\p18f2550.asm
              CCP1CONbits   0x000fbd       data     extern E:\c18v3.46\pic18-lt\cxx-framework\src\traditional\proc\p18f2550.asm
                  CCP1CON   0x000fbd       data     extern E:\c18v3.46\pic18-lt\cxx-framework\src\traditional\proc\p18f2550.asm
                    CCPR1   0x000fbe       data     extern E:\c18v3.46\pic18-lt\cxx-framework\src\traditional\proc\p18f2550.asm
                   CCPR1L   0x000fbe       data     extern E:\c18v3.46\pic18-lt\cxx-framework\src\traditional\proc\p18f2550.asm
                   CCPR1H   0x000fbf       data     extern E:\c18v3.46\pic18-lt\cxx-framework\src\traditional\proc\p18f2550.asm
               ADCON2bits   0x000fc0       data     extern E:\c18v3.46\pic18-lt\cxx-framework\src\traditional\proc\p18f2550.asm
                   ADCON2   0x000fc0       data     extern E:\c18v3.46\pic18-lt\cxx-framework\src\traditional\proc\p18f2550.asm
                   ADCON1   0x000fc1       data     extern E:\c18v3.46\pic18-lt\cxx-framework\src\traditional\proc\p18f2550.asm
               ADCON1bits   0x000fc1       data     extern E:\c18v3.46\pic18-lt\cxx-framework\src\traditional\proc\p18f2550.asm
                   ADCON0   0x000fc2       data     extern E:\c18v3.46\pic18-lt\cxx-framework\src\traditional\proc\p18f2550.asm
               ADCON0bits   0x000fc2       data     extern E:\c18v3.46\pic18-lt\cxx-framework\src\traditional\proc\p18f2550.asm
                    ADRES   0x000fc3       data     extern E:\c18v3.46\pic18-lt\cxx-framework\src\traditional\proc\p18f2550.asm
                   ADRESL   0x000fc3       data     extern E:\c18v3.46\pic18-lt\cxx-framework\src\traditional\proc\p18f2550.asm
                   ADRESH   0x000fc4       data     extern E:\c18v3.46\pic18-lt\cxx-framework\src\traditional\proc\p18f2550.asm
                  SSPCON2   0x000fc5       data     extern E:\c18v3.46\pic18-lt\cxx-framework\src\traditional\proc\p18f2550.asm
              SSPCON2bits   0x000fc5       data     extern E:\c18v3.46\pic18-lt\cxx-framework\src\traditional\proc\p18f2550.asm
                  SSPCON1   0x000fc6       data     extern E:\c18v3.46\pic18-lt\cxx-framework\src\traditional\proc\p18f2550.asm
              SSPCON1bits   0x000fc6       data     extern E:\c18v3.46\pic18-lt\cxx-framework\src\traditional\proc\p18f2550.asm
                  SSPSTAT   0x000fc7       data     extern E:\c18v3.46\pic18-lt\cxx-framework\src\traditional\proc\p18f2550.asm
              SSPSTATbits   0x000fc7       data     extern E:\c18v3.46\pic18-lt\cxx-framework\src\traditional\proc\p18f2550.asm
                   SSPADD   0x000fc8       data     extern E:\c18v3.46\pic18-lt\cxx-framework\src\traditional\proc\p18f2550.asm
                   SSPBUF   0x000fc9       data     extern E:\c18v3.46\pic18-lt\cxx-framework\src\traditional\proc\p18f2550.asm
                T2CONbits   0x000fca       data     extern E:\c18v3.46\pic18-lt\cxx-framework\src\traditional\proc\p18f2550.asm
                    T2CON   0x000fca       data     extern E:\c18v3.46\pic18-lt\cxx-framework\src\traditional\proc\p18f2550.asm
                      PR2   0x000fcb       data     extern E:\c18v3.46\pic18-lt\cxx-framework\src\traditional\proc\p18f2550.asm
                     TMR2   0x000fcc       data     extern E:\c18v3.46\pic18-lt\cxx-framework\src\traditional\proc\p18f2550.asm
                T1CONbits   0x000fcd       data     extern E:\c18v3.46\pic18-lt\cxx-framework\src\traditional\proc\p18f2550.asm
                    T1CON   0x000fcd       data     extern E:\c18v3.46\pic18-lt\cxx-framework\src\traditional\proc\p18f2550.asm
                    TMR1L   0x000fce       data     extern E:\c18v3.46\pic18-lt\cxx-framework\src\traditional\proc\p18f2550.asm
                    TMR1H   0x000fcf       data     extern E:\c18v3.46\pic18-lt\cxx-framework\src\traditional\proc\p18f2550.asm
                     RCON   0x000fd0       data     extern E:\c18v3.46\pic18-lt\cxx-framework\src\traditional\proc\p18f2550.asm
                 RCONbits   0x000fd0       data     extern E:\c18v3.46\pic18-lt\cxx-framework\src\traditional\proc\p18f2550.asm
                   WDTCON   0x000fd1       data     extern E:\c18v3.46\pic18-lt\cxx-framework\src\traditional\proc\p18f2550.asm
               WDTCONbits   0x000fd1       data     extern E:\c18v3.46\pic18-lt\cxx-framework\src\traditional\proc\p18f2550.asm
                  HLVDCON   0x000fd2       data     extern E:\c18v3.46\pic18-lt\cxx-framework\src\traditional\proc\p18f2550.asm
              HLVDCONbits   0x000fd2       data     extern E:\c18v3.46\pic18-lt\cxx-framework\src\traditional\proc\p18f2550.asm
               LVDCONbits   0x000fd2       data     extern E:\c18v3.46\pic18-lt\cxx-framework\src\traditional\proc\p18f2550.asm
                   LVDCON   0x000fd2       data     extern E:\c18v3.46\pic18-lt\cxx-framework\src\traditional\proc\p18f2550.asm
               OSCCONbits   0x000fd3       data     extern E:\c18v3.46\pic18-lt\cxx-framework\src\traditional\proc\p18f2550.asm
                   OSCCON   0x000fd3       data     extern E:\c18v3.46\pic18-lt\cxx-framework\src\traditional\proc\p18f2550.asm
                    T0CON   0x000fd5       data     extern E:\c18v3.46\pic18-lt\cxx-framework\src\traditional\proc\p18f2550.asm
                T0CONbits   0x000fd5       data     extern E:\c18v3.46\pic18-lt\cxx-framework\src\traditional\proc\p18f2550.asm
                    TMR0L   0x000fd6       data     extern E:\c18v3.46\pic18-lt\cxx-framework\src\traditional\proc\p18f2550.asm
                    TMR0H   0x000fd7       data     extern E:\c18v3.46\pic18-lt\cxx-framework\src\traditional\proc\p18f2550.asm
                   STATUS   0x000fd8       data     extern E:\c18v3.46\pic18-lt\cxx-framework\src\traditional\proc\p18f2550.asm
               STATUSbits   0x000fd8       data     extern E:\c18v3.46\pic18-lt\cxx-framework\src\traditional\proc\p18f2550.asm
                     FSR2   0x000fd9       data     extern E:\c18v3.46\pic18-lt\cxx-framework\src\traditional\proc\p18f2550.asm
                    FSR2L   0x000fd9       data     extern E:\c18v3.46\pic18-lt\cxx-framework\src\traditional\proc\p18f2550.asm
                    FSR2H   0x000fda       data     extern E:\c18v3.46\pic18-lt\cxx-framework\src\traditional\proc\p18f2550.asm
                   PLUSW2   0x000fdb       data     extern E:\c18v3.46\pic18-lt\cxx-framework\src\traditional\proc\p18f2550.asm
                  PREINC2   0x000fdc       data     extern E:\c18v3.46\pic18-lt\cxx-framework\src\traditional\proc\p18f2550.asm
                 POSTDEC2   0x000fdd       data     extern E:\c18v3.46\pic18-lt\cxx-framework\src\traditional\proc\p18f2550.asm
                 POSTINC2   0x000fde       data     extern E:\c18v3.46\pic18-lt\cxx-framework\src\traditional\proc\p18f2550.asm
                    INDF2   0x000fdf       data     extern E:\c18v3.46\pic18-lt\cxx-framework\src\traditional\proc\p18f2550.asm
                      BSR   0x000fe0       data     extern E:\c18v3.46\pic18-lt\cxx-framework\src\traditional\proc\p18f2550.asm
                     FSR1   0x000fe1       data     extern E:\c18v3.46\pic18-lt\cxx-framework\src\traditional\proc\p18f2550.asm
                    FSR1L   0x000fe1       data     extern E:\c18v3.46\pic18-lt\cxx-framework\src\traditional\proc\p18f2550.asm
                    FSR1H   0x000fe2       data     extern E:\c18v3.46\pic18-lt\cxx-framework\src\traditional\proc\p18f2550.asm
                   PLUSW1   0x000fe3       data     extern E:\c18v3.46\pic18-lt\cxx-framework\src\traditional\proc\p18f2550.asm
                  PREINC1   0x000fe4       data     extern E:\c18v3.46\pic18-lt\cxx-framework\src\traditional\proc\p18f2550.asm
                 POSTDEC1   0x000fe5       data     extern E:\c18v3.46\pic18-lt\cxx-framework\src\traditional\proc\p18f2550.asm
                 POSTINC1   0x000fe6       data     extern E:\c18v3.46\pic18-lt\cxx-framework\src\traditional\proc\p18f2550.asm
                    INDF1   0x000fe7       data     extern E:\c18v3.46\pic18-lt\cxx-framework\src\traditional\proc\p18f2550.asm
                     WREG   0x000fe8       data     extern E:\c18v3.46\pic18-lt\cxx-framework\src\traditional\proc\p18f2550.asm
                     FSR0   0x000fe9       data     extern E:\c18v3.46\pic18-lt\cxx-framework\src\traditional\proc\p18f2550.asm
                    FSR0L   0x000fe9       data     extern E:\c18v3.46\pic18-lt\cxx-framework\src\traditional\proc\p18f2550.asm
                    FSR0H   0x000fea       data     extern E:\c18v3.46\pic18-lt\cxx-framework\src\traditional\proc\p18f2550.asm
                   PLUSW0   0x000feb       data     extern E:\c18v3.46\pic18-lt\cxx-framework\src\traditional\proc\p18f2550.asm
                  PREINC0   0x000fec       data     extern E:\c18v3.46\pic18-lt\cxx-framework\src\traditional\proc\p18f2550.asm
                 POSTDEC0   0x000fed       data     extern E:\c18v3.46\pic18-lt\cxx-framework\src\traditional\proc\p18f2550.asm
                 POSTINC0   0x000fee       data     extern E:\c18v3.46\pic18-lt\cxx-framework\src\traditional\proc\p18f2550.asm
                    INDF0   0x000fef       data     extern E:\c18v3.46\pic18-lt\cxx-framework\src\traditional\proc\p18f2550.asm
              INTCON3bits   0x000ff0       data     extern E:\c18v3.46\pic18-lt\cxx-framework\src\traditional\proc\p18f2550.asm
                  INTCON3   0x000ff0       data     extern E:\c18v3.46\pic18-lt\cxx-framework\src\traditional\proc\p18f2550.asm
              INTCON2bits   0x000ff1       data     extern E:\c18v3.46\pic18-lt\cxx-framework\src\traditional\proc\p18f2550.asm
                  INTCON2   0x000ff1       data     extern E:\c18v3.46\pic18-lt\cxx-framework\src\traditional\proc\p18f2550.asm
               INTCONbits   0x000ff2       data     extern E:\c18v3.46\pic18-lt\cxx-framework\src\traditional\proc\p18f2550.asm
                   INTCON   0x000ff2       data     extern E:\c18v3.46\pic18-lt\cxx-framework\src\traditional\proc\p18f2550.asm
                    PRODL   0x000ff3       data     extern E:\c18v3.46\pic18-lt\cxx-framework\src\traditional\proc\p18f2550.asm
                     PROD   0x000ff3       data     extern E:\c18v3.46\pic18-lt\cxx-framework\src\traditional\proc\p18f2550.asm
                    PRODH   0x000ff4       data     extern E:\c18v3.46\pic18-lt\cxx-framework\src\traditional\proc\p18f2550.asm
                   TABLAT   0x000ff5       data     extern E:\c18v3.46\pic18-lt\cxx-framework\src\traditional\proc\p18f2550.asm
                   TBLPTR   0x000ff6       data     extern E:\c18v3.46\pic18-lt\cxx-framework\src\traditional\proc\p18f2550.asm
                  TBLPTRL   0x000ff6       data     extern E:\c18v3.46\pic18-lt\cxx-framework\src\traditional\proc\p18f2550.asm
                  TBLPTRH   0x000ff7       data     extern E:\c18v3.46\pic18-lt\cxx-framework\src\traditional\proc\p18f2550.asm
                  TBLPTRU   0x000ff8       data     extern E:\c18v3.46\pic18-lt\cxx-framework\src\traditional\proc\p18f2550.asm
                      PCL   0x000ff9       data     extern E:\c18v3.46\pic18-lt\cxx-framework\src\traditional\proc\p18f2550.asm
                       PC   0x000ff9       data     extern E:\c18v3.46\pic18-lt\cxx-framework\src\traditional\proc\p18f2550.asm
                   PCLATH   0x000ffa       data     extern E:\c18v3.46\pic18-lt\cxx-framework\src\traditional\proc\p18f2550.asm
                   PCLATU   0x000ffb       data     extern E:\c18v3.46\pic18-lt\cxx-framework\src\traditional\proc\p18f2550.asm
                   STKPTR   0x000ffc       data     extern E:\c18v3.46\pic18-lt\cxx-framework\src\traditional\proc\p18f2550.asm
               STKPTRbits   0x000ffc       data     extern E:\c18v3.46\pic18-lt\cxx-framework\src\traditional\proc\p18f2550.asm
                      TOS   0x000ffd       data     extern E:\c18v3.46\pic18-lt\cxx-framework\src\traditional\proc\p18f2550.asm
                     TOSL   0x000ffd       data     extern E:\c18v3.46\pic18-lt\cxx-framework\src\traditional\proc\p18f2550.asm
                     TOSH   0x000ffe       data     extern E:\c18v3.46\pic18-lt\cxx-framework\src\traditional\proc\p18f2550.asm
                     TOSU   0x000fff       data     extern E:\c18v3.46\pic18-lt\cxx-framework\src\traditional\proc\p18f2550.asm


