MPLINK 5.00, LINKER
Linker Map File - Created Mon Mar 16 15:53:20 2020

                                 Section Info
                  Section       Type    Address   Location Size(Bytes)
                ---------  ---------  ---------  ---------  ---------
               _entry_scn       code   0x000000    program   0x000006
                   .cinit    romdata   0x000006    program   0x000002
REMAPPED_HIGH_INTERRUPT_VECTOR       code   0x000008    program   0x000006
           .code___init.o       code   0x00000e    program   0x000002
REMAPPED_LOW_INTERRUPT_VECTOR       code   0x000018    program   0x000006
       .code_usb_device.o       code   0x00001e    program   0x000aae
          .code_gamepad.o       code   0x000acc    program   0x000108
 .code_usb_function_hid.o       code   0x000bd4    program   0x0000dc
.romdata_usb_descriptors.o    romdata   0x000cb0    program   0x0000d7
        .romdata___init.o    romdata   0x000d87    program   0x000000
        .idata___init.o_i    romdata   0x000d87    program   0x000000
       .romdata_buttons.o    romdata   0x000d87    program   0x000000
       .idata_buttons.o_i    romdata   0x000d87    program   0x000000
           .romdata_adc.o    romdata   0x000d87    program   0x000000
           .idata_adc.o_i    romdata   0x000d87    program   0x000000
       .romdata_gamepad.o    romdata   0x000d87    program   0x000000
         .idata_c018i.o_i    romdata   0x000d87    program   0x000000
         .romdata_c018i.o    romdata   0x000d87    program   0x000000
.idata_usb_descriptors.o_i    romdata   0x000d87    program   0x000000
    .idata_usb_device.o_i    romdata   0x000d87    program   0x000000
       .idata_gamepad.o_i    romdata   0x000d87    program   0x000000
.romdata_usb_function_hid.o    romdata   0x000d87    program   0x000000
.idata_usb_function_hid.o_i    romdata   0x000d87    program   0x000000
    .romdata_usb_device.o    romdata   0x000d87    program   0x000000
            .code_c018i.o       code   0x000d88    program   0x000000
               _cinit_scn       code   0x000d88    program   0x00009e
  .code_usb_descriptors.o       code   0x000d88    program   0x000000
              .code_adc.o       code   0x000e26    program   0x000072
                   STRING       code   0x000e98    program   0x000034
          .code_buttons.o       code   0x000ecc    program   0x000030
                    .code       code   0x000efc    program   0x000020
             _startup_scn       code   0x000f1c    program   0x00001c
 .config_300000_gamepad.o    romdata   0x300000    program   0x000001
 .config_300001_gamepad.o    romdata   0x300001    program   0x000001
 .config_300002_gamepad.o    romdata   0x300002    program   0x000001
 .config_300003_gamepad.o    romdata   0x300003    program   0x000001
 .config_300005_gamepad.o    romdata   0x300005    program   0x000001
 .config_300006_gamepad.o    romdata   0x300006    program   0x000001
 .config_300008_gamepad.o    romdata   0x300008    program   0x000001
 .config_300009_gamepad.o    romdata   0x300009    program   0x000001
 .config_30000a_gamepad.o    romdata   0x30000a    program   0x000001
 .config_30000b_gamepad.o    romdata   0x30000b    program   0x000001
 .config_30000c_gamepad.o    romdata   0x30000c    program   0x000001
 .config_30000d_gamepad.o    romdata   0x30000d    program   0x000001
                 .tmpdata      udata   0x000000       data   0x000003
                MATH_DATA      udata   0x000003       data   0x000002
      .udata_usb_device.o      udata   0x000060       data   0x000025
         .udata_gamepad.o      udata   0x000085       data   0x00000f
           .udata_c018i.o      udata   0x000094       data   0x00000a
.udata_usb_function_hid.o      udata   0x00009e       data   0x000003
         .udata_buttons.o      udata   0x0000a1       data   0x000003
             .udata_adc.o      udata   0x0000a4       data   0x000003
          .idata___init.o      idata   0x0000a7       data   0x000000
          .udata___init.o      udata   0x0000a7       data   0x000000
         .idata_buttons.o      idata   0x0000a7       data   0x000000
             .idata_adc.o      idata   0x0000a7       data   0x000000
         .idata_gamepad.o      idata   0x0000a7       data   0x000000
.idata_usb_function_hid.o      idata   0x0000a7       data   0x000000
      .idata_usb_device.o      idata   0x0000a7       data   0x000000
 .idata_usb_descriptors.o      idata   0x0000a7       data   0x000000
 .udata_usb_descriptors.o      udata   0x0000a7       data   0x000000
           .idata_c018i.o      idata   0x0000a7       data   0x000000
                   .stack      udata   0x000300       data   0x000100
                  USB_BDT      udata   0x000400       data   0x00002b
            SFR_UNBANKED0      udata   0x000f62       data   0x00009e



                              Program Memory Usage 
                               Start         End      
                           ---------   ---------      
                            0x000000    0x00000f      
                            0x000018    0x000d86      
                            0x000d88    0x000f37      
                            0x300000    0x300003      
                            0x300005    0x300006      
                            0x300008    0x30000d      
            3899 out of 33048 program addresses used, program memory utilization is 11%



                              Symbols - Sorted by Name
                     Name    Address   Location    Storage File                     
                ---------  ---------  ---------  --------- ---------                
              Button_Init   0x000ecc    program     extern E:\Progetti\joystick5_24\Firmware\GameportToHID\buttons.c
      HIDGetReportHandler   0x000caa    program     extern E:\Progetti\joystick5_24\Firmware\GameportToHID\Microchip\Usb\HID Device Driver\usb_function_hid.c
                HIDInitEP   0x000cae    program     extern E:\Progetti\joystick5_24\Firmware\GameportToHID\Microchip\Usb\HID Device Driver\usb_function_hid.c
      HIDSetReportHandler   0x000cac    program     extern E:\Progetti\joystick5_24\Firmware\GameportToHID\Microchip\Usb\HID Device Driver\usb_function_hid.c
                 Init_ADC   0x000e26    program     extern E:\Progetti\joystick5_24\Firmware\GameportToHID\adc.c
         InitializeSystem   0x000af2    program     static E:\Progetti\joystick5_24\Firmware\GameportToHID\gamepad.c
                 Joystick   0x000b22    program     extern E:\Progetti\joystick5_24\Firmware\GameportToHID\gamepad.c
                ProcessIO   0x000b0e    program     extern E:\Progetti\joystick5_24\Firmware\GameportToHID\gamepad.c
        Remapped_High_ISR   0x000008    program     extern E:\Progetti\joystick5_24\Firmware\GameportToHID\gamepad.c
         Remapped_Low_ISR   0x000018    program     extern E:\Progetti\joystick5_24\Firmware\GameportToHID\gamepad.c
                   UP_ADC   0x000e40    program     extern E:\Progetti\joystick5_24\Firmware\GameportToHID\adc.c
                UP_Button   0x000ee6    program     extern E:\Progetti\joystick5_24\Firmware\GameportToHID\buttons.c
       USBCBCheckOtherReq   0x000b92    program     extern E:\Progetti\joystick5_24\Firmware\GameportToHID\gamepad.c
        USBCBErrorHandler   0x000b90    program     extern E:\Progetti\joystick5_24\Firmware\GameportToHID\gamepad.c
              USBCBInitEP   0x000b98    program     extern E:\Progetti\joystick5_24\Firmware\GameportToHID\gamepad.c
          USBCBSendResume   0x000baa    program     extern E:\Progetti\joystick5_24\Firmware\GameportToHID\gamepad.c
    USBCBStdSetDscHandler   0x000b96    program     extern E:\Progetti\joystick5_24\Firmware\GameportToHID\gamepad.c
             USBCBSuspend   0x000b8a    program     extern E:\Progetti\joystick5_24\Firmware\GameportToHID\gamepad.c
     USBCBWakeFromSuspend   0x000b8c    program     extern E:\Progetti\joystick5_24\Firmware\GameportToHID\gamepad.c
        USBCB_SOF_Handler   0x000b8e    program     extern E:\Progetti\joystick5_24\Firmware\GameportToHID\gamepad.c
       USBCheckHIDRequest   0x000bd4    program     extern E:\Progetti\joystick5_24\Firmware\GameportToHID\Microchip\Usb\HID Device Driver\usb_function_hid.c
       USBCheckStdRequest   0x00033c    program     extern E:\Progetti\joystick5_24\Firmware\GameportToHID\Microchip\Usb\usb_device.c
    USBClearInterruptFlag   0x0008ec    program     extern E:\Progetti\joystick5_24\Firmware\GameportToHID\Microchip\Usb\usb_device.c
     USBConfigureEndpoint   0x000772    program     extern E:\Progetti\joystick5_24\Firmware\GameportToHID\Microchip\Usb\usb_device.c
         USBCtrlEPService   0x0001b8    program     extern E:\Progetti\joystick5_24\Firmware\GameportToHID\Microchip\Usb\usb_device.c
 USBCtrlEPServiceComplete   0x00057a    program     extern E:\Progetti\joystick5_24\Firmware\GameportToHID\Microchip\Usb\usb_device.c
      USBCtrlTrfInHandler   0x00022e    program     extern E:\Progetti\joystick5_24\Firmware\GameportToHID\Microchip\Usb\usb_device.c
     USBCtrlTrfOutHandler   0x00021e    program     extern E:\Progetti\joystick5_24\Firmware\GameportToHID\Microchip\Usb\usb_device.c
      USBCtrlTrfRxService   0x00068e    program     extern E:\Progetti\joystick5_24\Firmware\GameportToHID\Microchip\Usb\usb_device.c
   USBCtrlTrfSetupHandler   0x0001fc    program     extern E:\Progetti\joystick5_24\Firmware\GameportToHID\Microchip\Usb\usb_device.c
      USBCtrlTrfTxService   0x0005ea    program     extern E:\Progetti\joystick5_24\Firmware\GameportToHID\Microchip\Usb\usb_device.c
            USBDeviceInit   0x00001e    program     extern E:\Progetti\joystick5_24\Firmware\GameportToHID\Microchip\Usb\usb_device.c
           USBDeviceTasks   0x000096    program     extern E:\Progetti\joystick5_24\Firmware\GameportToHID\Microchip\Usb\usb_device.c
        USBEnableEndpoint   0x0007e4    program     extern E:\Progetti\joystick5_24\Firmware\GameportToHID\Microchip\Usb\usb_device.c
USBPrepareForNextSetupTrf   0x000284    program     extern E:\Progetti\joystick5_24\Firmware\GameportToHID\Microchip\Usb\usb_device.c
         USBStallEndpoint   0x00082e    program     extern E:\Progetti\joystick5_24\Firmware\GameportToHID\Microchip\Usb\usb_device.c
          USBStallHandler   0x000172    program     extern E:\Progetti\joystick5_24\Firmware\GameportToHID\Microchip\Usb\usb_device.c
  USBStdFeatureReqHandler   0x0003e0    program     extern E:\Progetti\joystick5_24\Firmware\GameportToHID\Microchip\Usb\usb_device.c
      USBStdGetDscHandler   0x00049a    program     extern E:\Progetti\joystick5_24\Firmware\GameportToHID\Microchip\Usb\usb_device.c
   USBStdGetStatusHandler   0x000510    program     extern E:\Progetti\joystick5_24\Firmware\GameportToHID\Microchip\Usb\usb_device.c
      USBStdSetCfgHandler   0x000740    program     extern E:\Progetti\joystick5_24\Firmware\GameportToHID\Microchip\Usb\usb_device.c
               USBSuspend   0x000198    program     extern E:\Progetti\joystick5_24\Firmware\GameportToHID\Microchip\Usb\usb_device.c
     USBTransferOnePacket   0x00087c    program     extern E:\Progetti\joystick5_24\Firmware\GameportToHID\Microchip\Usb\usb_device.c
       USBWakeFromSuspend   0x0001a4    program     extern E:\Progetti\joystick5_24\Firmware\GameportToHID\Microchip\Usb\usb_device.c
               USB_CD_Ptr   0x000d7f    program     extern E:\Progetti\joystick5_24\Firmware\GameportToHID\usb_descriptors.c
               USB_SD_Ptr   0x000d81    program     extern E:\Progetti\joystick5_24\Firmware\GameportToHID\usb_descriptors.c
                 UserInit   0x000afe    program     extern E:\Progetti\joystick5_24\Firmware\GameportToHID\gamepad.c
  YourHighPriorityISRCode   0x000acc    program     extern E:\Progetti\joystick5_24\Firmware\GameportToHID\gamepad.c
   YourLowPriorityISRCode   0x000ad0    program     extern E:\Progetti\joystick5_24\Firmware\GameportToHID\gamepad.c
              _2jContinue   0x000eb8    program     static E:\c18v3.46\pic18-lt\cxx-framework\src\traditional\stdclib\memset.asm
                   _3jEnd   0x000ec2    program     static E:\c18v3.46\pic18-lt\cxx-framework\src\traditional\stdclib\memset.asm
       ___return_lbl00000   0x00000c    program     static                          
       ___return_lbl00000   0x000004    program     static                          
       ___return_lbl00001   0x00001c    program     static                          
       ___return_lbl00001   0x000f36    program     static                          
       ___return_lbl00002   0x000e24    program     static                          
               __config_0   0x300000    program     static E:\Progetti\joystick5_24\Firmware\GameportToHID\gamepad.c
               __config_1   0x300001    program     static E:\Progetti\joystick5_24\Firmware\GameportToHID\gamepad.c
              __config_10   0x30000c    program     static E:\Progetti\joystick5_24\Firmware\GameportToHID\gamepad.c
              __config_11   0x30000d    program     static E:\Progetti\joystick5_24\Firmware\GameportToHID\gamepad.c
               __config_2   0x300002    program     static E:\Progetti\joystick5_24\Firmware\GameportToHID\gamepad.c
               __config_3   0x300003    program     static E:\Progetti\joystick5_24\Firmware\GameportToHID\gamepad.c
               __config_4   0x300005    program     static E:\Progetti\joystick5_24\Firmware\GameportToHID\gamepad.c
               __config_5   0x300006    program     static E:\Progetti\joystick5_24\Firmware\GameportToHID\gamepad.c
               __config_6   0x300008    program     static E:\Progetti\joystick5_24\Firmware\GameportToHID\gamepad.c
               __config_7   0x300009    program     static E:\Progetti\joystick5_24\Firmware\GameportToHID\gamepad.c
               __config_8   0x30000a    program     static E:\Progetti\joystick5_24\Firmware\GameportToHID\gamepad.c
               __config_9   0x30000b    program     static E:\Progetti\joystick5_24\Firmware\GameportToHID\gamepad.c
                   __init   0x00000e    program     extern E:\c18v3.46\pic18-lt\cxx-framework\src\traditional\stdclib\__init.c
                   __pa_0   0x000916    program     static E:\Progetti\joystick5_24\Firmware\GameportToHID\Microchip\Usb\usb_device.c
                   __pa_0   0x000bc6    program     static E:\Progetti\joystick5_24\Firmware\GameportToHID\gamepad.c
                   __pa_1   0x000924    program     static E:\Progetti\joystick5_24\Firmware\GameportToHID\Microchip\Usb\usb_device.c
                  __pa_10   0x000998    program     static E:\Progetti\joystick5_24\Firmware\GameportToHID\Microchip\Usb\usb_device.c
                  __pa_11   0x0009aa    program     static E:\Progetti\joystick5_24\Firmware\GameportToHID\Microchip\Usb\usb_device.c
                  __pa_12   0x0009c6    program     static E:\Progetti\joystick5_24\Firmware\GameportToHID\Microchip\Usb\usb_device.c
                  __pa_13   0x0009d0    program     static E:\Progetti\joystick5_24\Firmware\GameportToHID\Microchip\Usb\usb_device.c
                  __pa_14   0x0009d6    program     static E:\Progetti\joystick5_24\Firmware\GameportToHID\Microchip\Usb\usb_device.c
                  __pa_15   0x0009da    program     static E:\Progetti\joystick5_24\Firmware\GameportToHID\Microchip\Usb\usb_device.c
                  __pa_16   0x0009ea    program     static E:\Progetti\joystick5_24\Firmware\GameportToHID\Microchip\Usb\usb_device.c
                  __pa_17   0x0009fa    program     static E:\Progetti\joystick5_24\Firmware\GameportToHID\Microchip\Usb\usb_device.c
                  __pa_18   0x000a0a    program     static E:\Progetti\joystick5_24\Firmware\GameportToHID\Microchip\Usb\usb_device.c
                  __pa_19   0x000a18    program     static E:\Progetti\joystick5_24\Firmware\GameportToHID\Microchip\Usb\usb_device.c
                   __pa_2   0x000938    program     static E:\Progetti\joystick5_24\Firmware\GameportToHID\Microchip\Usb\usb_device.c
                  __pa_20   0x000a26    program     static E:\Progetti\joystick5_24\Firmware\GameportToHID\Microchip\Usb\usb_device.c
                  __pa_21   0x000a2e    program     static E:\Progetti\joystick5_24\Firmware\GameportToHID\Microchip\Usb\usb_device.c
                  __pa_22   0x000a38    program     static E:\Progetti\joystick5_24\Firmware\GameportToHID\Microchip\Usb\usb_device.c
                  __pa_23   0x000a44    program     static E:\Progetti\joystick5_24\Firmware\GameportToHID\Microchip\Usb\usb_device.c
                  __pa_24   0x000a50    program     static E:\Progetti\joystick5_24\Firmware\GameportToHID\Microchip\Usb\usb_device.c
                  __pa_25   0x000a5a    program     static E:\Progetti\joystick5_24\Firmware\GameportToHID\Microchip\Usb\usb_device.c
                  __pa_26   0x000a62    program     static E:\Progetti\joystick5_24\Firmware\GameportToHID\Microchip\Usb\usb_device.c
                  __pa_27   0x000a6c    program     static E:\Progetti\joystick5_24\Firmware\GameportToHID\Microchip\Usb\usb_device.c
                  __pa_28   0x000a76    program     static E:\Progetti\joystick5_24\Firmware\GameportToHID\Microchip\Usb\usb_device.c
                  __pa_29   0x000a84    program     static E:\Progetti\joystick5_24\Firmware\GameportToHID\Microchip\Usb\usb_device.c
                   __pa_3   0x000942    program     static E:\Progetti\joystick5_24\Firmware\GameportToHID\Microchip\Usb\usb_device.c
                  __pa_30   0x000a94    program     static E:\Progetti\joystick5_24\Firmware\GameportToHID\Microchip\Usb\usb_device.c
                  __pa_31   0x000a9a    program     static E:\Progetti\joystick5_24\Firmware\GameportToHID\Microchip\Usb\usb_device.c
                  __pa_32   0x000aa4    program     static E:\Progetti\joystick5_24\Firmware\GameportToHID\Microchip\Usb\usb_device.c
                  __pa_33   0x000aac    program     static E:\Progetti\joystick5_24\Firmware\GameportToHID\Microchip\Usb\usb_device.c
                  __pa_34   0x000ac2    program     static E:\Progetti\joystick5_24\Firmware\GameportToHID\Microchip\Usb\usb_device.c
                   __pa_4   0x00094a    program     static E:\Progetti\joystick5_24\Firmware\GameportToHID\Microchip\Usb\usb_device.c
                   __pa_5   0x00094e    program     static E:\Progetti\joystick5_24\Firmware\GameportToHID\Microchip\Usb\usb_device.c
                   __pa_6   0x000958    program     static E:\Progetti\joystick5_24\Firmware\GameportToHID\Microchip\Usb\usb_device.c
                   __pa_7   0x000966    program     static E:\Progetti\joystick5_24\Firmware\GameportToHID\Microchip\Usb\usb_device.c
                   __pa_8   0x000972    program     static E:\Progetti\joystick5_24\Firmware\GameportToHID\Microchip\Usb\usb_device.c
                   __pa_9   0x00097c    program     static E:\Progetti\joystick5_24\Firmware\GameportToHID\Microchip\Usb\usb_device.c
              __tmplbl_25   0x0009d6    program     static                          
              __tmplbl_31   0x0009d6    program     static                          
            __zero_memory   0x000efc    program     extern E:\c18v3.46\pic18-lt\cxx-framework\src\traditional\proc\p18f4550.asm
                _do_cinit   0x000d88    program     extern E:\c18v3.46\pic18-lt\cxx-framework\src\traditional\startup\c018i.c
                   _entry   0x000000    program     extern E:\c18v3.46\pic18-lt\cxx-framework\src\traditional\startup\c018i.c
                 _startup   0x000f1c    program     extern E:\c18v3.46\pic18-lt\cxx-framework\src\traditional\startup\c018i.c
                compare_l   0x000f12    program     static E:\c18v3.46\pic18-lt\cxx-framework\src\traditional\proc\p18f4550.asm
        configDescriptor1   0x000cc2    program     extern E:\Progetti\joystick5_24\Firmware\GameportToHID\usb_descriptors.c
                copy_loop   0x000dfa    program     static                          
            copy_one_byte   0x000e00    program     static                          
               device_dsc   0x000cb0    program     extern E:\Progetti\joystick5_24\Firmware\GameportToHID\usb_descriptors.c
                     done   0x000e24    program     static                          
             done_copying   0x000e0e    program     static                          
                hid_rpt01   0x000d4a    program     extern E:\Progetti\joystick5_24\Firmware\GameportToHID\usb_descriptors.c
                     jEnd   0x000eca    program     static E:\c18v3.46\pic18-lt\cxx-framework\src\traditional\stdclib\memset.asm
                    jLoop   0x000eac    program     static E:\c18v3.46\pic18-lt\cxx-framework\src\traditional\stdclib\memset.asm
                     loop   0x000f2c    program     static                          
                   loop_h   0x000f0a    program     static E:\c18v3.46\pic18-lt\cxx-framework\src\traditional\proc\p18f4550.asm
                   loop_l   0x000f14    program     static E:\c18v3.46\pic18-lt\cxx-framework\src\traditional\proc\p18f4550.asm
                     main   0x000ae8    program     extern E:\Progetti\joystick5_24\Firmware\GameportToHID\gamepad.c
                   memset   0x000e98    program     extern E:\c18v3.46\pic18-lt\cxx-framework\src\traditional\stdclib\memset.asm
                    sd000   0x000ce4    program     extern E:\Progetti\joystick5_24\Firmware\GameportToHID\usb_descriptors.c
                    sd001   0x000ce8    program     extern E:\Progetti\joystick5_24\Firmware\GameportToHID\usb_descriptors.c
                    sd002   0x000d1c    program     extern E:\Progetti\joystick5_24\Firmware\GameportToHID\usb_descriptors.c
                     test   0x000da2    program     static                          
               zero_block   0x000f0a    program     static E:\c18v3.46\pic18-lt\cxx-framework\src\traditional\proc\p18f4550.asm
                   ADCON0   0x000fc2       data     extern E:\c18v3.46\pic18-lt\cxx-framework\src\traditional\proc\p18f4550.asm
               ADCON0bits   0x000fc2       data     extern E:\c18v3.46\pic18-lt\cxx-framework\src\traditional\proc\p18f4550.asm
                   ADCON1   0x000fc1       data     extern E:\c18v3.46\pic18-lt\cxx-framework\src\traditional\proc\p18f4550.asm
               ADCON1bits   0x000fc1       data     extern E:\c18v3.46\pic18-lt\cxx-framework\src\traditional\proc\p18f4550.asm
                   ADCON2   0x000fc0       data     extern E:\c18v3.46\pic18-lt\cxx-framework\src\traditional\proc\p18f4550.asm
               ADCON2bits   0x000fc0       data     extern E:\c18v3.46\pic18-lt\cxx-framework\src\traditional\proc\p18f4550.asm
                ADC_Kanal   0x0000a4       data     extern E:\Progetti\joystick5_24\Firmware\GameportToHID\adc.c
                    ADC_X   0x0000a5       data     extern E:\Progetti\joystick5_24\Firmware\GameportToHID\adc.c
                    ADC_Y   0x0000a6       data     extern E:\Progetti\joystick5_24\Firmware\GameportToHID\adc.c
                    ADRES   0x000fc3       data     extern E:\c18v3.46\pic18-lt\cxx-framework\src\traditional\proc\p18f4550.asm
                   ADRESH   0x000fc4       data     extern E:\c18v3.46\pic18-lt\cxx-framework\src\traditional\proc\p18f4550.asm
                   ADRESL   0x000fc3       data     extern E:\c18v3.46\pic18-lt\cxx-framework\src\traditional\proc\p18f4550.asm
                  BAUDCON   0x000fb8       data     extern E:\c18v3.46\pic18-lt\cxx-framework\src\traditional\proc\p18f4550.asm
              BAUDCONbits   0x000fb8       data     extern E:\c18v3.46\pic18-lt\cxx-framework\src\traditional\proc\p18f4550.asm
                  BAUDCTL   0x000fb8       data     extern E:\c18v3.46\pic18-lt\cxx-framework\src\traditional\proc\p18f4550.asm
              BAUDCTLbits   0x000fb8       data     extern E:\c18v3.46\pic18-lt\cxx-framework\src\traditional\proc\p18f4550.asm
                      BDT   0x000400       data     extern E:\Progetti\joystick5_24\Firmware\GameportToHID\Microchip\Usb\usb_device.c
                      BSR   0x000fe0       data     extern E:\c18v3.46\pic18-lt\cxx-framework\src\traditional\proc\p18f4550.asm
                   CCP1AS   0x000fb6       data     extern E:\c18v3.46\pic18-lt\cxx-framework\src\traditional\proc\p18f4550.asm
               CCP1ASbits   0x000fb6       data     extern E:\c18v3.46\pic18-lt\cxx-framework\src\traditional\proc\p18f4550.asm
                  CCP1CON   0x000fbd       data     extern E:\c18v3.46\pic18-lt\cxx-framework\src\traditional\proc\p18f4550.asm
              CCP1CONbits   0x000fbd       data     extern E:\c18v3.46\pic18-lt\cxx-framework\src\traditional\proc\p18f4550.asm
                  CCP1DEL   0x000fb7       data     extern E:\c18v3.46\pic18-lt\cxx-framework\src\traditional\proc\p18f4550.asm
              CCP1DELbits   0x000fb7       data     extern E:\c18v3.46\pic18-lt\cxx-framework\src\traditional\proc\p18f4550.asm
                  CCP2CON   0x000fba       data     extern E:\c18v3.46\pic18-lt\cxx-framework\src\traditional\proc\p18f4550.asm
              CCP2CONbits   0x000fba       data     extern E:\c18v3.46\pic18-lt\cxx-framework\src\traditional\proc\p18f4550.asm
                    CCPR1   0x000fbe       data     extern E:\c18v3.46\pic18-lt\cxx-framework\src\traditional\proc\p18f4550.asm
                   CCPR1H   0x000fbf       data     extern E:\c18v3.46\pic18-lt\cxx-framework\src\traditional\proc\p18f4550.asm
                   CCPR1L   0x000fbe       data     extern E:\c18v3.46\pic18-lt\cxx-framework\src\traditional\proc\p18f4550.asm
                    CCPR2   0x000fbb       data     extern E:\c18v3.46\pic18-lt\cxx-framework\src\traditional\proc\p18f4550.asm
                   CCPR2H   0x000fbc       data     extern E:\c18v3.46\pic18-lt\cxx-framework\src\traditional\proc\p18f4550.asm
                   CCPR2L   0x000fbb       data     extern E:\c18v3.46\pic18-lt\cxx-framework\src\traditional\proc\p18f4550.asm
                    CMCON   0x000fb4       data     extern E:\c18v3.46\pic18-lt\cxx-framework\src\traditional\proc\p18f4550.asm
                CMCONbits   0x000fb4       data     extern E:\c18v3.46\pic18-lt\cxx-framework\src\traditional\proc\p18f4550.asm
                   CVRCON   0x000fb5       data     extern E:\c18v3.46\pic18-lt\cxx-framework\src\traditional\proc\p18f4550.asm
               CVRCONbits   0x000fb5       data     extern E:\c18v3.46\pic18-lt\cxx-framework\src\traditional\proc\p18f4550.asm
              CtrlTrfData   0x000418       data     extern E:\Progetti\joystick5_24\Firmware\GameportToHID\Microchip\Usb\usb_device.c
                     DDRA   0x000f92       data     extern E:\c18v3.46\pic18-lt\cxx-framework\src\traditional\proc\p18f4550.asm
                 DDRAbits   0x000f92       data     extern E:\c18v3.46\pic18-lt\cxx-framework\src\traditional\proc\p18f4550.asm
                     DDRB   0x000f93       data     extern E:\c18v3.46\pic18-lt\cxx-framework\src\traditional\proc\p18f4550.asm
                 DDRBbits   0x000f93       data     extern E:\c18v3.46\pic18-lt\cxx-framework\src\traditional\proc\p18f4550.asm
                     DDRC   0x000f94       data     extern E:\c18v3.46\pic18-lt\cxx-framework\src\traditional\proc\p18f4550.asm
                 DDRCbits   0x000f94       data     extern E:\c18v3.46\pic18-lt\cxx-framework\src\traditional\proc\p18f4550.asm
                     DDRD   0x000f95       data     extern E:\c18v3.46\pic18-lt\cxx-framework\src\traditional\proc\p18f4550.asm
                 DDRDbits   0x000f95       data     extern E:\c18v3.46\pic18-lt\cxx-framework\src\traditional\proc\p18f4550.asm
                     DDRE   0x000f96       data     extern E:\c18v3.46\pic18-lt\cxx-framework\src\traditional\proc\p18f4550.asm
                 DDREbits   0x000f96       data     extern E:\c18v3.46\pic18-lt\cxx-framework\src\traditional\proc\p18f4550.asm
                  ECCP1AS   0x000fb6       data     extern E:\c18v3.46\pic18-lt\cxx-framework\src\traditional\proc\p18f4550.asm
              ECCP1ASbits   0x000fb6       data     extern E:\c18v3.46\pic18-lt\cxx-framework\src\traditional\proc\p18f4550.asm
                 ECCP1CON   0x000fbd       data     extern E:\c18v3.46\pic18-lt\cxx-framework\src\traditional\proc\p18f4550.asm
             ECCP1CONbits   0x000fbd       data     extern E:\c18v3.46\pic18-lt\cxx-framework\src\traditional\proc\p18f4550.asm
                 ECCP1DEL   0x000fb7       data     extern E:\c18v3.46\pic18-lt\cxx-framework\src\traditional\proc\p18f4550.asm
             ECCP1DELbits   0x000fb7       data     extern E:\c18v3.46\pic18-lt\cxx-framework\src\traditional\proc\p18f4550.asm
                    EEADR   0x000fa9       data     extern E:\c18v3.46\pic18-lt\cxx-framework\src\traditional\proc\p18f4550.asm
                   EECON1   0x000fa6       data     extern E:\c18v3.46\pic18-lt\cxx-framework\src\traditional\proc\p18f4550.asm
               EECON1bits   0x000fa6       data     extern E:\c18v3.46\pic18-lt\cxx-framework\src\traditional\proc\p18f4550.asm
                   EECON2   0x000fa7       data     extern E:\c18v3.46\pic18-lt\cxx-framework\src\traditional\proc\p18f4550.asm
                   EEDATA   0x000fa8       data     extern E:\c18v3.46\pic18-lt\cxx-framework\src\traditional\proc\p18f4550.asm
                     FSR0   0x000fe9       data     extern E:\c18v3.46\pic18-lt\cxx-framework\src\traditional\proc\p18f4550.asm
                    FSR0H   0x000fea       data     extern E:\c18v3.46\pic18-lt\cxx-framework\src\traditional\proc\p18f4550.asm
                    FSR0L   0x000fe9       data     extern E:\c18v3.46\pic18-lt\cxx-framework\src\traditional\proc\p18f4550.asm
                     FSR1   0x000fe1       data     extern E:\c18v3.46\pic18-lt\cxx-framework\src\traditional\proc\p18f4550.asm
                    FSR1H   0x000fe2       data     extern E:\c18v3.46\pic18-lt\cxx-framework\src\traditional\proc\p18f4550.asm
                    FSR1L   0x000fe1       data     extern E:\c18v3.46\pic18-lt\cxx-framework\src\traditional\proc\p18f4550.asm
                     FSR2   0x000fd9       data     extern E:\c18v3.46\pic18-lt\cxx-framework\src\traditional\proc\p18f4550.asm
                    FSR2H   0x000fda       data     extern E:\c18v3.46\pic18-lt\cxx-framework\src\traditional\proc\p18f4550.asm
                    FSR2L   0x000fd9       data     extern E:\c18v3.46\pic18-lt\cxx-framework\src\traditional\proc\p18f4550.asm
                  HLVDCON   0x000fd2       data     extern E:\c18v3.46\pic18-lt\cxx-framework\src\traditional\proc\p18f4550.asm
              HLVDCONbits   0x000fd2       data     extern E:\c18v3.46\pic18-lt\cxx-framework\src\traditional\proc\p18f4550.asm
                    INDF0   0x000fef       data     extern E:\c18v3.46\pic18-lt\cxx-framework\src\traditional\proc\p18f4550.asm
                    INDF1   0x000fe7       data     extern E:\c18v3.46\pic18-lt\cxx-framework\src\traditional\proc\p18f4550.asm
                    INDF2   0x000fdf       data     extern E:\c18v3.46\pic18-lt\cxx-framework\src\traditional\proc\p18f4550.asm
                   INTCON   0x000ff2       data     extern E:\c18v3.46\pic18-lt\cxx-framework\src\traditional\proc\p18f4550.asm
                  INTCON2   0x000ff1       data     extern E:\c18v3.46\pic18-lt\cxx-framework\src\traditional\proc\p18f4550.asm
              INTCON2bits   0x000ff1       data     extern E:\c18v3.46\pic18-lt\cxx-framework\src\traditional\proc\p18f4550.asm
                  INTCON3   0x000ff0       data     extern E:\c18v3.46\pic18-lt\cxx-framework\src\traditional\proc\p18f4550.asm
              INTCON3bits   0x000ff0       data     extern E:\c18v3.46\pic18-lt\cxx-framework\src\traditional\proc\p18f4550.asm
               INTCONbits   0x000ff2       data     extern E:\c18v3.46\pic18-lt\cxx-framework\src\traditional\proc\p18f4550.asm
                     IPR1   0x000f9f       data     extern E:\c18v3.46\pic18-lt\cxx-framework\src\traditional\proc\p18f4550.asm
                 IPR1bits   0x000f9f       data     extern E:\c18v3.46\pic18-lt\cxx-framework\src\traditional\proc\p18f4550.asm
                     IPR2   0x000fa2       data     extern E:\c18v3.46\pic18-lt\cxx-framework\src\traditional\proc\p18f4550.asm
                 IPR2bits   0x000fa2       data     extern E:\c18v3.46\pic18-lt\cxx-framework\src\traditional\proc\p18f4550.asm
             Keyboard_out   0x000091       data     extern E:\Progetti\joystick5_24\Firmware\GameportToHID\gamepad.c
                     LATA   0x000f89       data     extern E:\c18v3.46\pic18-lt\cxx-framework\src\traditional\proc\p18f4550.asm
                 LATAbits   0x000f89       data     extern E:\c18v3.46\pic18-lt\cxx-framework\src\traditional\proc\p18f4550.asm
                     LATB   0x000f8a       data     extern E:\c18v3.46\pic18-lt\cxx-framework\src\traditional\proc\p18f4550.asm
                 LATBbits   0x000f8a       data     extern E:\c18v3.46\pic18-lt\cxx-framework\src\traditional\proc\p18f4550.asm
                     LATC   0x000f8b       data     extern E:\c18v3.46\pic18-lt\cxx-framework\src\traditional\proc\p18f4550.asm
                 LATCbits   0x000f8b       data     extern E:\c18v3.46\pic18-lt\cxx-framework\src\traditional\proc\p18f4550.asm
                     LATD   0x000f8c       data     extern E:\c18v3.46\pic18-lt\cxx-framework\src\traditional\proc\p18f4550.asm
                 LATDbits   0x000f8c       data     extern E:\c18v3.46\pic18-lt\cxx-framework\src\traditional\proc\p18f4550.asm
                     LATE   0x000f8d       data     extern E:\c18v3.46\pic18-lt\cxx-framework\src\traditional\proc\p18f4550.asm
                 LATEbits   0x000f8d       data     extern E:\c18v3.46\pic18-lt\cxx-framework\src\traditional\proc\p18f4550.asm
                   LVDCON   0x000fd2       data     extern E:\c18v3.46\pic18-lt\cxx-framework\src\traditional\proc\p18f4550.asm
               LVDCONbits   0x000fd2       data     extern E:\c18v3.46\pic18-lt\cxx-framework\src\traditional\proc\p18f4550.asm
                   OSCCON   0x000fd3       data     extern E:\c18v3.46\pic18-lt\cxx-framework\src\traditional\proc\p18f4550.asm
               OSCCONbits   0x000fd3       data     extern E:\c18v3.46\pic18-lt\cxx-framework\src\traditional\proc\p18f4550.asm
                  OSCTUNE   0x000f9b       data     extern E:\c18v3.46\pic18-lt\cxx-framework\src\traditional\proc\p18f4550.asm
              OSCTUNEbits   0x000f9b       data     extern E:\c18v3.46\pic18-lt\cxx-framework\src\traditional\proc\p18f4550.asm
                       PC   0x000ff9       data     extern E:\c18v3.46\pic18-lt\cxx-framework\src\traditional\proc\p18f4550.asm
                      PCL   0x000ff9       data     extern E:\c18v3.46\pic18-lt\cxx-framework\src\traditional\proc\p18f4550.asm
                   PCLATH   0x000ffa       data     extern E:\c18v3.46\pic18-lt\cxx-framework\src\traditional\proc\p18f4550.asm
                   PCLATU   0x000ffb       data     extern E:\c18v3.46\pic18-lt\cxx-framework\src\traditional\proc\p18f4550.asm
                     PIE1   0x000f9d       data     extern E:\c18v3.46\pic18-lt\cxx-framework\src\traditional\proc\p18f4550.asm
                 PIE1bits   0x000f9d       data     extern E:\c18v3.46\pic18-lt\cxx-framework\src\traditional\proc\p18f4550.asm
                     PIE2   0x000fa0       data     extern E:\c18v3.46\pic18-lt\cxx-framework\src\traditional\proc\p18f4550.asm
                 PIE2bits   0x000fa0       data     extern E:\c18v3.46\pic18-lt\cxx-framework\src\traditional\proc\p18f4550.asm
                     PIR1   0x000f9e       data     extern E:\c18v3.46\pic18-lt\cxx-framework\src\traditional\proc\p18f4550.asm
                 PIR1bits   0x000f9e       data     extern E:\c18v3.46\pic18-lt\cxx-framework\src\traditional\proc\p18f4550.asm
                     PIR2   0x000fa1       data     extern E:\c18v3.46\pic18-lt\cxx-framework\src\traditional\proc\p18f4550.asm
                 PIR2bits   0x000fa1       data     extern E:\c18v3.46\pic18-lt\cxx-framework\src\traditional\proc\p18f4550.asm
                   PLUSW0   0x000feb       data     extern E:\c18v3.46\pic18-lt\cxx-framework\src\traditional\proc\p18f4550.asm
                   PLUSW1   0x000fe3       data     extern E:\c18v3.46\pic18-lt\cxx-framework\src\traditional\proc\p18f4550.asm
                   PLUSW2   0x000fdb       data     extern E:\c18v3.46\pic18-lt\cxx-framework\src\traditional\proc\p18f4550.asm
                    PORTA   0x000f80       data     extern E:\c18v3.46\pic18-lt\cxx-framework\src\traditional\proc\p18f4550.asm
                PORTAbits   0x000f80       data     extern E:\c18v3.46\pic18-lt\cxx-framework\src\traditional\proc\p18f4550.asm
                    PORTB   0x000f81       data     extern E:\c18v3.46\pic18-lt\cxx-framework\src\traditional\proc\p18f4550.asm
                PORTBbits   0x000f81       data     extern E:\c18v3.46\pic18-lt\cxx-framework\src\traditional\proc\p18f4550.asm
                    PORTC   0x000f82       data     extern E:\c18v3.46\pic18-lt\cxx-framework\src\traditional\proc\p18f4550.asm
                PORTCbits   0x000f82       data     extern E:\c18v3.46\pic18-lt\cxx-framework\src\traditional\proc\p18f4550.asm
                    PORTD   0x000f83       data     extern E:\c18v3.46\pic18-lt\cxx-framework\src\traditional\proc\p18f4550.asm
                PORTDbits   0x000f83       data     extern E:\c18v3.46\pic18-lt\cxx-framework\src\traditional\proc\p18f4550.asm
                    PORTE   0x000f84       data     extern E:\c18v3.46\pic18-lt\cxx-framework\src\traditional\proc\p18f4550.asm
                PORTEbits   0x000f84       data     extern E:\c18v3.46\pic18-lt\cxx-framework\src\traditional\proc\p18f4550.asm
                 POSTDEC0   0x000fed       data     extern E:\c18v3.46\pic18-lt\cxx-framework\src\traditional\proc\p18f4550.asm
                 POSTDEC1   0x000fe5       data     extern E:\c18v3.46\pic18-lt\cxx-framework\src\traditional\proc\p18f4550.asm
                 POSTDEC2   0x000fdd       data     extern E:\c18v3.46\pic18-lt\cxx-framework\src\traditional\proc\p18f4550.asm
                 POSTINC0   0x000fee       data     extern E:\c18v3.46\pic18-lt\cxx-framework\src\traditional\proc\p18f4550.asm
                 POSTINC1   0x000fe6       data     extern E:\c18v3.46\pic18-lt\cxx-framework\src\traditional\proc\p18f4550.asm
                 POSTINC2   0x000fde       data     extern E:\c18v3.46\pic18-lt\cxx-framework\src\traditional\proc\p18f4550.asm
                      PR2   0x000fcb       data     extern E:\c18v3.46\pic18-lt\cxx-framework\src\traditional\proc\p18f4550.asm
                  PREINC0   0x000fec       data     extern E:\c18v3.46\pic18-lt\cxx-framework\src\traditional\proc\p18f4550.asm
                  PREINC1   0x000fe4       data     extern E:\c18v3.46\pic18-lt\cxx-framework\src\traditional\proc\p18f4550.asm
                  PREINC2   0x000fdc       data     extern E:\c18v3.46\pic18-lt\cxx-framework\src\traditional\proc\p18f4550.asm
                     PROD   0x000ff3       data     extern E:\c18v3.46\pic18-lt\cxx-framework\src\traditional\proc\p18f4550.asm
                    PRODH   0x000ff4       data     extern E:\c18v3.46\pic18-lt\cxx-framework\src\traditional\proc\p18f4550.asm
                    PRODL   0x000ff3       data     extern E:\c18v3.46\pic18-lt\cxx-framework\src\traditional\proc\p18f4550.asm
                     RCON   0x000fd0       data     extern E:\c18v3.46\pic18-lt\cxx-framework\src\traditional\proc\p18f4550.asm
                 RCONbits   0x000fd0       data     extern E:\c18v3.46\pic18-lt\cxx-framework\src\traditional\proc\p18f4550.asm
                    RCREG   0x000fae       data     extern E:\c18v3.46\pic18-lt\cxx-framework\src\traditional\proc\p18f4550.asm
                    RCSTA   0x000fab       data     extern E:\c18v3.46\pic18-lt\cxx-framework\src\traditional\proc\p18f4550.asm
                RCSTAbits   0x000fab       data     extern E:\c18v3.46\pic18-lt\cxx-framework\src\traditional\proc\p18f4550.asm
              RC_Buttons0   0x0000a1       data     extern E:\Progetti\joystick5_24\Firmware\GameportToHID\buttons.c
              RC_Buttons1   0x0000a2       data     extern E:\Progetti\joystick5_24\Firmware\GameportToHID\buttons.c
              RC_Buttons2   0x0000a3       data     extern E:\Progetti\joystick5_24\Firmware\GameportToHID\buttons.c
             RemoteWakeup   0x00007f       data     extern E:\Progetti\joystick5_24\Firmware\GameportToHID\Microchip\Usb\usb_device.c
                     SIGN   0x000003       data     extern E:\c18v3.46\pic18-lt\cxx-framework\src\traditional\math\cmath18.asm
                    SPBRG   0x000faf       data     extern E:\c18v3.46\pic18-lt\cxx-framework\src\traditional\proc\p18f4550.asm
                   SPBRGH   0x000fb0       data     extern E:\c18v3.46\pic18-lt\cxx-framework\src\traditional\proc\p18f4550.asm
                   SPPCFG   0x000f63       data     extern E:\c18v3.46\pic18-lt\cxx-framework\src\traditional\proc\p18f4550.asm
               SPPCFGbits   0x000f63       data     extern E:\c18v3.46\pic18-lt\cxx-framework\src\traditional\proc\p18f4550.asm
                   SPPCON   0x000f65       data     extern E:\c18v3.46\pic18-lt\cxx-framework\src\traditional\proc\p18f4550.asm
               SPPCONbits   0x000f65       data     extern E:\c18v3.46\pic18-lt\cxx-framework\src\traditional\proc\p18f4550.asm
                  SPPDATA   0x000f62       data     extern E:\c18v3.46\pic18-lt\cxx-framework\src\traditional\proc\p18f4550.asm
                   SPPEPS   0x000f64       data     extern E:\c18v3.46\pic18-lt\cxx-framework\src\traditional\proc\p18f4550.asm
               SPPEPSbits   0x000f64       data     extern E:\c18v3.46\pic18-lt\cxx-framework\src\traditional\proc\p18f4550.asm
                   SSPADD   0x000fc8       data     extern E:\c18v3.46\pic18-lt\cxx-framework\src\traditional\proc\p18f4550.asm
                   SSPBUF   0x000fc9       data     extern E:\c18v3.46\pic18-lt\cxx-framework\src\traditional\proc\p18f4550.asm
                  SSPCON1   0x000fc6       data     extern E:\c18v3.46\pic18-lt\cxx-framework\src\traditional\proc\p18f4550.asm
              SSPCON1bits   0x000fc6       data     extern E:\c18v3.46\pic18-lt\cxx-framework\src\traditional\proc\p18f4550.asm
                  SSPCON2   0x000fc5       data     extern E:\c18v3.46\pic18-lt\cxx-framework\src\traditional\proc\p18f4550.asm
              SSPCON2bits   0x000fc5       data     extern E:\c18v3.46\pic18-lt\cxx-framework\src\traditional\proc\p18f4550.asm
                  SSPSTAT   0x000fc7       data     extern E:\c18v3.46\pic18-lt\cxx-framework\src\traditional\proc\p18f4550.asm
              SSPSTATbits   0x000fc7       data     extern E:\c18v3.46\pic18-lt\cxx-framework\src\traditional\proc\p18f4550.asm
                   STATUS   0x000fd8       data     extern E:\c18v3.46\pic18-lt\cxx-framework\src\traditional\proc\p18f4550.asm
               STATUSbits   0x000fd8       data     extern E:\c18v3.46\pic18-lt\cxx-framework\src\traditional\proc\p18f4550.asm
                   STKPTR   0x000ffc       data     extern E:\c18v3.46\pic18-lt\cxx-framework\src\traditional\proc\p18f4550.asm
               STKPTRbits   0x000ffc       data     extern E:\c18v3.46\pic18-lt\cxx-framework\src\traditional\proc\p18f4550.asm
                 SetupPkt   0x000410       data     extern E:\Progetti\joystick5_24\Firmware\GameportToHID\Microchip\Usb\usb_device.c
                    T0CON   0x000fd5       data     extern E:\c18v3.46\pic18-lt\cxx-framework\src\traditional\proc\p18f4550.asm
                T0CONbits   0x000fd5       data     extern E:\c18v3.46\pic18-lt\cxx-framework\src\traditional\proc\p18f4550.asm
                    T1CON   0x000fcd       data     extern E:\c18v3.46\pic18-lt\cxx-framework\src\traditional\proc\p18f4550.asm
                T1CONbits   0x000fcd       data     extern E:\c18v3.46\pic18-lt\cxx-framework\src\traditional\proc\p18f4550.asm
                    T2CON   0x000fca       data     extern E:\c18v3.46\pic18-lt\cxx-framework\src\traditional\proc\p18f4550.asm
                T2CONbits   0x000fca       data     extern E:\c18v3.46\pic18-lt\cxx-framework\src\traditional\proc\p18f4550.asm
                    T3CON   0x000fb1       data     extern E:\c18v3.46\pic18-lt\cxx-framework\src\traditional\proc\p18f4550.asm
                T3CONbits   0x000fb1       data     extern E:\c18v3.46\pic18-lt\cxx-framework\src\traditional\proc\p18f4550.asm
                   TABLAT   0x000ff5       data     extern E:\c18v3.46\pic18-lt\cxx-framework\src\traditional\proc\p18f4550.asm
                   TBLPTR   0x000ff6       data     extern E:\c18v3.46\pic18-lt\cxx-framework\src\traditional\proc\p18f4550.asm
                  TBLPTRH   0x000ff7       data     extern E:\c18v3.46\pic18-lt\cxx-framework\src\traditional\proc\p18f4550.asm
                  TBLPTRL   0x000ff6       data     extern E:\c18v3.46\pic18-lt\cxx-framework\src\traditional\proc\p18f4550.asm
                  TBLPTRU   0x000ff8       data     extern E:\c18v3.46\pic18-lt\cxx-framework\src\traditional\proc\p18f4550.asm
                    TMR0H   0x000fd7       data     extern E:\c18v3.46\pic18-lt\cxx-framework\src\traditional\proc\p18f4550.asm
                    TMR0L   0x000fd6       data     extern E:\c18v3.46\pic18-lt\cxx-framework\src\traditional\proc\p18f4550.asm
                    TMR1H   0x000fcf       data     extern E:\c18v3.46\pic18-lt\cxx-framework\src\traditional\proc\p18f4550.asm
                    TMR1L   0x000fce       data     extern E:\c18v3.46\pic18-lt\cxx-framework\src\traditional\proc\p18f4550.asm
                     TMR2   0x000fcc       data     extern E:\c18v3.46\pic18-lt\cxx-framework\src\traditional\proc\p18f4550.asm
                    TMR3H   0x000fb3       data     extern E:\c18v3.46\pic18-lt\cxx-framework\src\traditional\proc\p18f4550.asm
                    TMR3L   0x000fb2       data     extern E:\c18v3.46\pic18-lt\cxx-framework\src\traditional\proc\p18f4550.asm
                      TOS   0x000ffd       data     extern E:\c18v3.46\pic18-lt\cxx-framework\src\traditional\proc\p18f4550.asm
                     TOSH   0x000ffe       data     extern E:\c18v3.46\pic18-lt\cxx-framework\src\traditional\proc\p18f4550.asm
                     TOSL   0x000ffd       data     extern E:\c18v3.46\pic18-lt\cxx-framework\src\traditional\proc\p18f4550.asm
                     TOSU   0x000fff       data     extern E:\c18v3.46\pic18-lt\cxx-framework\src\traditional\proc\p18f4550.asm
                    TRISA   0x000f92       data     extern E:\c18v3.46\pic18-lt\cxx-framework\src\traditional\proc\p18f4550.asm
                TRISAbits   0x000f92       data     extern E:\c18v3.46\pic18-lt\cxx-framework\src\traditional\proc\p18f4550.asm
                    TRISB   0x000f93       data     extern E:\c18v3.46\pic18-lt\cxx-framework\src\traditional\proc\p18f4550.asm
                TRISBbits   0x000f93       data     extern E:\c18v3.46\pic18-lt\cxx-framework\src\traditional\proc\p18f4550.asm
                    TRISC   0x000f94       data     extern E:\c18v3.46\pic18-lt\cxx-framework\src\traditional\proc\p18f4550.asm
                TRISCbits   0x000f94       data     extern E:\c18v3.46\pic18-lt\cxx-framework\src\traditional\proc\p18f4550.asm
                    TRISD   0x000f95       data     extern E:\c18v3.46\pic18-lt\cxx-framework\src\traditional\proc\p18f4550.asm
                TRISDbits   0x000f95       data     extern E:\c18v3.46\pic18-lt\cxx-framework\src\traditional\proc\p18f4550.asm
                    TRISE   0x000f96       data     extern E:\c18v3.46\pic18-lt\cxx-framework\src\traditional\proc\p18f4550.asm
                TRISEbits   0x000f96       data     extern E:\c18v3.46\pic18-lt\cxx-framework\src\traditional\proc\p18f4550.asm
                    TXREG   0x000fad       data     extern E:\c18v3.46\pic18-lt\cxx-framework\src\traditional\proc\p18f4550.asm
                    TXSTA   0x000fac       data     extern E:\c18v3.46\pic18-lt\cxx-framework\src\traditional\proc\p18f4550.asm
                TXSTAbits   0x000fac       data     extern E:\c18v3.46\pic18-lt\cxx-framework\src\traditional\proc\p18f4550.asm
                    UADDR   0x000f6e       data     extern E:\c18v3.46\pic18-lt\cxx-framework\src\traditional\proc\p18f4550.asm
                UADDRbits   0x000f6e       data     extern E:\c18v3.46\pic18-lt\cxx-framework\src\traditional\proc\p18f4550.asm
                     UCFG   0x000f6f       data     extern E:\c18v3.46\pic18-lt\cxx-framework\src\traditional\proc\p18f4550.asm
                 UCFGbits   0x000f6f       data     extern E:\c18v3.46\pic18-lt\cxx-framework\src\traditional\proc\p18f4550.asm
                     UCON   0x000f6d       data     extern E:\c18v3.46\pic18-lt\cxx-framework\src\traditional\proc\p18f4550.asm
                 UCONbits   0x000f6d       data     extern E:\c18v3.46\pic18-lt\cxx-framework\src\traditional\proc\p18f4550.asm
                     UEIE   0x000f6b       data     extern E:\c18v3.46\pic18-lt\cxx-framework\src\traditional\proc\p18f4550.asm
                 UEIEbits   0x000f6b       data     extern E:\c18v3.46\pic18-lt\cxx-framework\src\traditional\proc\p18f4550.asm
                     UEIR   0x000f6a       data     extern E:\c18v3.46\pic18-lt\cxx-framework\src\traditional\proc\p18f4550.asm
                 UEIRbits   0x000f6a       data     extern E:\c18v3.46\pic18-lt\cxx-framework\src\traditional\proc\p18f4550.asm
                     UEP0   0x000f70       data     extern E:\c18v3.46\pic18-lt\cxx-framework\src\traditional\proc\p18f4550.asm
                 UEP0bits   0x000f70       data     extern E:\c18v3.46\pic18-lt\cxx-framework\src\traditional\proc\p18f4550.asm
                     UEP1   0x000f71       data     extern E:\c18v3.46\pic18-lt\cxx-framework\src\traditional\proc\p18f4550.asm
                    UEP10   0x000f7a       data     extern E:\c18v3.46\pic18-lt\cxx-framework\src\traditional\proc\p18f4550.asm
                UEP10bits   0x000f7a       data     extern E:\c18v3.46\pic18-lt\cxx-framework\src\traditional\proc\p18f4550.asm
                    UEP11   0x000f7b       data     extern E:\c18v3.46\pic18-lt\cxx-framework\src\traditional\proc\p18f4550.asm
                UEP11bits   0x000f7b       data     extern E:\c18v3.46\pic18-lt\cxx-framework\src\traditional\proc\p18f4550.asm
                    UEP12   0x000f7c       data     extern E:\c18v3.46\pic18-lt\cxx-framework\src\traditional\proc\p18f4550.asm
                UEP12bits   0x000f7c       data     extern E:\c18v3.46\pic18-lt\cxx-framework\src\traditional\proc\p18f4550.asm
                    UEP13   0x000f7d       data     extern E:\c18v3.46\pic18-lt\cxx-framework\src\traditional\proc\p18f4550.asm
                UEP13bits   0x000f7d       data     extern E:\c18v3.46\pic18-lt\cxx-framework\src\traditional\proc\p18f4550.asm
                    UEP14   0x000f7e       data     extern E:\c18v3.46\pic18-lt\cxx-framework\src\traditional\proc\p18f4550.asm
                UEP14bits   0x000f7e       data     extern E:\c18v3.46\pic18-lt\cxx-framework\src\traditional\proc\p18f4550.asm
                    UEP15   0x000f7f       data     extern E:\c18v3.46\pic18-lt\cxx-framework\src\traditional\proc\p18f4550.asm
                UEP15bits   0x000f7f       data     extern E:\c18v3.46\pic18-lt\cxx-framework\src\traditional\proc\p18f4550.asm
                 UEP1bits   0x000f71       data     extern E:\c18v3.46\pic18-lt\cxx-framework\src\traditional\proc\p18f4550.asm
                     UEP2   0x000f72       data     extern E:\c18v3.46\pic18-lt\cxx-framework\src\traditional\proc\p18f4550.asm
                 UEP2bits   0x000f72       data     extern E:\c18v3.46\pic18-lt\cxx-framework\src\traditional\proc\p18f4550.asm
                     UEP3   0x000f73       data     extern E:\c18v3.46\pic18-lt\cxx-framework\src\traditional\proc\p18f4550.asm
                 UEP3bits   0x000f73       data     extern E:\c18v3.46\pic18-lt\cxx-framework\src\traditional\proc\p18f4550.asm
                     UEP4   0x000f74       data     extern E:\c18v3.46\pic18-lt\cxx-framework\src\traditional\proc\p18f4550.asm
                 UEP4bits   0x000f74       data     extern E:\c18v3.46\pic18-lt\cxx-framework\src\traditional\proc\p18f4550.asm
                     UEP5   0x000f75       data     extern E:\c18v3.46\pic18-lt\cxx-framework\src\traditional\proc\p18f4550.asm
                 UEP5bits   0x000f75       data     extern E:\c18v3.46\pic18-lt\cxx-framework\src\traditional\proc\p18f4550.asm
                     UEP6   0x000f76       data     extern E:\c18v3.46\pic18-lt\cxx-framework\src\traditional\proc\p18f4550.asm
                 UEP6bits   0x000f76       data     extern E:\c18v3.46\pic18-lt\cxx-framework\src\traditional\proc\p18f4550.asm
                     UEP7   0x000f77       data     extern E:\c18v3.46\pic18-lt\cxx-framework\src\traditional\proc\p18f4550.asm
                 UEP7bits   0x000f77       data     extern E:\c18v3.46\pic18-lt\cxx-framework\src\traditional\proc\p18f4550.asm
                     UEP8   0x000f78       data     extern E:\c18v3.46\pic18-lt\cxx-framework\src\traditional\proc\p18f4550.asm
                 UEP8bits   0x000f78       data     extern E:\c18v3.46\pic18-lt\cxx-framework\src\traditional\proc\p18f4550.asm
                     UEP9   0x000f79       data     extern E:\c18v3.46\pic18-lt\cxx-framework\src\traditional\proc\p18f4550.asm
                 UEP9bits   0x000f79       data     extern E:\c18v3.46\pic18-lt\cxx-framework\src\traditional\proc\p18f4550.asm
                     UFRM   0x000f66       data     extern E:\c18v3.46\pic18-lt\cxx-framework\src\traditional\proc\p18f4550.asm
                    UFRMH   0x000f67       data     extern E:\c18v3.46\pic18-lt\cxx-framework\src\traditional\proc\p18f4550.asm
                UFRMHbits   0x000f67       data     extern E:\c18v3.46\pic18-lt\cxx-framework\src\traditional\proc\p18f4550.asm
                    UFRML   0x000f66       data     extern E:\c18v3.46\pic18-lt\cxx-framework\src\traditional\proc\p18f4550.asm
                UFRMLbits   0x000f66       data     extern E:\c18v3.46\pic18-lt\cxx-framework\src\traditional\proc\p18f4550.asm
                      UIE   0x000f69       data     extern E:\c18v3.46\pic18-lt\cxx-framework\src\traditional\proc\p18f4550.asm
                  UIEbits   0x000f69       data     extern E:\c18v3.46\pic18-lt\cxx-framework\src\traditional\proc\p18f4550.asm
                      UIR   0x000f68       data     extern E:\c18v3.46\pic18-lt\cxx-framework\src\traditional\proc\p18f4550.asm
                  UIRbits   0x000f68       data     extern E:\c18v3.46\pic18-lt\cxx-framework\src\traditional\proc\p18f4550.asm
   USBActiveConfiguration   0x000061       data     extern E:\Progetti\joystick5_24\Firmware\GameportToHID\Microchip\Usb\usb_device.c
    USBAlternateInterface   0x000062       data     extern E:\Progetti\joystick5_24\Firmware\GameportToHID\Microchip\Usb\usb_device.c
           USBDeviceState   0x000060       data     extern E:\Progetti\joystick5_24\Firmware\GameportToHID\Microchip\Usb\usb_device.c
                USBInData   0x000083       data     extern E:\Progetti\joystick5_24\Firmware\GameportToHID\Microchip\Usb\usb_device.c
       USBInMaxPacketSize   0x000081       data     extern E:\Progetti\joystick5_24\Firmware\GameportToHID\Microchip\Usb\usb_device.c
                    USTAT   0x000f6c       data     extern E:\c18v3.46\pic18-lt\cxx-framework\src\traditional\proc\p18f4550.asm
                USTATbits   0x000f6c       data     extern E:\c18v3.46\pic18-lt\cxx-framework\src\traditional\proc\p18f4550.asm
                USTATcopy   0x000080       data     extern E:\Progetti\joystick5_24\Firmware\GameportToHID\Microchip\Usb\usb_device.c
                   WDTCON   0x000fd1       data     extern E:\c18v3.46\pic18-lt\cxx-framework\src\traditional\proc\p18f4550.asm
               WDTCONbits   0x000fd1       data     extern E:\c18v3.46\pic18-lt\cxx-framework\src\traditional\proc\p18f4550.asm
                     WREG   0x000fe8       data     extern E:\c18v3.46\pic18-lt\cxx-framework\src\traditional\proc\p18f4550.asm
                __FPFLAGS   0x000004       data     extern E:\c18v3.46\pic18-lt\cxx-framework\src\traditional\math\cmath18.asm
            __FPFLAGSbits   0x000004       data     extern E:\c18v3.46\pic18-lt\cxx-framework\src\traditional\math\cmath18.asm
                  __tmp_0   0x000000       data     static E:\Progetti\joystick5_24\Firmware\GameportToHID\Microchip\Usb\usb_device.c
                  __tmp_0   0x000000       data     static E:\Progetti\joystick5_24\Firmware\GameportToHID\gamepad.c
          active_protocol   0x00009f       data     extern E:\Progetti\joystick5_24\Firmware\GameportToHID\Microchip\Usb\HID Device Driver\usb_function_hid.c
                   buffer   0x000087       data     extern E:\Progetti\joystick5_24\Firmware\GameportToHID\gamepad.c
     controlTransferState   0x000070       data     extern E:\Progetti\joystick5_24\Firmware\GameportToHID\Microchip\Usb\usb_device.c
                curr_byte   0x000097       data     static E:\c18v3.46\pic18-lt\cxx-framework\src\traditional\startup\c018i.c
               curr_entry   0x000099       data     static E:\c18v3.46\pic18-lt\cxx-framework\src\traditional\startup\c018i.c
                 data_ptr   0x00009b       data     static E:\c18v3.46\pic18-lt\cxx-framework\src\traditional\startup\c018i.c
              delay_count   0x000092       data     static E:\Progetti\joystick5_24\Firmware\GameportToHID\gamepad.c
            hid_report_in   0x000423       data     extern E:\Progetti\joystick5_24\Firmware\GameportToHID\Microchip\Usb\usb_device.c
           hid_report_out   0x000420       data     extern E:\Progetti\joystick5_24\Firmware\GameportToHID\Microchip\Usb\usb_device.c
           hid_rpt_rx_len   0x0000a0       data     extern E:\Progetti\joystick5_24\Firmware\GameportToHID\Microchip\Usb\HID Device Driver\usb_function_hid.c
                idle_rate   0x00009e       data     extern E:\Progetti\joystick5_24\Firmware\GameportToHID\Microchip\Usb\HID Device Driver\usb_function_hid.c
                  inPipes   0x000071       data     extern E:\Progetti\joystick5_24\Firmware\GameportToHID\Microchip\Usb\usb_device.c
         lastTransmission   0x00008f       data     extern E:\Progetti\joystick5_24\Firmware\GameportToHID\gamepad.c
                  old_sw2   0x000085       data     extern E:\Progetti\joystick5_24\Firmware\GameportToHID\gamepad.c
                  old_sw3   0x000086       data     extern E:\Progetti\joystick5_24\Firmware\GameportToHID\gamepad.c
                 outPipes   0x000076       data     extern E:\Progetti\joystick5_24\Firmware\GameportToHID\Microchip\Usb\usb_device.c
   pBDTEntryEP0OutCurrent   0x000063       data     extern E:\Progetti\joystick5_24\Firmware\GameportToHID\Microchip\Usb\usb_device.c
      pBDTEntryEP0OutNext   0x000065       data     extern E:\Progetti\joystick5_24\Firmware\GameportToHID\Microchip\Usb\usb_device.c
              pBDTEntryIn   0x00006b       data     extern E:\Progetti\joystick5_24\Firmware\GameportToHID\Microchip\Usb\usb_device.c
             pBDTEntryOut   0x000067       data     extern E:\Progetti\joystick5_24\Firmware\GameportToHID\Microchip\Usb\usb_device.c
                     pDst   0x00007d       data     extern E:\Progetti\joystick5_24\Firmware\GameportToHID\Microchip\Usb\usb_device.c
                     prom   0x000094       data     static E:\c18v3.46\pic18-lt\cxx-framework\src\traditional\startup\c018i.c
        shortPacketStatus   0x00006f       data     extern E:\Progetti\joystick5_24\Firmware\GameportToHID\Microchip\Usb\usb_device.c



                              Symbols - Sorted by Address
                     Name    Address   Location    Storage File                     
                ---------  ---------  ---------  --------- ---------                
                   _entry   0x000000    program     extern E:\c18v3.46\pic18-lt\cxx-framework\src\traditional\startup\c018i.c
       ___return_lbl00000   0x000004    program     static                          
        Remapped_High_ISR   0x000008    program     extern E:\Progetti\joystick5_24\Firmware\GameportToHID\gamepad.c
       ___return_lbl00000   0x00000c    program     static                          
                   __init   0x00000e    program     extern E:\c18v3.46\pic18-lt\cxx-framework\src\traditional\stdclib\__init.c
         Remapped_Low_ISR   0x000018    program     extern E:\Progetti\joystick5_24\Firmware\GameportToHID\gamepad.c
       ___return_lbl00001   0x00001c    program     static                          
            USBDeviceInit   0x00001e    program     extern E:\Progetti\joystick5_24\Firmware\GameportToHID\Microchip\Usb\usb_device.c
           USBDeviceTasks   0x000096    program     extern E:\Progetti\joystick5_24\Firmware\GameportToHID\Microchip\Usb\usb_device.c
          USBStallHandler   0x000172    program     extern E:\Progetti\joystick5_24\Firmware\GameportToHID\Microchip\Usb\usb_device.c
               USBSuspend   0x000198    program     extern E:\Progetti\joystick5_24\Firmware\GameportToHID\Microchip\Usb\usb_device.c
       USBWakeFromSuspend   0x0001a4    program     extern E:\Progetti\joystick5_24\Firmware\GameportToHID\Microchip\Usb\usb_device.c
         USBCtrlEPService   0x0001b8    program     extern E:\Progetti\joystick5_24\Firmware\GameportToHID\Microchip\Usb\usb_device.c
   USBCtrlTrfSetupHandler   0x0001fc    program     extern E:\Progetti\joystick5_24\Firmware\GameportToHID\Microchip\Usb\usb_device.c
     USBCtrlTrfOutHandler   0x00021e    program     extern E:\Progetti\joystick5_24\Firmware\GameportToHID\Microchip\Usb\usb_device.c
      USBCtrlTrfInHandler   0x00022e    program     extern E:\Progetti\joystick5_24\Firmware\GameportToHID\Microchip\Usb\usb_device.c
USBPrepareForNextSetupTrf   0x000284    program     extern E:\Progetti\joystick5_24\Firmware\GameportToHID\Microchip\Usb\usb_device.c
       USBCheckStdRequest   0x00033c    program     extern E:\Progetti\joystick5_24\Firmware\GameportToHID\Microchip\Usb\usb_device.c
  USBStdFeatureReqHandler   0x0003e0    program     extern E:\Progetti\joystick5_24\Firmware\GameportToHID\Microchip\Usb\usb_device.c
      USBStdGetDscHandler   0x00049a    program     extern E:\Progetti\joystick5_24\Firmware\GameportToHID\Microchip\Usb\usb_device.c
   USBStdGetStatusHandler   0x000510    program     extern E:\Progetti\joystick5_24\Firmware\GameportToHID\Microchip\Usb\usb_device.c
 USBCtrlEPServiceComplete   0x00057a    program     extern E:\Progetti\joystick5_24\Firmware\GameportToHID\Microchip\Usb\usb_device.c
      USBCtrlTrfTxService   0x0005ea    program     extern E:\Progetti\joystick5_24\Firmware\GameportToHID\Microchip\Usb\usb_device.c
      USBCtrlTrfRxService   0x00068e    program     extern E:\Progetti\joystick5_24\Firmware\GameportToHID\Microchip\Usb\usb_device.c
      USBStdSetCfgHandler   0x000740    program     extern E:\Progetti\joystick5_24\Firmware\GameportToHID\Microchip\Usb\usb_device.c
     USBConfigureEndpoint   0x000772    program     extern E:\Progetti\joystick5_24\Firmware\GameportToHID\Microchip\Usb\usb_device.c
        USBEnableEndpoint   0x0007e4    program     extern E:\Progetti\joystick5_24\Firmware\GameportToHID\Microchip\Usb\usb_device.c
         USBStallEndpoint   0x00082e    program     extern E:\Progetti\joystick5_24\Firmware\GameportToHID\Microchip\Usb\usb_device.c
     USBTransferOnePacket   0x00087c    program     extern E:\Progetti\joystick5_24\Firmware\GameportToHID\Microchip\Usb\usb_device.c
    USBClearInterruptFlag   0x0008ec    program     extern E:\Progetti\joystick5_24\Firmware\GameportToHID\Microchip\Usb\usb_device.c
                   __pa_0   0x000916    program     static E:\Progetti\joystick5_24\Firmware\GameportToHID\Microchip\Usb\usb_device.c
                   __pa_1   0x000924    program     static E:\Progetti\joystick5_24\Firmware\GameportToHID\Microchip\Usb\usb_device.c
                   __pa_2   0x000938    program     static E:\Progetti\joystick5_24\Firmware\GameportToHID\Microchip\Usb\usb_device.c
                   __pa_3   0x000942    program     static E:\Progetti\joystick5_24\Firmware\GameportToHID\Microchip\Usb\usb_device.c
                   __pa_4   0x00094a    program     static E:\Progetti\joystick5_24\Firmware\GameportToHID\Microchip\Usb\usb_device.c
                   __pa_5   0x00094e    program     static E:\Progetti\joystick5_24\Firmware\GameportToHID\Microchip\Usb\usb_device.c
                   __pa_6   0x000958    program     static E:\Progetti\joystick5_24\Firmware\GameportToHID\Microchip\Usb\usb_device.c
                   __pa_7   0x000966    program     static E:\Progetti\joystick5_24\Firmware\GameportToHID\Microchip\Usb\usb_device.c
                   __pa_8   0x000972    program     static E:\Progetti\joystick5_24\Firmware\GameportToHID\Microchip\Usb\usb_device.c
                   __pa_9   0x00097c    program     static E:\Progetti\joystick5_24\Firmware\GameportToHID\Microchip\Usb\usb_device.c
                  __pa_10   0x000998    program     static E:\Progetti\joystick5_24\Firmware\GameportToHID\Microchip\Usb\usb_device.c
                  __pa_11   0x0009aa    program     static E:\Progetti\joystick5_24\Firmware\GameportToHID\Microchip\Usb\usb_device.c
                  __pa_12   0x0009c6    program     static E:\Progetti\joystick5_24\Firmware\GameportToHID\Microchip\Usb\usb_device.c
                  __pa_13   0x0009d0    program     static E:\Progetti\joystick5_24\Firmware\GameportToHID\Microchip\Usb\usb_device.c
              __tmplbl_25   0x0009d6    program     static                          
              __tmplbl_31   0x0009d6    program     static                          
                  __pa_14   0x0009d6    program     static E:\Progetti\joystick5_24\Firmware\GameportToHID\Microchip\Usb\usb_device.c
                  __pa_15   0x0009da    program     static E:\Progetti\joystick5_24\Firmware\GameportToHID\Microchip\Usb\usb_device.c
                  __pa_16   0x0009ea    program     static E:\Progetti\joystick5_24\Firmware\GameportToHID\Microchip\Usb\usb_device.c
                  __pa_17   0x0009fa    program     static E:\Progetti\joystick5_24\Firmware\GameportToHID\Microchip\Usb\usb_device.c
                  __pa_18   0x000a0a    program     static E:\Progetti\joystick5_24\Firmware\GameportToHID\Microchip\Usb\usb_device.c
                  __pa_19   0x000a18    program     static E:\Progetti\joystick5_24\Firmware\GameportToHID\Microchip\Usb\usb_device.c
                  __pa_20   0x000a26    program     static E:\Progetti\joystick5_24\Firmware\GameportToHID\Microchip\Usb\usb_device.c
                  __pa_21   0x000a2e    program     static E:\Progetti\joystick5_24\Firmware\GameportToHID\Microchip\Usb\usb_device.c
                  __pa_22   0x000a38    program     static E:\Progetti\joystick5_24\Firmware\GameportToHID\Microchip\Usb\usb_device.c
                  __pa_23   0x000a44    program     static E:\Progetti\joystick5_24\Firmware\GameportToHID\Microchip\Usb\usb_device.c
                  __pa_24   0x000a50    program     static E:\Progetti\joystick5_24\Firmware\GameportToHID\Microchip\Usb\usb_device.c
                  __pa_25   0x000a5a    program     static E:\Progetti\joystick5_24\Firmware\GameportToHID\Microchip\Usb\usb_device.c
                  __pa_26   0x000a62    program     static E:\Progetti\joystick5_24\Firmware\GameportToHID\Microchip\Usb\usb_device.c
                  __pa_27   0x000a6c    program     static E:\Progetti\joystick5_24\Firmware\GameportToHID\Microchip\Usb\usb_device.c
                  __pa_28   0x000a76    program     static E:\Progetti\joystick5_24\Firmware\GameportToHID\Microchip\Usb\usb_device.c
                  __pa_29   0x000a84    program     static E:\Progetti\joystick5_24\Firmware\GameportToHID\Microchip\Usb\usb_device.c
                  __pa_30   0x000a94    program     static E:\Progetti\joystick5_24\Firmware\GameportToHID\Microchip\Usb\usb_device.c
                  __pa_31   0x000a9a    program     static E:\Progetti\joystick5_24\Firmware\GameportToHID\Microchip\Usb\usb_device.c
                  __pa_32   0x000aa4    program     static E:\Progetti\joystick5_24\Firmware\GameportToHID\Microchip\Usb\usb_device.c
                  __pa_33   0x000aac    program     static E:\Progetti\joystick5_24\Firmware\GameportToHID\Microchip\Usb\usb_device.c
                  __pa_34   0x000ac2    program     static E:\Progetti\joystick5_24\Firmware\GameportToHID\Microchip\Usb\usb_device.c
  YourHighPriorityISRCode   0x000acc    program     extern E:\Progetti\joystick5_24\Firmware\GameportToHID\gamepad.c
   YourLowPriorityISRCode   0x000ad0    program     extern E:\Progetti\joystick5_24\Firmware\GameportToHID\gamepad.c
                     main   0x000ae8    program     extern E:\Progetti\joystick5_24\Firmware\GameportToHID\gamepad.c
         InitializeSystem   0x000af2    program     static E:\Progetti\joystick5_24\Firmware\GameportToHID\gamepad.c
                 UserInit   0x000afe    program     extern E:\Progetti\joystick5_24\Firmware\GameportToHID\gamepad.c
                ProcessIO   0x000b0e    program     extern E:\Progetti\joystick5_24\Firmware\GameportToHID\gamepad.c
                 Joystick   0x000b22    program     extern E:\Progetti\joystick5_24\Firmware\GameportToHID\gamepad.c
             USBCBSuspend   0x000b8a    program     extern E:\Progetti\joystick5_24\Firmware\GameportToHID\gamepad.c
     USBCBWakeFromSuspend   0x000b8c    program     extern E:\Progetti\joystick5_24\Firmware\GameportToHID\gamepad.c
        USBCB_SOF_Handler   0x000b8e    program     extern E:\Progetti\joystick5_24\Firmware\GameportToHID\gamepad.c
        USBCBErrorHandler   0x000b90    program     extern E:\Progetti\joystick5_24\Firmware\GameportToHID\gamepad.c
       USBCBCheckOtherReq   0x000b92    program     extern E:\Progetti\joystick5_24\Firmware\GameportToHID\gamepad.c
    USBCBStdSetDscHandler   0x000b96    program     extern E:\Progetti\joystick5_24\Firmware\GameportToHID\gamepad.c
              USBCBInitEP   0x000b98    program     extern E:\Progetti\joystick5_24\Firmware\GameportToHID\gamepad.c
          USBCBSendResume   0x000baa    program     extern E:\Progetti\joystick5_24\Firmware\GameportToHID\gamepad.c
                   __pa_0   0x000bc6    program     static E:\Progetti\joystick5_24\Firmware\GameportToHID\gamepad.c
       USBCheckHIDRequest   0x000bd4    program     extern E:\Progetti\joystick5_24\Firmware\GameportToHID\Microchip\Usb\HID Device Driver\usb_function_hid.c
      HIDGetReportHandler   0x000caa    program     extern E:\Progetti\joystick5_24\Firmware\GameportToHID\Microchip\Usb\HID Device Driver\usb_function_hid.c
      HIDSetReportHandler   0x000cac    program     extern E:\Progetti\joystick5_24\Firmware\GameportToHID\Microchip\Usb\HID Device Driver\usb_function_hid.c
                HIDInitEP   0x000cae    program     extern E:\Progetti\joystick5_24\Firmware\GameportToHID\Microchip\Usb\HID Device Driver\usb_function_hid.c
               device_dsc   0x000cb0    program     extern E:\Progetti\joystick5_24\Firmware\GameportToHID\usb_descriptors.c
        configDescriptor1   0x000cc2    program     extern E:\Progetti\joystick5_24\Firmware\GameportToHID\usb_descriptors.c
                    sd000   0x000ce4    program     extern E:\Progetti\joystick5_24\Firmware\GameportToHID\usb_descriptors.c
                    sd001   0x000ce8    program     extern E:\Progetti\joystick5_24\Firmware\GameportToHID\usb_descriptors.c
                    sd002   0x000d1c    program     extern E:\Progetti\joystick5_24\Firmware\GameportToHID\usb_descriptors.c
                hid_rpt01   0x000d4a    program     extern E:\Progetti\joystick5_24\Firmware\GameportToHID\usb_descriptors.c
               USB_CD_Ptr   0x000d7f    program     extern E:\Progetti\joystick5_24\Firmware\GameportToHID\usb_descriptors.c
               USB_SD_Ptr   0x000d81    program     extern E:\Progetti\joystick5_24\Firmware\GameportToHID\usb_descriptors.c
                _do_cinit   0x000d88    program     extern E:\c18v3.46\pic18-lt\cxx-framework\src\traditional\startup\c018i.c
                     test   0x000da2    program     static                          
                copy_loop   0x000dfa    program     static                          
            copy_one_byte   0x000e00    program     static                          
             done_copying   0x000e0e    program     static                          
                     done   0x000e24    program     static                          
       ___return_lbl00002   0x000e24    program     static                          
                 Init_ADC   0x000e26    program     extern E:\Progetti\joystick5_24\Firmware\GameportToHID\adc.c
                   UP_ADC   0x000e40    program     extern E:\Progetti\joystick5_24\Firmware\GameportToHID\adc.c
                   memset   0x000e98    program     extern E:\c18v3.46\pic18-lt\cxx-framework\src\traditional\stdclib\memset.asm
                    jLoop   0x000eac    program     static E:\c18v3.46\pic18-lt\cxx-framework\src\traditional\stdclib\memset.asm
              _2jContinue   0x000eb8    program     static E:\c18v3.46\pic18-lt\cxx-framework\src\traditional\stdclib\memset.asm
                   _3jEnd   0x000ec2    program     static E:\c18v3.46\pic18-lt\cxx-framework\src\traditional\stdclib\memset.asm
                     jEnd   0x000eca    program     static E:\c18v3.46\pic18-lt\cxx-framework\src\traditional\stdclib\memset.asm
              Button_Init   0x000ecc    program     extern E:\Progetti\joystick5_24\Firmware\GameportToHID\buttons.c
                UP_Button   0x000ee6    program     extern E:\Progetti\joystick5_24\Firmware\GameportToHID\buttons.c
            __zero_memory   0x000efc    program     extern E:\c18v3.46\pic18-lt\cxx-framework\src\traditional\proc\p18f4550.asm
                   loop_h   0x000f0a    program     static E:\c18v3.46\pic18-lt\cxx-framework\src\traditional\proc\p18f4550.asm
               zero_block   0x000f0a    program     static E:\c18v3.46\pic18-lt\cxx-framework\src\traditional\proc\p18f4550.asm
                compare_l   0x000f12    program     static E:\c18v3.46\pic18-lt\cxx-framework\src\traditional\proc\p18f4550.asm
                   loop_l   0x000f14    program     static E:\c18v3.46\pic18-lt\cxx-framework\src\traditional\proc\p18f4550.asm
                 _startup   0x000f1c    program     extern E:\c18v3.46\pic18-lt\cxx-framework\src\traditional\startup\c018i.c
                     loop   0x000f2c    program     static                          
       ___return_lbl00001   0x000f36    program     static                          
               __config_0   0x300000    program     static E:\Progetti\joystick5_24\Firmware\GameportToHID\gamepad.c
               __config_1   0x300001    program     static E:\Progetti\joystick5_24\Firmware\GameportToHID\gamepad.c
               __config_2   0x300002    program     static E:\Progetti\joystick5_24\Firmware\GameportToHID\gamepad.c
               __config_3   0x300003    program     static E:\Progetti\joystick5_24\Firmware\GameportToHID\gamepad.c
               __config_4   0x300005    program     static E:\Progetti\joystick5_24\Firmware\GameportToHID\gamepad.c
               __config_5   0x300006    program     static E:\Progetti\joystick5_24\Firmware\GameportToHID\gamepad.c
               __config_6   0x300008    program     static E:\Progetti\joystick5_24\Firmware\GameportToHID\gamepad.c
               __config_7   0x300009    program     static E:\Progetti\joystick5_24\Firmware\GameportToHID\gamepad.c
               __config_8   0x30000a    program     static E:\Progetti\joystick5_24\Firmware\GameportToHID\gamepad.c
               __config_9   0x30000b    program     static E:\Progetti\joystick5_24\Firmware\GameportToHID\gamepad.c
              __config_10   0x30000c    program     static E:\Progetti\joystick5_24\Firmware\GameportToHID\gamepad.c
              __config_11   0x30000d    program     static E:\Progetti\joystick5_24\Firmware\GameportToHID\gamepad.c
                  __tmp_0   0x000000       data     static E:\Progetti\joystick5_24\Firmware\GameportToHID\Microchip\Usb\usb_device.c
                  __tmp_0   0x000000       data     static E:\Progetti\joystick5_24\Firmware\GameportToHID\gamepad.c
                     SIGN   0x000003       data     extern E:\c18v3.46\pic18-lt\cxx-framework\src\traditional\math\cmath18.asm
                __FPFLAGS   0x000004       data     extern E:\c18v3.46\pic18-lt\cxx-framework\src\traditional\math\cmath18.asm
            __FPFLAGSbits   0x000004       data     extern E:\c18v3.46\pic18-lt\cxx-framework\src\traditional\math\cmath18.asm
           USBDeviceState   0x000060       data     extern E:\Progetti\joystick5_24\Firmware\GameportToHID\Microchip\Usb\usb_device.c
   USBActiveConfiguration   0x000061       data     extern E:\Progetti\joystick5_24\Firmware\GameportToHID\Microchip\Usb\usb_device.c
    USBAlternateInterface   0x000062       data     extern E:\Progetti\joystick5_24\Firmware\GameportToHID\Microchip\Usb\usb_device.c
   pBDTEntryEP0OutCurrent   0x000063       data     extern E:\Progetti\joystick5_24\Firmware\GameportToHID\Microchip\Usb\usb_device.c
      pBDTEntryEP0OutNext   0x000065       data     extern E:\Progetti\joystick5_24\Firmware\GameportToHID\Microchip\Usb\usb_device.c
             pBDTEntryOut   0x000067       data     extern E:\Progetti\joystick5_24\Firmware\GameportToHID\Microchip\Usb\usb_device.c
              pBDTEntryIn   0x00006b       data     extern E:\Progetti\joystick5_24\Firmware\GameportToHID\Microchip\Usb\usb_device.c
        shortPacketStatus   0x00006f       data     extern E:\Progetti\joystick5_24\Firmware\GameportToHID\Microchip\Usb\usb_device.c
     controlTransferState   0x000070       data     extern E:\Progetti\joystick5_24\Firmware\GameportToHID\Microchip\Usb\usb_device.c
                  inPipes   0x000071       data     extern E:\Progetti\joystick5_24\Firmware\GameportToHID\Microchip\Usb\usb_device.c
                 outPipes   0x000076       data     extern E:\Progetti\joystick5_24\Firmware\GameportToHID\Microchip\Usb\usb_device.c
                     pDst   0x00007d       data     extern E:\Progetti\joystick5_24\Firmware\GameportToHID\Microchip\Usb\usb_device.c
             RemoteWakeup   0x00007f       data     extern E:\Progetti\joystick5_24\Firmware\GameportToHID\Microchip\Usb\usb_device.c
                USTATcopy   0x000080       data     extern E:\Progetti\joystick5_24\Firmware\GameportToHID\Microchip\Usb\usb_device.c
       USBInMaxPacketSize   0x000081       data     extern E:\Progetti\joystick5_24\Firmware\GameportToHID\Microchip\Usb\usb_device.c
                USBInData   0x000083       data     extern E:\Progetti\joystick5_24\Firmware\GameportToHID\Microchip\Usb\usb_device.c
                  old_sw2   0x000085       data     extern E:\Progetti\joystick5_24\Firmware\GameportToHID\gamepad.c
                  old_sw3   0x000086       data     extern E:\Progetti\joystick5_24\Firmware\GameportToHID\gamepad.c
                   buffer   0x000087       data     extern E:\Progetti\joystick5_24\Firmware\GameportToHID\gamepad.c
         lastTransmission   0x00008f       data     extern E:\Progetti\joystick5_24\Firmware\GameportToHID\gamepad.c
             Keyboard_out   0x000091       data     extern E:\Progetti\joystick5_24\Firmware\GameportToHID\gamepad.c
              delay_count   0x000092       data     static E:\Progetti\joystick5_24\Firmware\GameportToHID\gamepad.c
                     prom   0x000094       data     static E:\c18v3.46\pic18-lt\cxx-framework\src\traditional\startup\c018i.c
                curr_byte   0x000097       data     static E:\c18v3.46\pic18-lt\cxx-framework\src\traditional\startup\c018i.c
[...]
                    TRISD   0x000f95       data     extern E:\c18v3.46\pic18-lt\cxx-framework\src\traditional\proc\p18f4550.asm
                TRISDbits   0x000f95       data     extern E:\c18v3.46\pic18-lt\cxx-framework\src\traditional\proc\p18f4550.asm
                     DDRE   0x000f96       data     extern E:\c18v3.46\pic18-lt\cxx-framework\src\traditional\proc\p18f4550.asm
                 DDREbits   0x000f96       data     extern E:\c18v3.46\pic18-lt\cxx-framework\src\traditional\proc\p18f4550.asm
                TRISEbits   0x000f96       data     extern E:\c18v3.46\pic18-lt\cxx-framework\src\traditional\proc\p18f4550.asm
                    TRISE   0x000f96       data     extern E:\c18v3.46\pic18-lt\cxx-framework\src\traditional\proc\p18f4550.asm
              OSCTUNEbits   0x000f9b       data     extern E:\c18v3.46\pic18-lt\cxx-framework\src\traditional\proc\p18f4550.asm
                  OSCTUNE   0x000f9b       data     extern E:\c18v3.46\pic18-lt\cxx-framework\src\traditional\proc\p18f4550.asm
                 PIE1bits   0x000f9d       data     extern E:\c18v3.46\pic18-lt\cxx-framework\src\traditional\proc\p18f4550.asm
                     PIE1   0x000f9d       data     extern E:\c18v3.46\pic18-lt\cxx-framework\src\traditional\proc\p18f4550.asm
                     PIR1   0x000f9e       data     extern E:\c18v3.46\pic18-lt\cxx-framework\src\traditional\proc\p18f4550.asm
                 PIR1bits   0x000f9e       data     extern E:\c18v3.46\pic18-lt\cxx-framework\src\traditional\proc\p18f4550.asm
                     IPR1   0x000f9f       data     extern E:\c18v3.46\pic18-lt\cxx-framework\src\traditional\proc\p18f4550.asm
                 IPR1bits   0x000f9f       data     extern E:\c18v3.46\pic18-lt\cxx-framework\src\traditional\proc\p18f4550.asm
                     PIE2   0x000fa0       data     extern E:\c18v3.46\pic18-lt\cxx-framework\src\traditional\proc\p18f4550.asm
                 PIE2bits   0x000fa0       data     extern E:\c18v3.46\pic18-lt\cxx-framework\src\traditional\proc\p18f4550.asm
                     PIR2   0x000fa1       data     extern E:\c18v3.46\pic18-lt\cxx-framework\src\traditional\proc\p18f4550.asm
                 PIR2bits   0x000fa1       data     extern E:\c18v3.46\pic18-lt\cxx-framework\src\traditional\proc\p18f4550.asm
                     IPR2   0x000fa2       data     extern E:\c18v3.46\pic18-lt\cxx-framework\src\traditional\proc\p18f4550.asm
                 IPR2bits   0x000fa2       data     extern E:\c18v3.46\pic18-lt\cxx-framework\src\traditional\proc\p18f4550.asm
                   EECON1   0x000fa6       data     extern E:\c18v3.46\pic18-lt\cxx-framework\src\traditional\proc\p18f4550.asm
               EECON1bits   0x000fa6       data     extern E:\c18v3.46\pic18-lt\cxx-framework\src\traditional\proc\p18f4550.asm
                   EECON2   0x000fa7       data     extern E:\c18v3.46\pic18-lt\cxx-framework\src\traditional\proc\p18f4550.asm
                   EEDATA   0x000fa8       data     extern E:\c18v3.46\pic18-lt\cxx-framework\src\traditional\proc\p18f4550.asm
                    EEADR   0x000fa9       data     extern E:\c18v3.46\pic18-lt\cxx-framework\src\traditional\proc\p18f4550.asm
                RCSTAbits   0x000fab       data     extern E:\c18v3.46\pic18-lt\cxx-framework\src\traditional\proc\p18f4550.asm
                    RCSTA   0x000fab       data     extern E:\c18v3.46\pic18-lt\cxx-framework\src\traditional\proc\p18f4550.asm
                TXSTAbits   0x000fac       data     extern E:\c18v3.46\pic18-lt\cxx-framework\src\traditional\proc\p18f4550.asm
                    TXSTA   0x000fac       data     extern E:\c18v3.46\pic18-lt\cxx-framework\src\traditional\proc\p18f4550.asm
                    TXREG   0x000fad       data     extern E:\c18v3.46\pic18-lt\cxx-framework\src\traditional\proc\p18f4550.asm
                    RCREG   0x000fae       data     extern E:\c18v3.46\pic18-lt\cxx-framework\src\traditional\proc\p18f4550.asm
                    SPBRG   0x000faf       data     extern E:\c18v3.46\pic18-lt\cxx-framework\src\traditional\proc\p18f4550.asm
                   SPBRGH   0x000fb0       data     extern E:\c18v3.46\pic18-lt\cxx-framework\src\traditional\proc\p18f4550.asm
                    T3CON   0x000fb1       data     extern E:\c18v3.46\pic18-lt\cxx-framework\src\traditional\proc\p18f4550.asm
                T3CONbits   0x000fb1       data     extern E:\c18v3.46\pic18-lt\cxx-framework\src\traditional\proc\p18f4550.asm
                    TMR3L   0x000fb2       data     extern E:\c18v3.46\pic18-lt\cxx-framework\src\traditional\proc\p18f4550.asm
                    TMR3H   0x000fb3       data     extern E:\c18v3.46\pic18-lt\cxx-framework\src\traditional\proc\p18f4550.asm
                    CMCON   0x000fb4       data     extern E:\c18v3.46\pic18-lt\cxx-framework\src\traditional\proc\p18f4550.asm
                CMCONbits   0x000fb4       data     extern E:\c18v3.46\pic18-lt\cxx-framework\src\traditional\proc\p18f4550.asm
                   CVRCON   0x000fb5       data     extern E:\c18v3.46\pic18-lt\cxx-framework\src\traditional\proc\p18f4550.asm
               CVRCONbits   0x000fb5       data     extern E:\c18v3.46\pic18-lt\cxx-framework\src\traditional\proc\p18f4550.asm
              ECCP1ASbits   0x000fb6       data     extern E:\c18v3.46\pic18-lt\cxx-framework\src\traditional\proc\p18f4550.asm
                  ECCP1AS   0x000fb6       data     extern E:\c18v3.46\pic18-lt\cxx-framework\src\traditional\proc\p18f4550.asm
               CCP1ASbits   0x000fb6       data     extern E:\c18v3.46\pic18-lt\cxx-framework\src\traditional\proc\p18f4550.asm
                   CCP1AS   0x000fb6       data     extern E:\c18v3.46\pic18-lt\cxx-framework\src\traditional\proc\p18f4550.asm
                  CCP1DEL   0x000fb7       data     extern E:\c18v3.46\pic18-lt\cxx-framework\src\traditional\proc\p18f4550.asm
             ECCP1DELbits   0x000fb7       data     extern E:\c18v3.46\pic18-lt\cxx-framework\src\traditional\proc\p18f4550.asm
              CCP1DELbits   0x000fb7       data     extern E:\c18v3.46\pic18-lt\cxx-framework\src\traditional\proc\p18f4550.asm
                 ECCP1DEL   0x000fb7       data     extern E:\c18v3.46\pic18-lt\cxx-framework\src\traditional\proc\p18f4550.asm
              BAUDCTLbits   0x000fb8       data     extern E:\c18v3.46\pic18-lt\cxx-framework\src\traditional\proc\p18f4550.asm
                  BAUDCTL   0x000fb8       data     extern E:\c18v3.46\pic18-lt\cxx-framework\src\traditional\proc\p18f4550.asm
              BAUDCONbits   0x000fb8       data     extern E:\c18v3.46\pic18-lt\cxx-framework\src\traditional\proc\p18f4550.asm
                  BAUDCON   0x000fb8       data     extern E:\c18v3.46\pic18-lt\cxx-framework\src\traditional\proc\p18f4550.asm
              CCP2CONbits   0x000fba       data     extern E:\c18v3.46\pic18-lt\cxx-framework\src\traditional\proc\p18f4550.asm
                  CCP2CON   0x000fba       data     extern E:\c18v3.46\pic18-lt\cxx-framework\src\traditional\proc\p18f4550.asm
                    CCPR2   0x000fbb       data     extern E:\c18v3.46\pic18-lt\cxx-framework\src\traditional\proc\p18f4550.asm
                   CCPR2L   0x000fbb       data     extern E:\c18v3.46\pic18-lt\cxx-framework\src\traditional\proc\p18f4550.asm
                   CCPR2H   0x000fbc       data     extern E:\c18v3.46\pic18-lt\cxx-framework\src\traditional\proc\p18f4550.asm
             ECCP1CONbits   0x000fbd       data     extern E:\c18v3.46\pic18-lt\cxx-framework\src\traditional\proc\p18f4550.asm
                 ECCP1CON   0x000fbd       data     extern E:\c18v3.46\pic18-lt\cxx-framework\src\traditional\proc\p18f4550.asm
                  CCP1CON   0x000fbd       data     extern E:\c18v3.46\pic18-lt\cxx-framework\src\traditional\proc\p18f4550.asm
              CCP1CONbits   0x000fbd       data     extern E:\c18v3.46\pic18-lt\cxx-framework\src\traditional\proc\p18f4550.asm
                   CCPR1L   0x000fbe       data     extern E:\c18v3.46\pic18-lt\cxx-framework\src\traditional\proc\p18f4550.asm
                    CCPR1   0x000fbe       data     extern E:\c18v3.46\pic18-lt\cxx-framework\src\traditional\proc\p18f4550.asm
                   CCPR1H   0x000fbf       data     extern E:\c18v3.46\pic18-lt\cxx-framework\src\traditional\proc\p18f4550.asm
               ADCON2bits   0x000fc0       data     extern E:\c18v3.46\pic18-lt\cxx-framework\src\traditional\proc\p18f4550.asm
                   ADCON2   0x000fc0       data     extern E:\c18v3.46\pic18-lt\cxx-framework\src\traditional\proc\p18f4550.asm
               ADCON1bits   0x000fc1       data     extern E:\c18v3.46\pic18-lt\cxx-framework\src\traditional\proc\p18f4550.asm
                   ADCON1   0x000fc1       data     extern E:\c18v3.46\pic18-lt\cxx-framework\src\traditional\proc\p18f4550.asm
               ADCON0bits   0x000fc2       data     extern E:\c18v3.46\pic18-lt\cxx-framework\src\traditional\proc\p18f4550.asm
                   ADCON0   0x000fc2       data     extern E:\c18v3.46\pic18-lt\cxx-framework\src\traditional\proc\p18f4550.asm
                   ADRESL   0x000fc3       data     extern E:\c18v3.46\pic18-lt\cxx-framework\src\traditional\proc\p18f4550.asm
                    ADRES   0x000fc3       data     extern E:\c18v3.46\pic18-lt\cxx-framework\src\traditional\proc\p18f4550.asm
                   ADRESH   0x000fc4       data     extern E:\c18v3.46\pic18-lt\cxx-framework\src\traditional\proc\p18f4550.asm
                  SSPCON2   0x000fc5       data     extern E:\c18v3.46\pic18-lt\cxx-framework\src\traditional\proc\p18f4550.asm
              SSPCON2bits   0x000fc5       data     extern E:\c18v3.46\pic18-lt\cxx-framework\src\traditional\proc\p18f4550.asm
                  SSPCON1   0x000fc6       data     extern E:\c18v3.46\pic18-lt\cxx-framework\src\traditional\proc\p18f4550.asm
              SSPCON1bits   0x000fc6       data     extern E:\c18v3.46\pic18-lt\cxx-framework\src\traditional\proc\p18f4550.asm
                  SSPSTAT   0x000fc7       data     extern E:\c18v3.46\pic18-lt\cxx-framework\src\traditional\proc\p18f4550.asm
              SSPSTATbits   0x000fc7       data     extern E:\c18v3.46\pic18-lt\cxx-framework\src\traditional\proc\p18f4550.asm
                   SSPADD   0x000fc8       data     extern E:\c18v3.46\pic18-lt\cxx-framework\src\traditional\proc\p18f4550.asm
                   SSPBUF   0x000fc9       data     extern E:\c18v3.46\pic18-lt\cxx-framework\src\traditional\proc\p18f4550.asm
                    T2CON   0x000fca       data     extern E:\c18v3.46\pic18-lt\cxx-framework\src\traditional\proc\p18f4550.asm
                T2CONbits   0x000fca       data     extern E:\c18v3.46\pic18-lt\cxx-framework\src\traditional\proc\p18f4550.asm
                      PR2   0x000fcb       data     extern E:\c18v3.46\pic18-lt\cxx-framework\src\traditional\proc\p18f4550.asm
                     TMR2   0x000fcc       data     extern E:\c18v3.46\pic18-lt\cxx-framework\src\traditional\proc\p18f4550.asm
                    T1CON   0x000fcd       data     extern E:\c18v3.46\pic18-lt\cxx-framework\src\traditional\proc\p18f4550.asm
                T1CONbits   0x000fcd       data     extern E:\c18v3.46\pic18-lt\cxx-framework\src\traditional\proc\p18f4550.asm
                    TMR1L   0x000fce       data     extern E:\c18v3.46\pic18-lt\cxx-framework\src\traditional\proc\p18f4550.asm
                    TMR1H   0x000fcf       data     extern E:\c18v3.46\pic18-lt\cxx-framework\src\traditional\proc\p18f4550.asm
                 RCONbits   0x000fd0       data     extern E:\c18v3.46\pic18-lt\cxx-framework\src\traditional\proc\p18f4550.asm
                     RCON   0x000fd0       data     extern E:\c18v3.46\pic18-lt\cxx-framework\src\traditional\proc\p18f4550.asm
                   WDTCON   0x000fd1       data     extern E:\c18v3.46\pic18-lt\cxx-framework\src\traditional\proc\p18f4550.asm
               WDTCONbits   0x000fd1       data     extern E:\c18v3.46\pic18-lt\cxx-framework\src\traditional\proc\p18f4550.asm
                  HLVDCON   0x000fd2       data     extern E:\c18v3.46\pic18-lt\cxx-framework\src\traditional\proc\p18f4550.asm
              HLVDCONbits   0x000fd2       data     extern E:\c18v3.46\pic18-lt\cxx-framework\src\traditional\proc\p18f4550.asm
               LVDCONbits   0x000fd2       data     extern E:\c18v3.46\pic18-lt\cxx-framework\src\traditional\proc\p18f4550.asm
                   LVDCON   0x000fd2       data     extern E:\c18v3.46\pic18-lt\cxx-framework\src\traditional\proc\p18f4550.asm
               OSCCONbits   0x000fd3       data     extern E:\c18v3.46\pic18-lt\cxx-framework\src\traditional\proc\p18f4550.asm
                   OSCCON   0x000fd3       data     extern E:\c18v3.46\pic18-lt\cxx-framework\src\traditional\proc\p18f4550.asm
                T0CONbits   0x000fd5       data     extern E:\c18v3.46\pic18-lt\cxx-framework\src\traditional\proc\p18f4550.asm
                    T0CON   0x000fd5       data     extern E:\c18v3.46\pic18-lt\cxx-framework\src\traditional\proc\p18f4550.asm
                    TMR0L   0x000fd6       data     extern E:\c18v3.46\pic18-lt\cxx-framework\src\traditional\proc\p18f4550.asm
                    TMR0H   0x000fd7       data     extern E:\c18v3.46\pic18-lt\cxx-framework\src\traditional\proc\p18f4550.asm
               STATUSbits   0x000fd8       data     extern E:\c18v3.46\pic18-lt\cxx-framework\src\traditional\proc\p18f4550.asm
                   STATUS   0x000fd8       data     extern E:\c18v3.46\pic18-lt\cxx-framework\src\traditional\proc\p18f4550.asm
                     FSR2   0x000fd9       data     extern E:\c18v3.46\pic18-lt\cxx-framework\src\traditional\proc\p18f4550.asm
                    FSR2L   0x000fd9       data     extern E:\c18v3.46\pic18-lt\cxx-framework\src\traditional\proc\p18f4550.asm
                    FSR2H   0x000fda       data     extern E:\c18v3.46\pic18-lt\cxx-framework\src\traditional\proc\p18f4550.asm
                   PLUSW2   0x000fdb       data     extern E:\c18v3.46\pic18-lt\cxx-framework\src\traditional\proc\p18f4550.asm
                  PREINC2   0x000fdc       data     extern E:\c18v3.46\pic18-lt\cxx-framework\src\traditional\proc\p18f4550.asm
                 POSTDEC2   0x000fdd       data     extern E:\c18v3.46\pic18-lt\cxx-framework\src\traditional\proc\p18f4550.asm
                 POSTINC2   0x000fde       data     extern E:\c18v3.46\pic18-lt\cxx-framework\src\traditional\proc\p18f4550.asm
                    INDF2   0x000fdf       data     extern E:\c18v3.46\pic18-lt\cxx-framework\src\traditional\proc\p18f4550.asm
                      BSR   0x000fe0       data     extern E:\c18v3.46\pic18-lt\cxx-framework\src\traditional\proc\p18f4550.asm
                    FSR1L   0x000fe1       data     extern E:\c18v3.46\pic18-lt\cxx-framework\src\traditional\proc\p18f4550.asm
                     FSR1   0x000fe1       data     extern E:\c18v3.46\pic18-lt\cxx-framework\src\traditional\proc\p18f4550.asm
                    FSR1H   0x000fe2       data     extern E:\c18v3.46\pic18-lt\cxx-framework\src\traditional\proc\p18f4550.asm
                   PLUSW1   0x000fe3       data     extern E:\c18v3.46\pic18-lt\cxx-framework\src\traditional\proc\p18f4550.asm
                  PREINC1   0x000fe4       data     extern E:\c18v3.46\pic18-lt\cxx-framework\src\traditional\proc\p18f4550.asm
                 POSTDEC1   0x000fe5       data     extern E:\c18v3.46\pic18-lt\cxx-framework\src\traditional\proc\p18f4550.asm
                 POSTINC1   0x000fe6       data     extern E:\c18v3.46\pic18-lt\cxx-framework\src\traditional\proc\p18f4550.asm
                    INDF1   0x000fe7       data     extern E:\c18v3.46\pic18-lt\cxx-framework\src\traditional\proc\p18f4550.asm
                     WREG   0x000fe8       data     extern E:\c18v3.46\pic18-lt\cxx-framework\src\traditional\proc\p18f4550.asm
                     FSR0   0x000fe9       data     extern E:\c18v3.46\pic18-lt\cxx-framework\src\traditional\proc\p18f4550.asm
                    FSR0L   0x000fe9       data     extern E:\c18v3.46\pic18-lt\cxx-framework\src\traditional\proc\p18f4550.asm
                    FSR0H   0x000fea       data     extern E:\c18v3.46\pic18-lt\cxx-framework\src\traditional\proc\p18f4550.asm
                   PLUSW0   0x000feb       data     extern E:\c18v3.46\pic18-lt\cxx-framework\src\traditional\proc\p18f4550.asm
                  PREINC0   0x000fec       data     extern E:\c18v3.46\pic18-lt\cxx-framework\src\traditional\proc\p18f4550.asm
                 POSTDEC0   0x000fed       data     extern E:\c18v3.46\pic18-lt\cxx-framework\src\traditional\proc\p18f4550.asm
                 POSTINC0   0x000fee       data     extern E:\c18v3.46\pic18-lt\cxx-framework\src\traditional\proc\p18f4550.asm
                    INDF0   0x000fef       data     extern E:\c18v3.46\pic18-lt\cxx-framework\src\traditional\proc\p18f4550.asm
              INTCON3bits   0x000ff0       data     extern E:\c18v3.46\pic18-lt\cxx-framework\src\traditional\proc\p18f4550.asm
                  INTCON3   0x000ff0       data     extern E:\c18v3.46\pic18-lt\cxx-framework\src\traditional\proc\p18f4550.asm
                  INTCON2   0x000ff1       data     extern E:\c18v3.46\pic18-lt\cxx-framework\src\traditional\proc\p18f4550.asm
              INTCON2bits   0x000ff1       data     extern E:\c18v3.46\pic18-lt\cxx-framework\src\traditional\proc\p18f4550.asm
               INTCONbits   0x000ff2       data     extern E:\c18v3.46\pic18-lt\cxx-framework\src\traditional\proc\p18f4550.asm
                   INTCON   0x000ff2       data     extern E:\c18v3.46\pic18-lt\cxx-framework\src\traditional\proc\p18f4550.asm
                     PROD   0x000ff3       data     extern E:\c18v3.46\pic18-lt\cxx-framework\src\traditional\proc\p18f4550.asm
                    PRODL   0x000ff3       data     extern E:\c18v3.46\pic18-lt\cxx-framework\src\traditional\proc\p18f4550.asm
                    PRODH   0x000ff4       data     extern E:\c18v3.46\pic18-lt\cxx-framework\src\traditional\proc\p18f4550.asm
                   TABLAT   0x000ff5       data     extern E:\c18v3.46\pic18-lt\cxx-framework\src\traditional\proc\p18f4550.asm
                   TBLPTR   0x000ff6       data     extern E:\c18v3.46\pic18-lt\cxx-framework\src\traditional\proc\p18f4550.asm
                  TBLPTRL   0x000ff6       data     extern E:\c18v3.46\pic18-lt\cxx-framework\src\traditional\proc\p18f4550.asm
                  TBLPTRH   0x000ff7       data     extern E:\c18v3.46\pic18-lt\cxx-framework\src\traditional\proc\p18f4550.asm
                  TBLPTRU   0x000ff8       data     extern E:\c18v3.46\pic18-lt\cxx-framework\src\traditional\proc\p18f4550.asm
                       PC   0x000ff9       data     extern E:\c18v3.46\pic18-lt\cxx-framework\src\traditional\proc\p18f4550.asm
                      PCL   0x000ff9       data     extern E:\c18v3.46\pic18-lt\cxx-framework\src\traditional\proc\p18f4550.asm
                   PCLATH   0x000ffa       data     extern E:\c18v3.46\pic18-lt\cxx-framework\src\traditional\proc\p18f4550.asm
                   PCLATU   0x000ffb       data     extern E:\c18v3.46\pic18-lt\cxx-framework\src\traditional\proc\p18f4550.asm
               STKPTRbits   0x000ffc       data     extern E:\c18v3.46\pic18-lt\cxx-framework\src\traditional\proc\p18f4550.asm
                   STKPTR   0x000ffc       data     extern E:\c18v3.46\pic18-lt\cxx-framework\src\traditional\proc\p18f4550.asm
                      TOS   0x000ffd       data     extern E:\c18v3.46\pic18-lt\cxx-framework\src\traditional\proc\p18f4550.asm
                     TOSL   0x000ffd       data     extern E:\c18v3.46\pic18-lt\cxx-framework\src\traditional\proc\p18f4550.asm
                     TOSH   0x000ffe       data     extern E:\c18v3.46\pic18-lt\cxx-framework\src\traditional\proc\p18f4550.asm
                     TOSU   0x000fff       data     extern E:\c18v3.46\pic18-lt\cxx-framework\src\traditional\proc\p18f4550.asm


